data/sample_grocery_data.csv
date,store,store_id,category,sku,units_sold,price,unit_cost,revenue,cost,promotion,stockout,day_of_week,is_weekend
2025-10-01,Deira Depot,DEI,Snacks,Chips Salted 150g,71,3.5,1.93,248.5,136.68,False,False,2,False
2025-10-02,Deira Depot,DEI,Snacks,Chips Salted 150g,83,3.5,1.93,290.5,159.78,False,False,3,False
2025-10-03,Deira Depot,DEI,Snacks,Chips Salted 150g,61,3.5,1.93,213.5,117.43,False,False,4,False
2025-10-04,Deira Depot,DEI,Snacks,Chips Salted 150g,138,2.8,1.93,386.4,265.65,True,False,5,True
2025-10-05,Deira Depot,DEI,Snacks,Chips Salted 150g,45,3.5,1.93,157.5,86.63,False,False,6,True
2025-10-06,Deira Depot,DEI,Snacks,Chips Salted 150g,95,2.8,1.93,266.0,182.88,True,False,0,False
2025-10-07,Deira Depot,DEI,Snacks,Chips Salted 150g,71,2.8,1.93,198.8,136.68,True,False,1,False
2025-10-08,Deira Depot,DEI,Snacks,Chips Salted 150g,74,3.5,1.93,259.0,142.45,False,False,2,False
2025-10-09,Deira Depot,DEI,Snacks,Chips Salted 150g,84,2.8,1.93,235.2,161.7,True,False,3,False
2025-10-10,Deira Depot,DEI,Snacks,Chips Salted 150g,64,3.5,1.93,224.0,123.2,False,False,4,False
2025-10-11,Deira Depot,DEI,Snacks,Chips Salted 150g,83,3.5,1.93,290.5,159.78,False,False,5,True
2025-10-12,Deira Depot,DEI,Snacks,Chips Salted 150g,55,3.5,1.93,192.5,105.88,False,False,6,True
2025-10-13,Deira Depot,DEI,Snacks,Chips Salted 150g,34,3.5,1.93,119.0,65.45,False,False,0,False
2025-10-14,Deira Depot,DEI,Snacks,Chips Salted 150g,76,3.5,1.93,266.0,146.3,False,False,1,False
2025-10-15,Deira Depot,DEI,Snacks,Chips Salted 150g,70,3.5,1.93,245.0,134.75,False,False,2,False
2025-10-16,Deira Depot,DEI,Snacks,Chips Salted 150g,65,3.5,1.93,227.5,125.13,False,False,3,False
2025-10-17,Deira Depot,DEI,Snacks,Chips Salted 150g,46,3.5,1.93,161.0,88.55,False,False,4,False
2025-10-18,Deira Depot,DEI,Snacks,Chips Salted 150g,103,3.5,1.93,360.5,198.28,False,False,5,True
2025-10-19,Deira Depot,DEI,Snacks,Chips Salted 150g,75,3.5,1.93,262.5,144.38,False,False,6,True
2025-10-20,Deira Depot,DEI,Snacks,Chips Salted 150g,100,2.8,1.93,280.0,192.5,True,False,0,False
2025-10-21,Deira Depot,DEI,Snacks,Chips Salted 150g,70,3.5,1.93,245.0,134.75,False,False,1,False
2025-10-22,Deira Depot,DEI,Snacks,Chips Salted 150g,108,2.8,1.93,302.4,207.9,True,False,2,False
2025-10-23,Deira Depot,DEI,Snacks,Chips Salted 150g,82,3.5,1.93,287.0,157.85,False,False,3,False
2025-10-24,Deira Depot,DEI,Snacks,Chips Salted 150g,95,3.5,1.93,332.5,182.88,False,False,4,False
2025-10-25,Deira Depot,DEI,Snacks,Chips Salted 150g,193,2.8,1.93,540.4,371.53,True,False,5,True
2025-10-26,Deira Depot,DEI,Snacks,Chips Salted 150g,55,3.5,1.93,192.5,105.88,False,False,6,True
2025-10-27,Deira Depot,DEI,Snacks,Chips Salted 150g,72,3.5,1.93,252.0,138.6,False,False,0,False
2025-10-28,Deira Depot,DEI,Snacks,Chips Salted 150g,82,3.5,1.93,287.0,157.85,False,False,1,False
2025-10-29,Deira Depot,DEI,Snacks,Chips Salted 150g,63,3.5,1.93,220.5,121.28,False,False,2,False
2025-10-30,Deira Depot,DEI,Snacks,Chips Salted 150g,84,3.5,1.93,294.0,161.7,False,False,3,False
2025-10-31,Deira Depot,DEI,Snacks,Chips Salted 150g,72,3.5,1.93,252.0,138.6,False,False,4,False
2025-11-01,Deira Depot,DEI,Snacks,Chips Salted 150g,89,3.5,1.93,311.5,171.33,False,False,5,True
2025-11-02,Deira Depot,DEI,Snacks,Chips Salted 150g,71,3.5,1.93,248.5,136.68,False,False,6,True
2025-11-03,Deira Depot,DEI,Snacks,Chips Salted 150g,46,3.5,1.93,161.0,88.55,False,False,0,False
2025-11-04,Deira Depot,DEI,Snacks,Chips Salted 150g,58,3.5,1.93,203.0,111.65,False,True,1,False
2025-11-05,Deira Depot,DEI,Snacks,Chips Salted 150g,56,3.5,1.93,196.0,107.8,False,False,2,False
2025-11-06,Deira Depot,DEI,Snacks,Chips Salted 150g,102,2.8,1.93,285.6,196.35,True,False,3,False
2025-11-07,Deira Depot,DEI,Snacks,Chips Salted 150g,134,2.8,1.93,375.2,257.95,True,False,4,False
2025-11-08,Deira Depot,DEI,Snacks,Chips Salted 150g,87,3.5,1.93,304.5,167.48,False,False,5,True
2025-11-09,Deira Depot,DEI,Snacks,Chips Salted 150g,34,3.5,1.93,119.0,65.45,False,False,6,True
2025-11-10,Deira Depot,DEI,Snacks,Chips Salted 150g,73,3.5,1.93,255.5,140.53,False,False,0,False
2025-11-11,Deira Depot,DEI,Snacks,Chips Salted 150g,73,3.5,1.93,255.5,140.53,False,False,1,False
2025-11-12,Deira Depot,DEI,Snacks,Chips Salted 150g,52,3.5,1.93,182.0,100.1,False,False,2,False
2025-11-13,Deira Depot,DEI,Snacks,Chips Salted 150g,80,3.5,1.93,280.0,154.0,False,False,3,False
2025-11-14,Deira Depot,DEI,Snacks,Chips Salted 150g,106,3.5,1.93,371.0,204.05,False,False,4,False
2025-11-15,Deira Depot,DEI,Snacks,Chips Salted 150g,100,3.5,1.93,350.0,192.5,False,False,5,True
2025-11-16,Deira Depot,DEI,Snacks,Chips Salted 150g,112,3.5,1.93,392.0,215.6,False,False,6,True
2025-11-17,Deira Depot,DEI,Snacks,Chips Salted 150g,75,3.5,1.93,262.5,144.38,False,False,0,False
2025-11-18,Deira Depot,DEI,Snacks,Chips Salted 150g,34,3.5,1.93,119.0,65.45,False,False,1,False
2025-11-19,Deira Depot,DEI,Snacks,Chips Salted 150g,49,3.5,1.93,171.5,94.33,False,False,2,False
2025-11-20,Deira Depot,DEI,Snacks,Chips Salted 150g,93,3.5,1.93,325.5,179.03,False,False,3,False
2025-11-21,Deira Depot,DEI,Snacks,Chips Salted 150g,46,3.5,1.93,161.0,88.55,False,False,4,False
2025-11-22,Deira Depot,DEI,Snacks,Chips Salted 150g,58,3.5,1.93,203.0,111.65,False,False,5,True
2025-11-23,Deira Depot,DEI,Snacks,Chips Salted 150g,80,3.5,1.93,280.0,154.0,False,False,6,True
2025-11-24,Deira Depot,DEI,Snacks,Chips Salted 150g,65,3.5,1.93,227.5,125.13,False,False,0,False
2025-11-25,Deira Depot,DEI,Snacks,Chips Salted 150g,65,3.5,1.93,227.5,125.13,False,False,1,False
2025-11-26,Deira Depot,DEI,Snacks,Chips Salted 150g,58,3.5,1.93,203.0,111.65,False,False,2,False
2025-11-27,Deira Depot,DEI,Snacks,Chips Salted 150g,93,3.5,1.93,325.5,179.03,False,False,3,False
2025-11-28,Deira Depot,DEI,Snacks,Chips Salted 150g,89,3.5,1.93,311.5,171.33,False,False,4,False
2025-11-29,Deira Depot,DEI,Snacks,Chips Salted 150g,104,2.8,1.93,291.2,200.2,True,False,5,True
2025-11-30,Deira Depot,DEI,Snacks,Chips Salted 150g,96,3.5,1.93,336.0,184.8,False,False,6,True
2025-12-01,Deira Depot,DEI,Snacks,Chips Salted 150g,157,2.8,1.93,439.6,302.23,True,True,0,False
2025-12-02,Deira Depot,DEI,Snacks,Chips Salted 150g,91,2.8,1.93,254.8,175.18,True,False,1,False
2025-12-03,Deira Depot,DEI,Snacks,Chips Salted 150g,61,3.5,1.93,213.5,117.43,False,False,2,False
2025-12-04,Deira Depot,DEI,Snacks,Chips Salted 150g,67,3.5,1.93,234.5,128.98,False,False,3,False
2025-12-05,Deira Depot,DEI,Snacks,Chips Salted 150g,99,2.8,1.93,277.2,190.58,True,False,4,False
2025-12-06,Deira Depot,DEI,Snacks,Chips Salted 150g,56,3.5,1.93,196.0,107.8,False,False,5,True
2025-12-07,Deira Depot,DEI,Snacks,Chips Salted 150g,111,3.5,1.93,388.5,213.68,False,False,6,True
2025-12-08,Deira Depot,DEI,Snacks,Chips Salted 150g,128,2.8,1.93,358.4,246.4,True,False,0,False
2025-12-09,Deira Depot,DEI,Snacks,Chips Salted 150g,65,3.5,1.93,227.5,125.13,False,False,1,False
2025-12-10,Deira Depot,DEI,Snacks,Chips Salted 150g,55,3.5,1.93,192.5,105.88,False,False,2,False
2025-12-11,Deira Depot,DEI,Snacks,Chips Salted 150g,81,3.5,1.93,283.5,155.93,False,False,3,False
2025-12-12,Deira Depot,DEI,Snacks,Chips Salted 150g,91,2.8,1.93,254.8,175.18,True,False,4,False
2025-12-13,Deira Depot,DEI,Snacks,Chips Salted 150g,57,3.5,1.93,199.5,109.73,False,False,5,True
2025-12-14,Deira Depot,DEI,Snacks,Chips Salted 150g,71,3.5,1.93,248.5,136.68,False,False,6,True
2025-12-15,Deira Depot,DEI,Snacks,Chips Salted 150g,33,3.5,1.93,115.5,63.53,False,False,0,False
2025-12-16,Deira Depot,DEI,Snacks,Chips Salted 150g,78,3.5,1.93,273.0,150.15,False,False,1,False
2025-12-17,Deira Depot,DEI,Snacks,Chips Salted 150g,62,3.5,1.93,217.0,119.35,False,False,2,False
2025-12-18,Deira Depot,DEI,Snacks,Chips Salted 150g,121,2.8,1.93,338.8,232.93,True,False,3,False
2025-12-19,Deira Depot,DEI,Snacks,Chips Salted 150g,50,3.5,1.93,175.0,96.25,False,False,4,False
2025-12-20,Deira Depot,DEI,Snacks,Chips Salted 150g,60,3.5,1.93,210.0,115.5,False,False,5,True
2025-12-21,Deira Depot,DEI,Snacks,Chips Salted 150g,106,3.5,1.93,371.0,204.05,False,False,6,True
2025-12-22,Deira Depot,DEI,Snacks,Chips Salted 150g,80,3.5,1.93,280.0,154.0,False,False,0,False
2025-12-23,Deira Depot,DEI,Snacks,Chips Salted 150g,49,3.5,1.93,171.5,94.33,False,False,1,False
2025-12-24,Deira Depot,DEI,Snacks,Chips Salted 150g,80,3.5,1.93,280.0,154.0,False,False,2,False
2025-12-25,Deira Depot,DEI,Snacks,Chips Salted 150g,49,3.5,1.93,171.5,94.33,False,False,3,False
2025-12-26,Deira Depot,DEI,Snacks,Chips Salted 150g,90,3.5,1.93,315.0,173.25,False,False,4,False
2025-12-27,Deira Depot,DEI,Snacks,Chips Salted 150g,60,3.5,1.93,210.0,115.5,False,False,5,True
2025-12-28,Deira Depot,DEI,Snacks,Chips Salted 150g,78,3.5,1.93,273.0,150.15,False,False,6,True
2025-12-29,Deira Depot,DEI,Snacks,Chips Salted 150g,56,3.5,1.93,196.0,107.8,False,True,0,False
2025-12-30,Deira Depot,DEI,Snacks,Chips Salted 150g,114,2.8,1.93,319.2,219.45,True,False,1,False
2025-12-31,Deira Depot,DEI,Snacks,Chips Salted 150g,77,2.8,1.93,215.6,148.23,True,False,2,False
2026-01-01,Deira Depot,DEI,Snacks,Chips Salted 150g,100,2.8,1.93,280.0,192.5,True,False,3,False
2026-01-02,Deira Depot,DEI,Snacks,Chips Salted 150g,60,3.5,1.93,210.0,115.5,False,False,4,False
2026-01-03,Deira Depot,DEI,Snacks,Chips Salted 150g,64,3.5,1.93,224.0,123.2,False,False,5,True
2026-01-04,Deira Depot,DEI,Snacks,Chips Salted 150g,48,3.5,1.93,168.0,92.4,False,False,6,True
2026-01-05,Deira Depot,DEI,Snacks,Chips Salted 150g,54,3.5,1.93,189.0,103.95,False,False,0,False
2026-01-06,Deira Depot,DEI,Snacks,Chips Salted 150g,75,3.5,1.93,262.5,144.38,False,False,1,False
2026-01-07,Deira Depot,DEI,Snacks,Chips Salted 150g,77,3.5,1.93,269.5,148.23,False,False,2,False
2026-01-08,Deira Depot,DEI,Snacks,Chips Salted 150g,46,3.5,1.93,161.0,88.55,False,False,3,False
2026-01-09,Deira Depot,DEI,Snacks,Chips Salted 150g,105,3.5,1.93,367.5,202.13,False,False,4,False
2026-01-10,Deira Depot,DEI,Snacks,Chips Salted 150g,44,3.5,1.93,154.0,84.7,False,False,5,True
2026-01-11,Deira Depot,DEI,Snacks,Chips Salted 150g,89,3.5,1.93,311.5,171.33,False,False,6,True
2026-01-12,Deira Depot,DEI,Snacks,Chips Salted 150g,69,3.5,1.93,241.5,132.83,False,False,0,False
2026-01-13,Deira Depot,DEI,Snacks,Chips Salted 150g,68,3.5,1.93,238.0,130.9,False,False,1,False
2026-01-14,Deira Depot,DEI,Snacks,Chips Salted 150g,50,3.5,1.93,175.0,96.25,False,False,2,False
2026-01-15,Deira Depot,DEI,Snacks,Chips Salted 150g,82,3.5,1.93,287.0,157.85,False,False,3,False
2026-01-16,Deira Depot,DEI,Snacks,Chips Salted 150g,54,3.5,1.93,189.0,103.95,False,False,4,False
2026-01-17,Deira Depot,DEI,Snacks,Chips Salted 150g,120,3.5,1.93,420.0,231.0,False,False,5,True
2026-01-18,Deira Depot,DEI,Snacks,Chips Salted 150g,75,3.5,1.93,262.5,144.38,False,False,6,True
2026-01-19,Deira Depot,DEI,Snacks,Chips Salted 150g,79,3.5,1.93,276.5,152.08,False,False,0,False
2026-01-20,Deira Depot,DEI,Snacks,Chips Salted 150g,38,3.5,1.93,133.0,73.15,False,False,1,False
2026-01-21,Deira Depot,DEI,Snacks,Chips Salted 150g,104,3.5,1.93,364.0,200.2,False,False,2,False
2026-01-22,Deira Depot,DEI,Snacks,Chips Salted 150g,72,3.5,1.93,252.0,138.6,False,False,3,False
2026-01-23,Deira Depot,DEI,Snacks,Chips Salted 150g,56,3.5,1.93,196.0,107.8,False,False,4,False
2026-01-24,Deira Depot,DEI,Snacks,Chips Salted 150g,84,3.5,1.93,294.0,161.7,False,False,5,True
2026-01-25,Deira Depot,DEI,Snacks,Chips Salted 150g,81,3.5,1.93,283.5,155.93,False,False,6,True
2026-01-26,Deira Depot,DEI,Snacks,Chips Salted 150g,56,3.5,1.93,196.0,107.8,False,False,0,False
2026-01-27,Deira Depot,DEI,Snacks,Chips Salted 150g,45,3.5,1.93,157.5,86.63,False,False,1,False
2026-01-28,Deira Depot,DEI,Snacks,Chips Salted 150g,46,3.5,1.93,161.0,88.55,False,False,2,False
2026-01-29,Deira Depot,DEI,Snacks,Chips Salted 150g,116,2.8,1.93,324.8,223.3,True,False,3,False
2026-01-30,Deira Depot,DEI,Snacks,Chips Salted 150g,78,3.5,1.93,273.0,150.15,False,False,4,False
2026-01-31,Deira Depot,DEI,Snacks,Chips Salted 150g,86,3.5,1.93,301.0,165.55,False,False,5,True
2026-02-01,Deira Depot,DEI,Snacks,Chips Salted 150g,105,2.8,1.93,294.0,202.13,True,False,6,True
2026-02-02,Deira Depot,DEI,Snacks,Chips Salted 150g,49,3.5,1.93,171.5,94.33,False,False,0,False
2026-02-03,Deira Depot,DEI,Snacks,Chips Salted 150g,56,3.5,1.93,196.0,107.8,False,False,1,False
2026-02-04,Deira Depot,DEI,Snacks,Chips Salted 150g,68,3.5,1.93,238.0,130.9,False,False,2,False
2026-02-05,Deira Depot,DEI,Snacks,Chips Salted 150g,76,3.5,1.93,266.0,146.3,False,False,3,False
2026-02-06,Deira Depot,DEI,Snacks,Chips Salted 150g,66,3.5,1.93,231.0,127.05,False,False,4,False
2026-02-07,Deira Depot,DEI,Snacks,Chips Salted 150g,106,3.5,1.93,371.0,204.05,False,False,5,True
2026-02-08,Deira Depot,DEI,Snacks,Chips Salted 150g,116,3.5,1.93,406.0,223.3,False,False,6,True
2026-02-09,Deira Depot,DEI,Snacks,Chips Salted 150g,45,3.5,1.93,157.5,86.63,False,False,0,False
2026-02-10,Deira Depot,DEI,Snacks,Chips Salted 150g,81,3.5,1.93,283.5,155.93,False,False,1,False
2026-02-11,Deira Depot,DEI,Snacks,Chips Salted 150g,60,3.5,1.93,210.0,115.5,False,False,2,False
2026-02-12,Deira Depot,DEI,Snacks,Chips Salted 150g,81,3.5,1.93,283.5,155.93,False,False,3,False
2026-02-13,Deira Depot,DEI,Snacks,Chips Salted 150g,84,3.5,1.93,294.0,161.7,False,False,4,False
2026-02-14,Deira Depot,DEI,Snacks,Chips Salted 150g,73,3.5,1.93,255.5,140.53,False,False,5,True
2026-02-15,Deira Depot,DEI,Snacks,Chips Salted 150g,145,2.8,1.93,406.0,279.13,True,False,6,True
2026-02-16,Deira Depot,DEI,Snacks,Chips Salted 150g,52,3.5,1.93,182.0,100.1,False,False,0,False
2026-02-17,Deira Depot,DEI,Snacks,Chips Salted 150g,63,3.5,1.93,220.5,121.28,False,False,1,False
2026-02-18,Deira Depot,DEI,Snacks,Chips Salted 150g,69,3.5,1.93,241.5,132.83,False,False,2,False
2026-02-19,Deira Depot,DEI,Snacks,Chips Salted 150g,121,3.5,1.93,423.5,232.93,False,False,3,False
2026-02-20,Deira Depot,DEI,Snacks,Chips Salted 150g,73,3.5,1.93,255.5,140.53,False,False,4,False
2026-02-21,Deira Depot,DEI,Snacks,Chips Salted 150g,57,3.5,1.93,199.5,109.73,False,True,5,True
2026-02-22,Deira Depot,DEI,Snacks,Chips Salted 150g,67,3.5,1.93,234.5,128.98,False,False,6,True
2026-02-23,Deira Depot,DEI,Snacks,Chips Salted 150g,61,2.8,1.93,170.8,117.43,True,False,0,False
2026-02-24,Deira Depot,DEI,Snacks,Chips Salted 150g,61,3.5,1.93,213.5,117.43,False,False,1,False
2026-02-25,Deira Depot,DEI,Snacks,Chips Salted 150g,77,3.5,1.93,269.5,148.23,False,False,2,False
2026-02-26,Deira Depot,DEI,Snacks,Chips Salted 150g,164,2.8,1.93,459.2,315.7,True,False,3,False
2026-02-27,Deira Depot,DEI,Snacks,Chips Salted 150g,116,3.5,1.93,406.0,223.3,False,False,4,False
2026-02-28,Deira Depot,DEI,Snacks,Chips Salted 150g,87,3.5,1.93,304.5,167.48,False,False,5,True
2026-03-01,Deira Depot,DEI,Snacks,Chips Salted 150g,103,3.5,1.93,360.5,198.28,False,False,6,True
2026-03-02,Deira Depot,DEI,Snacks,Chips Salted 150g,65,3.5,1.93,227.5,125.13,False,False,0,False
2026-03-03,Deira Depot,DEI,Snacks,Chips Salted 150g,72,3.5,1.93,252.0,138.6,False,False,1,False
2026-03-04,Deira Depot,DEI,Snacks,Chips Salted 150g,60,3.5,1.93,210.0,115.5,False,False,2,False
2026-03-05,Deira Depot,DEI,Snacks,Chips Salted 150g,71,3.5,1.93,248.5,136.68,False,False,3,False
2026-03-06,Deira Depot,DEI,Snacks,Chips Salted 150g,107,3.5,1.93,374.5,205.98,False,False,4,False
2026-03-07,Deira Depot,DEI,Snacks,Chips Salted 150g,78,3.5,1.93,273.0,150.15,False,False,5,True
2026-03-08,Deira Depot,DEI,Snacks,Chips Salted 150g,56,3.5,1.93,196.0,107.8,False,False,6,True
2026-03-09,Deira Depot,DEI,Snacks,Chips Salted 150g,71,3.5,1.93,248.5,136.68,False,False,0,False
2026-03-10,Deira Depot,DEI,Snacks,Chips Salted 150g,39,3.5,1.93,136.5,75.08,False,False,1,False
2026-03-11,Deira Depot,DEI,Snacks,Chips Salted 150g,82,3.5,1.93,287.0,157.85,False,False,2,False
2026-03-12,Deira Depot,DEI,Snacks,Chips Salted 150g,69,3.5,1.93,241.5,132.83,False,False,3,False
2026-03-13,Deira Depot,DEI,Snacks,Chips Salted 150g,69,3.5,1.93,241.5,132.83,False,False,4,False
2026-03-14,Deira Depot,DEI,Snacks,Chips Salted 150g,46,3.5,1.93,161.0,88.55,False,False,5,True
2026-03-15,Deira Depot,DEI,Snacks,Chips Salted 150g,110,3.5,1.93,385.0,211.75,False,False,6,True
2026-03-16,Deira Depot,DEI,Snacks,Chips Salted 150g,62,3.5,1.93,217.0,119.35,False,False,0,False
2026-03-17,Deira Depot,DEI,Snacks,Chips Salted 150g,79,3.5,1.93,276.5,152.08,False,False,1,False
2026-03-18,Deira Depot,DEI,Snacks,Chips Salted 150g,59,3.5,1.93,206.5,113.58,False,False,2,False
2026-03-19,Deira Depot,DEI,Snacks,Chips Salted 150g,44,3.5,1.93,154.0,84.7,False,False,3,False
2026-03-20,Deira Depot,DEI,Snacks,Chips Salted 150g,97,3.5,1.93,339.5,186.73,False,False,4,False
2026-03-21,Deira Depot,DEI,Snacks,Chips Salted 150g,149,2.8,1.93,417.2,286.83,True,False,5,True
2026-03-22,Deira Depot,DEI,Snacks,Chips Salted 150g,61,3.5,1.93,213.5,117.43,False,False,6,True
2026-03-23,Deira Depot,DEI,Snacks,Chips Salted 150g,67,3.5,1.93,234.5,128.98,False,False,0,False
2026-03-24,Deira Depot,DEI,Snacks,Chips Salted 150g,61,3.5,1.93,213.5,117.43,False,False,1,False
2026-03-25,Deira Depot,DEI,Snacks,Chips Salted 150g,56,3.5,1.93,196.0,107.8,False,False,2,False
2026-03-26,Deira Depot,DEI,Snacks,Chips Salted 150g,13,3.5,1.93,45.5,25.03,False,False,3,False
2026-03-27,Deira Depot,DEI,Snacks,Chips Salted 150g,111,2.8,1.93,310.8,213.68,True,False,4,False
2026-03-28,Deira Depot,DEI,Snacks,Chips Salted 150g,111,3.5,1.93,388.5,213.68,False,False,5,True
2026-03-29,Deira Depot,DEI,Snacks,Chips Salted 150g,58,3.5,1.93,203.0,111.65,False,False,6,True
