data/sample_grocery_data.csv
date,store,store_id,category,sku,units_sold,price,unit_cost,revenue,cost,promotion,stockout,day_of_week,is_weekend
2025-10-01,Deira Depot,DEI,Snacks,Chocolate Bar 100g,61,5.0,2.75,305.0,167.75,False,False,2,False
2025-10-02,Deira Depot,DEI,Snacks,Chocolate Bar 100g,41,5.0,2.75,205.0,112.75,False,False,3,False
2025-10-03,Deira Depot,DEI,Snacks,Chocolate Bar 100g,75,4.0,2.75,300.0,206.25,True,False,4,False
2025-10-04,Deira Depot,DEI,Snacks,Chocolate Bar 100g,73,5.0,2.75,365.0,200.75,False,False,5,True
2025-10-05,Deira Depot,DEI,Snacks,Chocolate Bar 100g,31,5.0,2.75,155.0,85.25,False,False,6,True
2025-10-06,Deira Depot,DEI,Snacks,Chocolate Bar 100g,34,5.0,2.75,170.0,93.5,False,False,0,False
2025-10-07,Deira Depot,DEI,Snacks,Chocolate Bar 100g,52,4.0,2.75,208.0,143.0,True,False,1,False
2025-10-08,Deira Depot,DEI,Snacks,Chocolate Bar 100g,53,5.0,2.75,265.0,145.75,False,False,2,False
2025-10-09,Deira Depot,DEI,Snacks,Chocolate Bar 100g,35,5.0,2.75,175.0,96.25,False,False,3,False
2025-10-10,Deira Depot,DEI,Snacks,Chocolate Bar 100g,37,4.0,2.75,148.0,101.75,True,False,4,False
2025-10-11,Deira Depot,DEI,Snacks,Chocolate Bar 100g,74,5.0,2.75,370.0,203.5,False,False,5,True
2025-10-12,Deira Depot,DEI,Snacks,Chocolate Bar 100g,33,5.0,2.75,165.0,90.75,False,False,6,True
2025-10-13,Deira Depot,DEI,Snacks,Chocolate Bar 100g,44,5.0,2.75,220.0,121.0,False,False,0,False
2025-10-14,Deira Depot,DEI,Snacks,Chocolate Bar 100g,58,5.0,2.75,290.0,159.5,False,False,1,False
2025-10-15,Deira Depot,DEI,Snacks,Chocolate Bar 100g,45,5.0,2.75,225.0,123.75,False,False,2,False
2025-10-16,Deira Depot,DEI,Snacks,Chocolate Bar 100g,49,5.0,2.75,245.0,134.75,False,False,3,False
2025-10-17,Deira Depot,DEI,Snacks,Chocolate Bar 100g,35,5.0,2.75,175.0,96.25,False,False,4,False
2025-10-18,Deira Depot,DEI,Snacks,Chocolate Bar 100g,61,5.0,2.75,305.0,167.75,False,False,5,True
2025-10-19,Deira Depot,DEI,Snacks,Chocolate Bar 100g,83,5.0,2.75,415.0,228.25,False,False,6,True
2025-10-20,Deira Depot,DEI,Snacks,Chocolate Bar 100g,49,5.0,2.75,245.0,134.75,False,False,0,False
2025-10-21,Deira Depot,DEI,Snacks,Chocolate Bar 100g,64,5.0,2.75,320.0,176.0,False,False,1,False
2025-10-22,Deira Depot,DEI,Snacks,Chocolate Bar 100g,33,5.0,2.75,165.0,90.75,False,False,2,False
2025-10-23,Deira Depot,DEI,Snacks,Chocolate Bar 100g,46,5.0,2.75,230.0,126.5,False,True,3,False
2025-10-24,Deira Depot,DEI,Snacks,Chocolate Bar 100g,59,5.0,2.75,295.0,162.25,False,False,4,False
2025-10-25,Deira Depot,DEI,Snacks,Chocolate Bar 100g,82,5.0,2.75,410.0,225.5,False,False,5,True
2025-10-26,Deira Depot,DEI,Snacks,Chocolate Bar 100g,65,5.0,2.75,325.0,178.75,False,False,6,True
2025-10-27,Deira Depot,DEI,Snacks,Chocolate Bar 100g,35,5.0,2.75,175.0,96.25,False,False,0,False
2025-10-28,Deira Depot,DEI,Snacks,Chocolate Bar 100g,33,5.0,2.75,165.0,90.75,False,False,1,False
2025-10-29,Deira Depot,DEI,Snacks,Chocolate Bar 100g,49,5.0,2.75,245.0,134.75,False,False,2,False
2025-10-30,Deira Depot,DEI,Snacks,Chocolate Bar 100g,7,5.0,2.75,35.0,19.25,False,False,3,False
2025-10-31,Deira Depot,DEI,Snacks,Chocolate Bar 100g,54,5.0,2.75,270.0,148.5,False,False,4,False
2025-11-01,Deira Depot,DEI,Snacks,Chocolate Bar 100g,123,4.0,2.75,492.0,338.25,True,False,5,True
2025-11-02,Deira Depot,DEI,Snacks,Chocolate Bar 100g,55,5.0,2.75,275.0,151.25,False,False,6,True
2025-11-03,Deira Depot,DEI,Snacks,Chocolate Bar 100g,56,5.0,2.75,280.0,154.0,False,False,0,False
2025-11-04,Deira Depot,DEI,Snacks,Chocolate Bar 100g,83,4.0,2.75,332.0,228.25,True,False,1,False
2025-11-05,Deira Depot,DEI,Snacks,Chocolate Bar 100g,58,5.0,2.75,290.0,159.5,False,False,2,False
2025-11-06,Deira Depot,DEI,Snacks,Chocolate Bar 100g,56,5.0,2.75,280.0,154.0,False,False,3,False
2025-11-07,Deira Depot,DEI,Snacks,Chocolate Bar 100g,71,5.0,2.75,355.0,195.25,False,False,4,False
2025-11-08,Deira Depot,DEI,Snacks,Chocolate Bar 100g,77,5.0,2.75,385.0,211.75,False,False,5,True
2025-11-09,Deira Depot,DEI,Snacks,Chocolate Bar 100g,73,5.0,2.75,365.0,200.75,False,False,6,True
2025-11-10,Deira Depot,DEI,Snacks,Chocolate Bar 100g,53,5.0,2.75,265.0,145.75,False,False,0,False
2025-11-11,Deira Depot,DEI,Snacks,Chocolate Bar 100g,10,5.0,2.75,50.0,27.5,False,False,1,False
2025-11-12,Deira Depot,DEI,Snacks,Chocolate Bar 100g,52,5.0,2.75,260.0,143.0,False,False,2,False
2025-11-13,Deira Depot,DEI,Snacks,Chocolate Bar 100g,39,5.0,2.75,195.0,107.25,False,False,3,False
2025-11-14,Deira Depot,DEI,Snacks,Chocolate Bar 100g,97,4.0,2.75,388.0,266.75,True,False,4,False
2025-11-15,Deira Depot,DEI,Snacks,Chocolate Bar 100g,56,5.0,2.75,280.0,154.0,False,False,5,True
2025-11-16,Deira Depot,DEI,Snacks,Chocolate Bar 100g,49,5.0,2.75,245.0,134.75,False,False,6,True
2025-11-17,Deira Depot,DEI,Snacks,Chocolate Bar 100g,35,5.0,2.75,175.0,96.25,False,False,0,False
2025-11-18,Deira Depot,DEI,Snacks,Chocolate Bar 100g,62,5.0,2.75,310.0,170.5,False,False,1,False
2025-11-19,Deira Depot,DEI,Snacks,Chocolate Bar 100g,57,5.0,2.75,285.0,156.75,False,False,2,False
2025-11-20,Deira Depot,DEI,Snacks,Chocolate Bar 100g,43,5.0,2.75,215.0,118.25,False,False,3,False
2025-11-21,Deira Depot,DEI,Snacks,Chocolate Bar 100g,98,4.0,2.75,392.0,269.5,True,False,4,False
2025-11-22,Deira Depot,DEI,Snacks,Chocolate Bar 100g,50,5.0,2.75,250.0,137.5,False,False,5,True
2025-11-23,Deira Depot,DEI,Snacks,Chocolate Bar 100g,118,4.0,2.75,472.0,324.5,True,False,6,True
2025-11-24,Deira Depot,DEI,Snacks,Chocolate Bar 100g,39,5.0,2.75,195.0,107.25,False,False,0,False
2025-11-25,Deira Depot,DEI,Snacks,Chocolate Bar 100g,43,5.0,2.75,215.0,118.25,False,False,1,False
2025-11-26,Deira Depot,DEI,Snacks,Chocolate Bar 100g,33,5.0,2.75,165.0,90.75,False,False,2,False
2025-11-27,Deira Depot,DEI,Snacks,Chocolate Bar 100g,59,5.0,2.75,295.0,162.25,False,False,3,False
2025-11-28,Deira Depot,DEI,Snacks,Chocolate Bar 100g,49,5.0,2.75,245.0,134.75,False,False,4,False
2025-11-29,Deira Depot,DEI,Snacks,Chocolate Bar 100g,54,5.0,2.75,270.0,148.5,False,False,5,True
2025-11-30,Deira Depot,DEI,Snacks,Chocolate Bar 100g,65,5.0,2.75,325.0,178.75,False,False,6,True
2025-12-01,Deira Depot,DEI,Snacks,Chocolate Bar 100g,30,5.0,2.75,150.0,82.5,False,False,0,False
2025-12-02,Deira Depot,DEI,Snacks,Chocolate Bar 100g,60,5.0,2.75,300.0,165.0,False,False,1,False
2025-12-03,Deira Depot,DEI,Snacks,Chocolate Bar 100g,60,5.0,2.75,300.0,165.0,False,False,2,False
2025-12-04,Deira Depot,DEI,Snacks,Chocolate Bar 100g,59,5.0,2.75,295.0,162.25,False,False,3,False
2025-12-05,Deira Depot,DEI,Snacks,Chocolate Bar 100g,54,5.0,2.75,270.0,148.5,False,False,4,False
2025-12-06,Deira Depot,DEI,Snacks,Chocolate Bar 100g,28,5.0,2.75,140.0,77.0,False,False,5,True
2025-12-07,Deira Depot,DEI,Snacks,Chocolate Bar 100g,48,5.0,2.75,240.0,132.0,False,False,6,True
2025-12-08,Deira Depot,DEI,Snacks,Chocolate Bar 100g,55,5.0,2.75,275.0,151.25,False,False,0,False
2025-12-09,Deira Depot,DEI,Snacks,Chocolate Bar 100g,23,5.0,2.75,115.0,63.25,False,False,1,False
2025-12-10,Deira Depot,DEI,Snacks,Chocolate Bar 100g,45,5.0,2.75,225.0,123.75,False,False,2,False
2025-12-11,Deira Depot,DEI,Snacks,Chocolate Bar 100g,67,5.0,2.75,335.0,184.25,False,False,3,False
2025-12-12,Deira Depot,DEI,Snacks,Chocolate Bar 100g,56,5.0,2.75,280.0,154.0,False,False,4,False
2025-12-13,Deira Depot,DEI,Snacks,Chocolate Bar 100g,48,5.0,2.75,240.0,132.0,False,False,5,True
2025-12-14,Deira Depot,DEI,Snacks,Chocolate Bar 100g,71,5.0,2.75,355.0,195.25,False,False,6,True
2025-12-15,Deira Depot,DEI,Snacks,Chocolate Bar 100g,27,5.0,2.75,135.0,74.25,False,False,0,False
2025-12-16,Deira Depot,DEI,Snacks,Chocolate Bar 100g,61,5.0,2.75,305.0,167.75,False,False,1,False
2025-12-17,Deira Depot,DEI,Snacks,Chocolate Bar 100g,25,5.0,2.75,125.0,68.75,False,False,2,False
2025-12-18,Deira Depot,DEI,Snacks,Chocolate Bar 100g,45,5.0,2.75,225.0,123.75,False,False,3,False
2025-12-19,Deira Depot,DEI,Snacks,Chocolate Bar 100g,34,5.0,2.75,170.0,93.5,False,True,4,False
2025-12-20,Deira Depot,DEI,Snacks,Chocolate Bar 100g,34,5.0,2.75,170.0,93.5,False,False,5,True
2025-12-21,Deira Depot,DEI,Snacks,Chocolate Bar 100g,60,5.0,2.75,300.0,165.0,False,False,6,True
2025-12-22,Deira Depot,DEI,Snacks,Chocolate Bar 100g,36,5.0,2.75,180.0,99.0,False,False,0,False
2025-12-23,Deira Depot,DEI,Snacks,Chocolate Bar 100g,43,5.0,2.75,215.0,118.25,False,False,1,False
2025-12-24,Deira Depot,DEI,Snacks,Chocolate Bar 100g,50,5.0,2.75,250.0,137.5,False,False,2,False
2025-12-25,Deira Depot,DEI,Snacks,Chocolate Bar 100g,63,4.0,2.75,252.0,173.25,True,False,3,False
2025-12-26,Deira Depot,DEI,Snacks,Chocolate Bar 100g,59,5.0,2.75,295.0,162.25,False,False,4,False
2025-12-27,Deira Depot,DEI,Snacks,Chocolate Bar 100g,78,5.0,2.75,390.0,214.5,False,False,5,True
2025-12-28,Deira Depot,DEI,Snacks,Chocolate Bar 100g,67,5.0,2.75,335.0,184.25,False,False,6,True
2025-12-29,Deira Depot,DEI,Snacks,Chocolate Bar 100g,42,5.0,2.75,210.0,115.5,False,False,0,False
2025-12-30,Deira Depot,DEI,Snacks,Chocolate Bar 100g,57,5.0,2.75,285.0,156.75,False,False,1,False
2025-12-31,Deira Depot,DEI,Snacks,Chocolate Bar 100g,49,5.0,2.75,245.0,134.75,False,False,2,False
2026-01-01,Deira Depot,DEI,Snacks,Chocolate Bar 100g,49,5.0,2.75,245.0,134.75,False,False,3,False
2026-01-02,Deira Depot,DEI,Snacks,Chocolate Bar 100g,65,5.0,2.75,325.0,178.75,False,False,4,False
2026-01-03,Deira Depot,DEI,Snacks,Chocolate Bar 100g,64,5.0,2.75,320.0,176.0,False,False,5,True
2026-01-04,Deira Depot,DEI,Snacks,Chocolate Bar 100g,75,5.0,2.75,375.0,206.25,False,False,6,True
2026-01-05,Deira Depot,DEI,Snacks,Chocolate Bar 100g,40,5.0,2.75,200.0,110.0,False,False,0,False
2026-01-06,Deira Depot,DEI,Snacks,Chocolate Bar 100g,45,5.0,2.75,225.0,123.75,False,False,1,False
2026-01-07,Deira Depot,DEI,Snacks,Chocolate Bar 100g,51,5.0,2.75,255.0,140.25,False,False,2,False
2026-01-08,Deira Depot,DEI,Snacks,Chocolate Bar 100g,43,5.0,2.75,215.0,118.25,False,False,3,False
2026-01-09,Deira Depot,DEI,Snacks,Chocolate Bar 100g,52,5.0,2.75,260.0,143.0,False,False,4,False
2026-01-10,Deira Depot,DEI,Snacks,Chocolate Bar 100g,64,5.0,2.75,320.0,176.0,False,False,5,True
2026-01-11,Deira Depot,DEI,Snacks,Chocolate Bar 100g,65,5.0,2.75,325.0,178.75,False,False,6,True
2026-01-12,Deira Depot,DEI,Snacks,Chocolate Bar 100g,59,4.0,2.75,236.0,162.25,True,False,0,False
2026-01-13,Deira Depot,DEI,Snacks,Chocolate Bar 100g,52,5.0,2.75,260.0,143.0,False,False,1,False
2026-01-14,Deira Depot,DEI,Snacks,Chocolate Bar 100g,31,5.0,2.75,155.0,85.25,False,False,2,False
2026-01-15,Deira Depot,DEI,Snacks,Chocolate Bar 100g,47,5.0,2.75,235.0,129.25,False,False,3,False
2026-01-16,Deira Depot,DEI,Snacks,Chocolate Bar 100g,41,5.0,2.75,205.0,112.75,False,False,4,False
2026-01-17,Deira Depot,DEI,Snacks,Chocolate Bar 100g,61,5.0,2.75,305.0,167.75,False,False,5,True
2026-01-18,Deira Depot,DEI,Snacks,Chocolate Bar 100g,74,5.0,2.75,370.0,203.5,False,False,6,True
2026-01-19,Deira Depot,DEI,Snacks,Chocolate Bar 100g,107,4.0,2.75,428.0,294.25,True,False,0,False
2026-01-20,Deira Depot,DEI,Snacks,Chocolate Bar 100g,8,5.0,2.75,40.0,22.0,False,False,1,False
2026-01-21,Deira Depot,DEI,Snacks,Chocolate Bar 100g,41,5.0,2.75,205.0,112.75,False,False,2,False
2026-01-22,Deira Depot,DEI,Snacks,Chocolate Bar 100g,58,5.0,2.75,290.0,159.5,False,False,3,False
2026-01-23,Deira Depot,DEI,Snacks,Chocolate Bar 100g,64,5.0,2.75,320.0,176.0,False,False,4,False
2026-01-24,Deira Depot,DEI,Snacks,Chocolate Bar 100g,77,5.0,2.75,385.0,211.75,False,False,5,True
2026-01-25,Deira Depot,DEI,Snacks,Chocolate Bar 100g,65,5.0,2.75,325.0,178.75,False,False,6,True
2026-01-26,Deira Depot,DEI,Snacks,Chocolate Bar 100g,67,4.0,2.75,268.0,184.25,True,False,0,False
2026-01-27,Deira Depot,DEI,Snacks,Chocolate Bar 100g,35,5.0,2.75,175.0,96.25,False,False,1,False
2026-01-28,Deira Depot,DEI,Snacks,Chocolate Bar 100g,46,5.0,2.75,230.0,126.5,False,False,2,False
2026-01-29,Deira Depot,DEI,Snacks,Chocolate Bar 100g,18,5.0,2.75,90.0,49.5,False,False,3,False
2026-01-30,Deira Depot,DEI,Snacks,Chocolate Bar 100g,82,5.0,2.75,410.0,225.5,False,False,4,False
2026-01-31,Deira Depot,DEI,Snacks,Chocolate Bar 100g,78,5.0,2.75,390.0,214.5,False,False,5,True
2026-02-01,Deira Depot,DEI,Snacks,Chocolate Bar 100g,62,5.0,2.75,310.0,170.5,False,False,6,True
2026-02-02,Deira Depot,DEI,Snacks,Chocolate Bar 100g,38,5.0,2.75,190.0,104.5,False,False,0,False
2026-02-03,Deira Depot,DEI,Snacks,Chocolate Bar 100g,34,5.0,2.75,170.0,93.5,False,False,1,False
2026-02-04,Deira Depot,DEI,Snacks,Chocolate Bar 100g,38,5.0,2.75,190.0,104.5,False,False,2,False
2026-02-05,Deira Depot,DEI,Snacks,Chocolate Bar 100g,85,4.0,2.75,340.0,233.75,True,False,3,False
2026-02-06,Deira Depot,DEI,Snacks,Chocolate Bar 100g,57,4.0,2.75,228.0,156.75,True,False,4,False
2026-02-07,Deira Depot,DEI,Snacks,Chocolate Bar 100g,70,5.0,2.75,350.0,192.5,False,False,5,True
2026-02-08,Deira Depot,DEI,Snacks,Chocolate Bar 100g,53,5.0,2.75,265.0,145.75,False,False,6,True
2026-02-09,Deira Depot,DEI,Snacks,Chocolate Bar 100g,36,5.0,2.75,180.0,99.0,False,False,0,False
2026-02-10,Deira Depot,DEI,Snacks,Chocolate Bar 100g,37,5.0,2.75,185.0,101.75,False,False,1,False
2026-02-11,Deira Depot,DEI,Snacks,Chocolate Bar 100g,35,5.0,2.75,175.0,96.25,False,False,2,False
2026-02-12,Deira Depot,DEI,Snacks,Chocolate Bar 100g,32,5.0,2.75,160.0,88.0,False,False,3,False
2026-02-13,Deira Depot,DEI,Snacks,Chocolate Bar 100g,61,5.0,2.75,305.0,167.75,False,False,4,False
2026-02-14,Deira Depot,DEI,Snacks,Chocolate Bar 100g,95,4.0,2.75,380.0,261.25,True,False,5,True
2026-02-15,Deira Depot,DEI,Snacks,Chocolate Bar 100g,47,5.0,2.75,235.0,129.25,False,False,6,True
2026-02-16,Deira Depot,DEI,Snacks,Chocolate Bar 100g,44,5.0,2.75,220.0,121.0,False,True,0,False
2026-02-17,Deira Depot,DEI,Snacks,Chocolate Bar 100g,27,5.0,2.75,135.0,74.25,False,False,1,False
2026-02-18,Deira Depot,DEI,Snacks,Chocolate Bar 100g,51,5.0,2.75,255.0,140.25,False,False,2,False
2026-02-19,Deira Depot,DEI,Snacks,Chocolate Bar 100g,45,5.0,2.75,225.0,123.75,False,False,3,False
2026-02-20,Deira Depot,DEI,Snacks,Chocolate Bar 100g,47,5.0,2.75,235.0,129.25,False,False,4,False
2026-02-21,Deira Depot,DEI,Snacks,Chocolate Bar 100g,61,5.0,2.75,305.0,167.75,False,False,5,True
2026-02-22,Deira Depot,DEI,Snacks,Chocolate Bar 100g,35,5.0,2.75,175.0,96.25,False,False,6,True
2026-02-23,Deira Depot,DEI,Snacks,Chocolate Bar 100g,52,5.0,2.75,260.0,143.0,False,False,0,False
2026-02-24,Deira Depot,DEI,Snacks,Chocolate Bar 100g,52,5.0,2.75,260.0,143.0,False,False,1,False
2026-02-25,Deira Depot,DEI,Snacks,Chocolate Bar 100g,24,5.0,2.75,120.0,66.0,False,False,2,False
2026-02-26,Deira Depot,DEI,Snacks,Chocolate Bar 100g,91,4.0,2.75,364.0,250.25,True,False,3,False
2026-02-27,Deira Depot,DEI,Snacks,Chocolate Bar 100g,28,5.0,2.75,140.0,77.0,False,False,4,False
2026-02-28,Deira Depot,DEI,Snacks,Chocolate Bar 100g,43,5.0,2.75,215.0,118.25,False,False,5,True
2026-03-01,Deira Depot,DEI,Snacks,Chocolate Bar 100g,79,5.0,2.75,395.0,217.25,False,False,6,True
2026-03-02,Deira Depot,DEI,Snacks,Chocolate Bar 100g,57,4.0,2.75,228.0,156.75,True,False,0,False
2026-03-03,Deira Depot,DEI,Snacks,Chocolate Bar 100g,35,5.0,2.75,175.0,96.25,False,True,1,False
2026-03-04,Deira Depot,DEI,Snacks,Chocolate Bar 100g,55,5.0,2.75,275.0,151.25,False,True,2,False
2026-03-05,Deira Depot,DEI,Snacks,Chocolate Bar 100g,40,5.0,2.75,200.0,110.0,False,False,3,False
2026-03-06,Deira Depot,DEI,Snacks,Chocolate Bar 100g,48,5.0,2.75,240.0,132.0,False,False,4,False
2026-03-07,Deira Depot,DEI,Snacks,Chocolate Bar 100g,87,5.0,2.75,435.0,239.25,False,False,5,True
2026-03-08,Deira Depot,DEI,Snacks,Chocolate Bar 100g,42,5.0,2.75,210.0,115.5,False,False,6,True
2026-03-09,Deira Depot,DEI,Snacks,Chocolate Bar 100g,37,5.0,2.75,185.0,101.75,False,False,0,False
2026-03-10,Deira Depot,DEI,Snacks,Chocolate Bar 100g,62,5.0,2.75,310.0,170.5,False,False,1,False
2026-03-11,Deira Depot,DEI,Snacks,Chocolate Bar 100g,60,5.0,2.75,300.0,165.0,False,False,2,False
2026-03-12,Deira Depot,DEI,Snacks,Chocolate Bar 100g,37,5.0,2.75,185.0,101.75,False,False,3,False
2026-03-13,Deira Depot,DEI,Snacks,Chocolate Bar 100g,37,5.0,2.75,185.0,101.75,False,False,4,False
2026-03-14,Deira Depot,DEI,Snacks,Chocolate Bar 100g,68,5.0,2.75,340.0,187.0,False,False,5,True
2026-03-15,Deira Depot,DEI,Snacks,Chocolate Bar 100g,37,5.0,2.75,185.0,101.75,False,False,6,True
2026-03-16,Deira Depot,DEI,Snacks,Chocolate Bar 100g,29,5.0,2.75,145.0,79.75,False,False,0,False
2026-03-17,Deira Depot,DEI,Snacks,Chocolate Bar 100g,52,5.0,2.75,260.0,143.0,False,False,1,False
2026-03-18,Deira Depot,DEI,Snacks,Chocolate Bar 100g,56,5.0,2.75,280.0,154.0,False,False,2,False
2026-03-19,Deira Depot,DEI,Snacks,Chocolate Bar 100g,36,5.0,2.75,180.0,99.0,False,False,3,False
2026-03-20,Deira Depot,DEI,Snacks,Chocolate Bar 100g,42,5.0,2.75,210.0,115.5,False,False,4,False
2026-03-21,Deira Depot,DEI,Snacks,Chocolate Bar 100g,114,4.0,2.75,456.0,313.5,True,False,5,True
2026-03-22,Deira Depot,DEI,Snacks,Chocolate Bar 100g,67,5.0,2.75,335.0,184.25,False,False,6,True
2026-03-23,Deira Depot,DEI,Snacks,Chocolate Bar 100g,44,5.0,2.75,220.0,121.0,False,False,0,False
2026-03-24,Deira Depot,DEI,Snacks,Chocolate Bar 100g,60,5.0,2.75,300.0,165.0,False,False,1,False
2026-03-25,Deira Depot,DEI,Snacks,Chocolate Bar 100g,55,5.0,2.75,275.0,151.25,False,False,2,False
2026-03-26,Deira Depot,DEI,Snacks,Chocolate Bar 100g,62,5.0,2.75,310.0,170.5,False,False,3,False
2026-03-27,Deira Depot,DEI,Snacks,Chocolate Bar 100g,47,5.0,2.75,235.0,129.25,False,False,4,False
2026-03-28,Deira Depot,DEI,Snacks,Chocolate Bar 100g,83,5.0,2.75,415.0,228.25,False,False,5,True
2026-03-29,Deira Depot,DEI,Snacks,Chocolate Bar 100g,81,5.0,2.75,405.0,222.75,False,False,6,True
