data/sample_grocery_data.csv
date,store,store_id,category,sku,units_sold,price,unit_cost,revenue,cost,promotion,stockout,day_of_week,is_weekend
2025-10-01,Deira Depot,DEI,Beverages,Cola 1.5L,85,4.0,2.2,340.0,187.0,False,False,2,False
2025-10-02,Deira Depot,DEI,Beverages,Cola 1.5L,66,4.0,2.2,264.0,145.2,False,False,3,False
2025-10-03,Deira Depot,DEI,Beverages,Cola 1.5L,91,4.0,2.2,364.0,200.2,False,False,4,False
2025-10-04,Deira Depot,DEI,Beverages,Cola 1.5L,124,4.0,2.2,496.0,272.8,False,False,5,True
2025-10-05,Deira Depot,DEI,Beverages,Cola 1.5L,79,4.0,2.2,316.0,173.8,False,False,6,True
2025-10-06,Deira Depot,DEI,Beverages,Cola 1.5L,85,4.0,2.2,340.0,187.0,False,False,0,False
2025-10-07,Deira Depot,DEI,Beverages,Cola 1.5L,69,4.0,2.2,276.0,151.8,False,False,1,False
2025-10-08,Deira Depot,DEI,Beverages,Cola 1.5L,91,4.0,2.2,364.0,200.2,False,False,2,False
2025-10-09,Deira Depot,DEI,Beverages,Cola 1.5L,67,4.0,2.2,268.0,147.4,False,False,3,False
2025-10-10,Deira Depot,DEI,Beverages,Cola 1.5L,69,4.0,2.2,276.0,151.8,False,False,4,False
2025-10-11,Deira Depot,DEI,Beverages,Cola 1.5L,83,4.0,2.2,332.0,182.6,False,False,5,True
2025-10-12,Deira Depot,DEI,Beverages,Cola 1.5L,80,4.0,2.2,320.0,176.0,False,False,6,True
2025-10-13,Deira Depot,DEI,Beverages,Cola 1.5L,76,4.0,2.2,304.0,167.2,False,False,0,False
2025-10-14,Deira Depot,DEI,Beverages,Cola 1.5L,94,3.2,2.2,300.8,206.8,True,False,1,False
2025-10-15,Deira Depot,DEI,Beverages,Cola 1.5L,90,4.0,2.2,360.0,198.0,False,False,2,False
2025-10-16,Deira Depot,DEI,Beverages,Cola 1.5L,56,4.0,2.2,224.0,123.2,False,False,3,False
2025-10-17,Deira Depot,DEI,Beverages,Cola 1.5L,78,4.0,2.2,312.0,171.6,False,False,4,False
2025-10-18,Deira Depot,DEI,Beverages,Cola 1.5L,80,4.0,2.2,320.0,176.0,False,False,5,True
2025-10-19,Deira Depot,DEI,Beverages,Cola 1.5L,88,4.0,2.2,352.0,193.6,False,False,6,True
2025-10-20,Deira Depot,DEI,Beverages,Cola 1.5L,70,4.0,2.2,280.0,154.0,False,False,0,False
2025-10-21,Deira Depot,DEI,Beverages,Cola 1.5L,51,4.0,2.2,204.0,112.2,False,False,1,False
2025-10-22,Deira Depot,DEI,Beverages,Cola 1.5L,62,4.0,2.2,248.0,136.4,False,False,2,False
2025-10-23,Deira Depot,DEI,Beverages,Cola 1.5L,78,4.0,2.2,312.0,171.6,False,True,3,False
2025-10-24,Deira Depot,DEI,Beverages,Cola 1.5L,85,4.0,2.2,340.0,187.0,False,False,4,False
2025-10-25,Deira Depot,DEI,Beverages,Cola 1.5L,134,4.0,2.2,536.0,294.8,False,False,5,True
2025-10-26,Deira Depot,DEI,Beverages,Cola 1.5L,112,4.0,2.2,448.0,246.4,False,False,6,True
2025-10-27,Deira Depot,DEI,Beverages,Cola 1.5L,65,4.0,2.2,260.0,143.0,False,False,0,False
2025-10-28,Deira Depot,DEI,Beverages,Cola 1.5L,71,4.0,2.2,284.0,156.2,False,False,1,False
2025-10-29,Deira Depot,DEI,Beverages,Cola 1.5L,73,4.0,2.2,292.0,160.6,False,False,2,False
2025-10-30,Deira Depot,DEI,Beverages,Cola 1.5L,32,4.0,2.2,128.0,70.4,False,False,3,False
2025-10-31,Deira Depot,DEI,Beverages,Cola 1.5L,77,4.0,2.2,308.0,169.4,False,False,4,False
2025-11-01,Deira Depot,DEI,Beverages,Cola 1.5L,93,4.0,2.2,372.0,204.6,False,False,5,True
2025-11-02,Deira Depot,DEI,Beverages,Cola 1.5L,118,3.2,2.2,377.6,259.6,True,False,6,True
2025-11-03,Deira Depot,DEI,Beverages,Cola 1.5L,64,4.0,2.2,256.0,140.8,False,False,0,False
2025-11-04,Deira Depot,DEI,Beverages,Cola 1.5L,63,4.0,2.2,252.0,138.6,False,False,1,False
2025-11-05,Deira Depot,DEI,Beverages,Cola 1.5L,73,4.0,2.2,292.0,160.6,False,False,2,False
2025-11-06,Deira Depot,DEI,Beverages,Cola 1.5L,132,3.2,2.2,422.4,290.4,True,False,3,False
2025-11-07,Deira Depot,DEI,Beverages,Cola 1.5L,150,3.2,2.2,480.0,330.0,True,False,4,False
2025-11-08,Deira Depot,DEI,Beverages,Cola 1.5L,83,4.0,2.2,332.0,182.6,False,False,5,True
2025-11-09,Deira Depot,DEI,Beverages,Cola 1.5L,72,4.0,2.2,288.0,158.4,False,False,6,True
2025-11-10,Deira Depot,DEI,Beverages,Cola 1.5L,54,4.0,2.2,216.0,118.8,False,False,0,False
2025-11-11,Deira Depot,DEI,Beverages,Cola 1.5L,56,4.0,2.2,224.0,123.2,False,False,1,False
2025-11-12,Deira Depot,DEI,Beverages,Cola 1.5L,105,3.2,2.2,336.0,231.0,True,True,2,False
2025-11-13,Deira Depot,DEI,Beverages,Cola 1.5L,82,4.0,2.2,328.0,180.4,False,False,3,False
2025-11-14,Deira Depot,DEI,Beverages,Cola 1.5L,94,4.0,2.2,376.0,206.8,False,False,4,False
2025-11-15,Deira Depot,DEI,Beverages,Cola 1.5L,82,4.0,2.2,328.0,180.4,False,False,5,True
2025-11-16,Deira Depot,DEI,Beverages,Cola 1.5L,74,4.0,2.2,296.0,162.8,False,False,6,True
2025-11-17,Deira Depot,DEI,Beverages,Cola 1.5L,59,4.0,2.2,236.0,129.8,False,False,0,False
2025-11-18,Deira Depot,DEI,Beverages,Cola 1.5L,52,4.0,2.2,208.0,114.4,False,True,1,False
2025-11-19,Deira Depot,DEI,Beverages,Cola 1.5L,73,4.0,2.2,292.0,160.6,False,False,2,False
2025-11-20,Deira Depot,DEI,Beverages,Cola 1.5L,56,4.0,2.2,224.0,123.2,False,False,3,False
2025-11-21,Deira Depot,DEI,Beverages,Cola 1.5L,69,4.0,2.2,276.0,151.8,False,False,4,False
2025-11-22,Deira Depot,DEI,Beverages,Cola 1.5L,78,4.0,2.2,312.0,171.6,False,False,5,True
2025-11-23,Deira Depot,DEI,Beverages,Cola 1.5L,83,4.0,2.2,332.0,182.6,False,False,6,True
2025-11-24,Deira Depot,DEI,Beverages,Cola 1.5L,62,4.0,2.2,248.0,136.4,False,False,0,False
2025-11-25,Deira Depot,DEI,Beverages,Cola 1.5L,64,4.0,2.2,256.0,140.8,False,False,1,False
2025-11-26,Deira Depot,DEI,Beverages,Cola 1.5L,72,4.0,2.2,288.0,158.4,False,False,2,False
2025-11-27,Deira Depot,DEI,Beverages,Cola 1.5L,79,4.0,2.2,316.0,173.8,False,False,3,False
2025-11-28,Deira Depot,DEI,Beverages,Cola 1.5L,106,3.2,2.2,339.2,233.2,True,False,4,False
2025-11-29,Deira Depot,DEI,Beverages,Cola 1.5L,171,3.2,2.2,547.2,376.2,True,False,5,True
2025-11-30,Deira Depot,DEI,Beverages,Cola 1.5L,66,4.0,2.2,264.0,145.2,False,False,6,True
2025-12-01,Deira Depot,DEI,Beverages,Cola 1.5L,83,4.0,2.2,332.0,182.6,False,False,0,False
2025-12-02,Deira Depot,DEI,Beverages,Cola 1.5L,65,4.0,2.2,260.0,143.0,False,False,1,False
2025-12-03,Deira Depot,DEI,Beverages,Cola 1.5L,46,4.0,2.2,184.0,101.2,False,False,2,False
2025-12-04,Deira Depot,DEI,Beverages,Cola 1.5L,70,4.0,2.2,280.0,154.0,False,False,3,False
2025-12-05,Deira Depot,DEI,Beverages,Cola 1.5L,77,4.0,2.2,308.0,169.4,False,False,4,False
2025-12-06,Deira Depot,DEI,Beverages,Cola 1.5L,127,4.0,2.2,508.0,279.4,False,False,5,True
2025-12-07,Deira Depot,DEI,Beverages,Cola 1.5L,90,4.0,2.2,360.0,198.0,False,False,6,True
2025-12-08,Deira Depot,DEI,Beverages,Cola 1.5L,70,4.0,2.2,280.0,154.0,False,False,0,False
2025-12-09,Deira Depot,DEI,Beverages,Cola 1.5L,77,4.0,2.2,308.0,169.4,False,False,1,False
2025-12-10,Deira Depot,DEI,Beverages,Cola 1.5L,58,4.0,2.2,232.0,127.6,False,False,2,False
2025-12-11,Deira Depot,DEI,Beverages,Cola 1.5L,75,4.0,2.2,300.0,165.0,False,False,3,False
2025-12-12,Deira Depot,DEI,Beverages,Cola 1.5L,87,4.0,2.2,348.0,191.4,False,False,4,False
2025-12-13,Deira Depot,DEI,Beverages,Cola 1.5L,103,4.0,2.2,412.0,226.6,False,False,5,True
2025-12-14,Deira Depot,DEI,Beverages,Cola 1.5L,73,4.0,2.2,292.0,160.6,False,False,6,True
2025-12-15,Deira Depot,DEI,Beverages,Cola 1.5L,58,4.0,2.2,232.0,127.6,False,False,0,False
2025-12-16,Deira Depot,DEI,Beverages,Cola 1.5L,102,4.0,2.2,408.0,224.4,False,False,1,False
2025-12-17,Deira Depot,DEI,Beverages,Cola 1.5L,105,4.0,2.2,420.0,231.0,False,False,2,False
2025-12-18,Deira Depot,DEI,Beverages,Cola 1.5L,117,3.2,2.2,374.4,257.4,True,False,3,False
2025-12-19,Deira Depot,DEI,Beverages,Cola 1.5L,85,4.0,2.2,340.0,187.0,False,False,4,False
2025-12-20,Deira Depot,DEI,Beverages,Cola 1.5L,88,4.0,2.2,352.0,193.6,False,False,5,True
2025-12-21,Deira Depot,DEI,Beverages,Cola 1.5L,93,4.0,2.2,372.0,204.6,False,False,6,True
2025-12-22,Deira Depot,DEI,Beverages,Cola 1.5L,79,4.0,2.2,316.0,173.8,False,False,0,False
2025-12-23,Deira Depot,DEI,Beverages,Cola 1.5L,82,4.0,2.2,328.0,180.4,False,False,1,False
2025-12-24,Deira Depot,DEI,Beverages,Cola 1.5L,94,4.0,2.2,376.0,206.8,False,False,2,False
2025-12-25,Deira Depot,DEI,Beverages,Cola 1.5L,89,4.0,2.2,356.0,195.8,False,False,3,False
2025-12-26,Deira Depot,DEI,Beverages,Cola 1.5L,95,4.0,2.2,380.0,209.0,False,False,4,False
2025-12-27,Deira Depot,DEI,Beverages,Cola 1.5L,109,4.0,2.2,436.0,239.8,False,False,5,True
2025-12-28,Deira Depot,DEI,Beverages,Cola 1.5L,69,4.0,2.2,276.0,151.8,False,False,6,True
2025-12-29,Deira Depot,DEI,Beverages,Cola 1.5L,72,4.0,2.2,288.0,158.4,False,False,0,False
2025-12-30,Deira Depot,DEI,Beverages,Cola 1.5L,46,4.0,2.2,184.0,101.2,False,False,1,False
2025-12-31,Deira Depot,DEI,Beverages,Cola 1.5L,69,4.0,2.2,276.0,151.8,False,False,2,False
2026-01-01,Deira Depot,DEI,Beverages,Cola 1.5L,95,4.0,2.2,380.0,209.0,False,False,3,False
2026-01-02,Deira Depot,DEI,Beverages,Cola 1.5L,77,4.0,2.2,308.0,169.4,False,False,4,False
2026-01-03,Deira Depot,DEI,Beverages,Cola 1.5L,80,4.0,2.2,320.0,176.0,False,False,5,True
2026-01-04,Deira Depot,DEI,Beverages,Cola 1.5L,120,4.0,2.2,480.0,264.0,False,False,6,True
2026-01-05,Deira Depot,DEI,Beverages,Cola 1.5L,60,4.0,2.2,240.0,132.0,False,False,0,False
2026-01-06,Deira Depot,DEI,Beverages,Cola 1.5L,59,4.0,2.2,236.0,129.8,False,False,1,False
2026-01-07,Deira Depot,DEI,Beverages,Cola 1.5L,83,4.0,2.2,332.0,182.6,False,False,2,False
2026-01-08,Deira Depot,DEI,Beverages,Cola 1.5L,111,3.2,2.2,355.2,244.2,True,False,3,False
2026-01-09,Deira Depot,DEI,Beverages,Cola 1.5L,91,4.0,2.2,364.0,200.2,False,False,4,False
2026-01-10,Deira Depot,DEI,Beverages,Cola 1.5L,72,4.0,2.2,288.0,158.4,False,False,5,True
2026-01-11,Deira Depot,DEI,Beverages,Cola 1.5L,93,4.0,2.2,372.0,204.6,False,False,6,True
2026-01-12,Deira Depot,DEI,Beverages,Cola 1.5L,58,4.0,2.2,232.0,127.6,False,False,0,False
2026-01-13,Deira Depot,DEI,Beverages,Cola 1.5L,65,4.0,2.2,260.0,143.0,False,False,1,False
2026-01-14,Deira Depot,DEI,Beverages,Cola 1.5L,124,3.2,2.2,396.8,272.8,True,False,2,False
2026-01-15,Deira Depot,DEI,Beverages,Cola 1.5L,103,3.2,2.2,329.6,226.6,True,False,3,False
2026-01-16,Deira Depot,DEI,Beverages,Cola 1.5L,127,4.0,2.2,508.0,279.4,False,False,4,False
2026-01-17,Deira Depot,DEI,Beverages,Cola 1.5L,130,4.0,2.2,520.0,286.0,False,False,5,True
2026-01-18,Deira Depot,DEI,Beverages,Cola 1.5L,39,4.0,2.2,156.0,85.8,False,False,6,True
2026-01-19,Deira Depot,DEI,Beverages,Cola 1.5L,70,4.0,2.2,280.0,154.0,False,False,0,False
2026-01-20,Deira Depot,DEI,Beverages,Cola 1.5L,154,3.2,2.2,492.8,338.8,True,False,1,False
2026-01-21,Deira Depot,DEI,Beverages,Cola 1.5L,67,4.0,2.2,268.0,147.4,False,False,2,False
2026-01-22,Deira Depot,DEI,Beverages,Cola 1.5L,69,4.0,2.2,276.0,151.8,False,False,3,False
2026-01-23,Deira Depot,DEI,Beverages,Cola 1.5L,73,4.0,2.2,292.0,160.6,False,False,4,False
2026-01-24,Deira Depot,DEI,Beverages,Cola 1.5L,82,4.0,2.2,328.0,180.4,False,False,5,True
2026-01-25,Deira Depot,DEI,Beverages,Cola 1.5L,88,4.0,2.2,352.0,193.6,False,False,6,True
2026-01-26,Deira Depot,DEI,Beverages,Cola 1.5L,69,4.0,2.2,276.0,151.8,False,False,0,False
2026-01-27,Deira Depot,DEI,Beverages,Cola 1.5L,28,4.0,2.2,112.0,61.6,False,False,1,False
2026-01-28,Deira Depot,DEI,Beverages,Cola 1.5L,72,4.0,2.2,288.0,158.4,False,False,2,False
2026-01-29,Deira Depot,DEI,Beverages,Cola 1.5L,37,4.0,2.2,148.0,81.4,False,False,3,False
2026-01-30,Deira Depot,DEI,Beverages,Cola 1.5L,91,4.0,2.2,364.0,200.2,False,False,4,False
2026-01-31,Deira Depot,DEI,Beverages,Cola 1.5L,69,4.0,2.2,276.0,151.8,False,False,5,True
2026-02-01,Deira Depot,DEI,Beverages,Cola 1.5L,94,4.0,2.2,376.0,206.8,False,False,6,True
2026-02-02,Deira Depot,DEI,Beverages,Cola 1.5L,87,4.0,2.2,348.0,191.4,False,False,0,False
2026-02-03,Deira Depot,DEI,Beverages,Cola 1.5L,65,4.0,2.2,260.0,143.0,False,False,1,False
2026-02-04,Deira Depot,DEI,Beverages,Cola 1.5L,78,4.0,2.2,312.0,171.6,False,False,2,False
2026-02-05,Deira Depot,DEI,Beverages,Cola 1.5L,102,4.0,2.2,408.0,224.4,False,False,3,False
2026-02-06,Deira Depot,DEI,Beverages,Cola 1.5L,55,4.0,2.2,220.0,121.0,False,False,4,False
2026-02-07,Deira Depot,DEI,Beverages,Cola 1.5L,110,4.0,2.2,440.0,242.0,False,False,5,True
2026-02-08,Deira Depot,DEI,Beverages,Cola 1.5L,84,4.0,2.2,336.0,184.8,False,False,6,True
2026-02-09,Deira Depot,DEI,Beverages,Cola 1.5L,49,4.0,2.2,196.0,107.8,False,False,0,False
2026-02-10,Deira Depot,DEI,Beverages,Cola 1.5L,65,4.0,2.2,260.0,143.0,False,False,1,False
2026-02-11,Deira Depot,DEI,Beverages,Cola 1.5L,80,4.0,2.2,320.0,176.0,False,False,2,False
2026-02-12,Deira Depot,DEI,Beverages,Cola 1.5L,77,4.0,2.2,308.0,169.4,False,False,3,False
2026-02-13,Deira Depot,DEI,Beverages,Cola 1.5L,74,4.0,2.2,296.0,162.8,False,False,4,False
2026-02-14,Deira Depot,DEI,Beverages,Cola 1.5L,175,3.2,2.2,560.0,385.0,True,False,5,True
2026-02-15,Deira Depot,DEI,Beverages,Cola 1.5L,80,4.0,2.2,320.0,176.0,False,False,6,True
2026-02-16,Deira Depot,DEI,Beverages,Cola 1.5L,76,4.0,2.2,304.0,167.2,False,False,0,False
2026-02-17,Deira Depot,DEI,Beverages,Cola 1.5L,59,4.0,2.2,236.0,129.8,False,False,1,False
2026-02-18,Deira Depot,DEI,Beverages,Cola 1.5L,60,4.0,2.2,240.0,132.0,False,False,2,False
2026-02-19,Deira Depot,DEI,Beverages,Cola 1.5L,70,4.0,2.2,280.0,154.0,False,False,3,False
2026-02-20,Deira Depot,DEI,Beverages,Cola 1.5L,79,4.0,2.2,316.0,173.8,False,False,4,False
2026-02-21,Deira Depot,DEI,Beverages,Cola 1.5L,114,4.0,2.2,456.0,250.8,False,False,5,True
2026-02-22,Deira Depot,DEI,Beverages,Cola 1.5L,101,4.0,2.2,404.0,222.2,False,False,6,True
2026-02-23,Deira Depot,DEI,Beverages,Cola 1.5L,69,4.0,2.2,276.0,151.8,False,False,0,False
2026-02-24,Deira Depot,DEI,Beverages,Cola 1.5L,82,4.0,2.2,328.0,180.4,False,False,1,False
2026-02-25,Deira Depot,DEI,Beverages,Cola 1.5L,74,4.0,2.2,296.0,162.8,False,False,2,False
2026-02-26,Deira Depot,DEI,Beverages,Cola 1.5L,85,4.0,2.2,340.0,187.0,False,False,3,False
2026-02-27,Deira Depot,DEI,Beverages,Cola 1.5L,71,4.0,2.2,284.0,156.2,False,False,4,False
2026-02-28,Deira Depot,DEI,Beverages,Cola 1.5L,133,4.0,2.2,532.0,292.6,False,False,5,True
2026-03-01,Deira Depot,DEI,Beverages,Cola 1.5L,76,4.0,2.2,304.0,167.2,False,False,6,True
2026-03-02,Deira Depot,DEI,Beverages,Cola 1.5L,61,4.0,2.2,244.0,134.2,False,False,0,False
2026-03-03,Deira Depot,DEI,Beverages,Cola 1.5L,97,4.0,2.2,388.0,213.4,False,False,1,False
2026-03-04,Deira Depot,DEI,Beverages,Cola 1.5L,80,4.0,2.2,320.0,176.0,False,False,2,False
2026-03-05,Deira Depot,DEI,Beverages,Cola 1.5L,66,4.0,2.2,264.0,145.2,False,False,3,False
2026-03-06,Deira Depot,DEI,Beverages,Cola 1.5L,83,4.0,2.2,332.0,182.6,False,False,4,False
2026-03-07,Deira Depot,DEI,Beverages,Cola 1.5L,94,4.0,2.2,376.0,206.8,False,False,5,True
2026-03-08,Deira Depot,DEI,Beverages,Cola 1.5L,106,4.0,2.2,424.0,233.2,False,True,6,True
2026-03-09,Deira Depot,DEI,Beverages,Cola 1.5L,77,4.0,2.2,308.0,169.4,False,False,0,False
2026-03-10,Deira Depot,DEI,Beverages,Cola 1.5L,45,4.0,2.2,180.0,99.0,False,False,1,False
2026-03-11,Deira Depot,DEI,Beverages,Cola 1.5L,79,4.0,2.2,316.0,173.8,False,False,2,False
2026-03-12,Deira Depot,DEI,Beverages,Cola 1.5L,64,4.0,2.2,256.0,140.8,False,False,3,False
2026-03-13,Deira Depot,DEI,Beverages,Cola 1.5L,123,3.2,2.2,393.6,270.6,True,False,4,False
2026-03-14,Deira Depot,DEI,Beverages,Cola 1.5L,89,4.0,2.2,356.0,195.8,False,False,5,True
2026-03-15,Deira Depot,DEI,Beverages,Cola 1.5L,86,4.0,2.2,344.0,189.2,False,False,6,True
2026-03-16,Deira Depot,DEI,Beverages,Cola 1.5L,54,4.0,2.2,216.0,118.8,False,False,0,False
2026-03-17,Deira Depot,DEI,Beverages,Cola 1.5L,70,4.0,2.2,280.0,154.0,False,False,1,False
2026-03-18,Deira Depot,DEI,Beverages,Cola 1.5L,41,4.0,2.2,164.0,90.2,False,False,2,False
2026-03-19,Deira Depot,DEI,Beverages,Cola 1.5L,105,4.0,2.2,420.0,231.0,False,False,3,False
2026-03-20,Deira Depot,DEI,Beverages,Cola 1.5L,119,4.0,2.2,476.0,261.8,False,False,4,False
2026-03-21,Deira Depot,DEI,Beverages,Cola 1.5L,103,4.0,2.2,412.0,226.6,False,False,5,True
2026-03-22,Deira Depot,DEI,Beverages,Cola 1.5L,114,4.0,2.2,456.0,250.8,False,False,6,True
2026-03-23,Deira Depot,DEI,Beverages,Cola 1.5L,62,4.0,2.2,248.0,136.4,False,False,0,False
2026-03-24,Deira Depot,DEI,Beverages,Cola 1.5L,46,4.0,2.2,184.0,101.2,False,False,1,False
2026-03-25,Deira Depot,DEI,Beverages,Cola 1.5L,87,4.0,2.2,348.0,191.4,False,False,2,False
2026-03-26,Deira Depot,DEI,Beverages,Cola 1.5L,69,4.0,2.2,276.0,151.8,False,False,3,False
2026-03-27,Deira Depot,DEI,Beverages,Cola 1.5L,83,4.0,2.2,332.0,182.6,False,False,4,False
2026-03-28,Deira Depot,DEI,Beverages,Cola 1.5L,122,3.2,2.2,390.4,268.4,True,False,5,True
2026-03-29,Deira Depot,DEI,Beverages,Cola 1.5L,78,4.0,2.2,312.0,171.6,False,False,6,True
