data/sample_grocery_data.csv
date,store,store_id,category,sku,units_sold,price,unit_cost,revenue,cost,promotion,stockout,day_of_week,is_weekend
2025-10-01,Deira Depot,DEI,Household,Dish Soap 500ml,31,8.0,4.4,248.0,136.4,False,False,2,False
2025-10-02,Deira Depot,DEI,Household,Dish Soap 500ml,37,8.0,4.4,296.0,162.8,False,False,3,False
2025-10-03,Deira Depot,DEI,Household,Dish Soap 500ml,45,8.0,4.4,360.0,198.0,False,False,4,False
2025-10-04,Deira Depot,DEI,Household,Dish Soap 500ml,43,8.0,4.4,344.0,189.2,False,False,5,True
2025-10-05,Deira Depot,DEI,Household,Dish Soap 500ml,74,6.4,4.4,473.6,325.6,True,False,6,True
2025-10-06,Deira Depot,DEI,Household,Dish Soap 500ml,48,6.4,4.4,307.2,211.2,True,False,0,False
2025-10-07,Deira Depot,DEI,Household,Dish Soap 500ml,43,8.0,4.4,344.0,189.2,False,False,1,False
2025-10-08,Deira Depot,DEI,Household,Dish Soap 500ml,40,8.0,4.4,320.0,176.0,False,False,2,False
2025-10-09,Deira Depot,DEI,Household,Dish Soap 500ml,45,8.0,4.4,360.0,198.0,False,False,3,False
2025-10-10,Deira Depot,DEI,Household,Dish Soap 500ml,43,8.0,4.4,344.0,189.2,False,False,4,False
2025-10-11,Deira Depot,DEI,Household,Dish Soap 500ml,50,8.0,4.4,400.0,220.0,False,False,5,True
2025-10-12,Deira Depot,DEI,Household,Dish Soap 500ml,48,8.0,4.4,384.0,211.2,False,False,6,True
2025-10-13,Deira Depot,DEI,Household,Dish Soap 500ml,41,8.0,4.4,328.0,180.4,False,False,0,False
2025-10-14,Deira Depot,DEI,Household,Dish Soap 500ml,35,8.0,4.4,280.0,154.0,False,False,1,False
2025-10-15,Deira Depot,DEI,Household,Dish Soap 500ml,43,8.0,4.4,344.0,189.2,False,False,2,False
2025-10-16,Deira Depot,DEI,Household,Dish Soap 500ml,41,8.0,4.4,328.0,180.4,False,False,3,False
2025-10-17,Deira Depot,DEI,Household,Dish Soap 500ml,40,8.0,4.4,320.0,176.0,False,False,4,False
2025-10-18,Deira Depot,DEI,Household,Dish Soap 500ml,47,8.0,4.4,376.0,206.8,False,False,5,True
2025-10-19,Deira Depot,DEI,Household,Dish Soap 500ml,49,8.0,4.4,392.0,215.6,False,False,6,True
2025-10-20,Deira Depot,DEI,Household,Dish Soap 500ml,30,8.0,4.4,240.0,132.0,False,False,0,False
2025-10-21,Deira Depot,DEI,Household,Dish Soap 500ml,36,8.0,4.4,288.0,158.4,False,False,1,False
2025-10-22,Deira Depot,DEI,Household,Dish Soap 500ml,41,8.0,4.4,328.0,180.4,False,False,2,False
2025-10-23,Deira Depot,DEI,Household,Dish Soap 500ml,42,8.0,4.4,336.0,184.8,False,False,3,False
2025-10-24,Deira Depot,DEI,Household,Dish Soap 500ml,35,8.0,4.4,280.0,154.0,False,False,4,False
2025-10-25,Deira Depot,DEI,Household,Dish Soap 500ml,75,6.4,4.4,480.0,330.0,True,False,5,True
2025-10-26,Deira Depot,DEI,Household,Dish Soap 500ml,46,8.0,4.4,368.0,202.4,False,False,6,True
2025-10-27,Deira Depot,DEI,Household,Dish Soap 500ml,36,8.0,4.4,288.0,158.4,False,False,0,False
2025-10-28,Deira Depot,DEI,Household,Dish Soap 500ml,30,8.0,4.4,240.0,132.0,False,False,1,False
2025-10-29,Deira Depot,DEI,Household,Dish Soap 500ml,40,8.0,4.4,320.0,176.0,False,False,2,False
2025-10-30,Deira Depot,DEI,Household,Dish Soap 500ml,49,8.0,4.4,392.0,215.6,False,False,3,False
2025-10-31,Deira Depot,DEI,Household,Dish Soap 500ml,35,8.0,4.4,280.0,154.0,False,False,4,False
2025-11-01,Deira Depot,DEI,Household,Dish Soap 500ml,51,8.0,4.4,408.0,224.4,False,False,5,True
2025-11-02,Deira Depot,DEI,Household,Dish Soap 500ml,53,8.0,4.4,424.0,233.2,False,False,6,True
2025-11-03,Deira Depot,DEI,Household,Dish Soap 500ml,33,8.0,4.4,264.0,145.2,False,False,0,False
2025-11-04,Deira Depot,DEI,Household,Dish Soap 500ml,39,8.0,4.4,312.0,171.6,False,False,1,False
2025-11-05,Deira Depot,DEI,Household,Dish Soap 500ml,37,8.0,4.4,296.0,162.8,False,False,2,False
2025-11-06,Deira Depot,DEI,Household,Dish Soap 500ml,45,8.0,4.4,360.0,198.0,False,False,3,False
2025-11-07,Deira Depot,DEI,Household,Dish Soap 500ml,48,8.0,4.4,384.0,211.2,False,False,4,False
2025-11-08,Deira Depot,DEI,Household,Dish Soap 500ml,55,8.0,4.4,440.0,242.0,False,False,5,True
2025-11-09,Deira Depot,DEI,Household,Dish Soap 500ml,47,8.0,4.4,376.0,206.8,False,False,6,True
2025-11-10,Deira Depot,DEI,Household,Dish Soap 500ml,35,8.0,4.4,280.0,154.0,False,False,0,False
2025-11-11,Deira Depot,DEI,Household,Dish Soap 500ml,33,8.0,4.4,264.0,145.2,False,False,1,False
2025-11-12,Deira Depot,DEI,Household,Dish Soap 500ml,41,8.0,4.4,328.0,180.4,False,False,2,False
2025-11-13,Deira Depot,DEI,Household,Dish Soap 500ml,47,8.0,4.4,376.0,206.8,False,False,3,False
2025-11-14,Deira Depot,DEI,Household,Dish Soap 500ml,43,8.0,4.4,344.0,189.2,False,False,4,False
2025-11-15,Deira Depot,DEI,Household,Dish Soap 500ml,50,8.0,4.4,400.0,220.0,False,True,5,True
2025-11-16,Deira Depot,DEI,Household,Dish Soap 500ml,50,8.0,4.4,400.0,220.0,False,False,6,True
2025-11-17,Deira Depot,DEI,Household,Dish Soap 500ml,39,8.0,4.4,312.0,171.6,False,False,0,False
2025-11-18,Deira Depot,DEI,Household,Dish Soap 500ml,42,8.0,4.4,336.0,184.8,False,False,1,False
2025-11-19,Deira Depot,DEI,Household,Dish Soap 500ml,33,8.0,4.4,264.0,145.2,False,False,2,False
2025-11-20,Deira Depot,DEI,Household,Dish Soap 500ml,49,6.4,4.4,313.6,215.6,True,False,3,False
2025-11-21,Deira Depot,DEI,Household,Dish Soap 500ml,44,8.0,4.4,352.0,193.6,False,False,4,False
2025-11-22,Deira Depot,DEI,Household,Dish Soap 500ml,40,8.0,4.4,320.0,176.0,False,False,5,True
2025-11-23,Deira Depot,DEI,Household,Dish Soap 500ml,46,8.0,4.4,368.0,202.4,False,False,6,True
2025-11-24,Deira Depot,DEI,Household,Dish Soap 500ml,31,8.0,4.4,248.0,136.4,False,True,0,False
2025-11-25,Deira Depot,DEI,Household,Dish Soap 500ml,38,8.0,4.4,304.0,167.2,False,False,1,False
2025-11-26,Deira Depot,DEI,Household,Dish Soap 500ml,38,8.0,4.4,304.0,167.2,False,False,2,False
2025-11-27,Deira Depot,DEI,Household,Dish Soap 500ml,49,8.0,4.4,392.0,215.6,False,False,3,False
2025-11-28,Deira Depot,DEI,Household,Dish Soap 500ml,71,6.4,4.4,454.4,312.4,True,False,4,False
2025-11-29,Deira Depot,DEI,Household,Dish Soap 500ml,60,8.0,4.4,480.0,264.0,False,False,5,True
2025-11-30,Deira Depot,DEI,Household,Dish Soap 500ml,53,8.0,4.4,424.0,233.2,False,False,6,True
2025-12-01,Deira Depot,DEI,Household,Dish Soap 500ml,38,8.0,4.4,304.0,167.2,False,False,0,False
2025-12-02,Deira Depot,DEI,Household,Dish Soap 500ml,35,8.0,4.4,280.0,154.0,False,False,1,False
2025-12-03,Deira Depot,DEI,Household,Dish Soap 500ml,40,8.0,4.4,320.0,176.0,False,False,2,False
2025-12-04,Deira Depot,DEI,Household,Dish Soap 500ml,43,8.0,4.4,344.0,189.2,False,False,3,False
2025-12-05,Deira Depot,DEI,Household,Dish Soap 500ml,36,8.0,4.4,288.0,158.4,False,False,4,False
2025-12-06,Deira Depot,DEI,Household,Dish Soap 500ml,55,8.0,4.4,440.0,242.0,False,False,5,True
2025-12-07,Deira Depot,DEI,Household,Dish Soap 500ml,56,8.0,4.4,448.0,246.4,False,False,6,True
2025-12-08,Deira Depot,DEI,Household,Dish Soap 500ml,38,8.0,4.4,304.0,167.2,False,False,0,False
2025-12-09,Deira Depot,DEI,Household,Dish Soap 500ml,35,8.0,4.4,280.0,154.0,False,False,1,False
2025-12-10,Deira Depot,DEI,Household,Dish Soap 500ml,45,8.0,4.4,360.0,198.0,False,False,2,False
2025-12-11,Deira Depot,DEI,Household,Dish Soap 500ml,46,8.0,4.4,368.0,202.4,False,False,3,False
2025-12-12,Deira Depot,DEI,Household,Dish Soap 500ml,56,8.0,4.4,448.0,246.4,False,False,4,False
2025-12-13,Deira Depot,DEI,Household,Dish Soap 500ml,50,8.0,4.4,400.0,220.0,False,False,5,True
2025-12-14,Deira Depot,DEI,Household,Dish Soap 500ml,50,8.0,4.4,400.0,220.0,False,False,6,True
2025-12-15,Deira Depot,DEI,Household,Dish Soap 500ml,38,8.0,4.4,304.0,167.2,False,False,0,False
2025-12-16,Deira Depot,DEI,Household,Dish Soap 500ml,31,8.0,4.4,248.0,136.4,False,False,1,False
2025-12-17,Deira Depot,DEI,Household,Dish Soap 500ml,33,8.0,4.4,264.0,145.2,False,False,2,False
2025-12-18,Deira Depot,DEI,Household,Dish Soap 500ml,38,8.0,4.4,304.0,167.2,False,False,3,False
2025-12-19,Deira Depot,DEI,Household,Dish Soap 500ml,44,8.0,4.4,352.0,193.6,False,False,4,False
2025-12-20,Deira Depot,DEI,Household,Dish Soap 500ml,42,8.0,4.4,336.0,184.8,False,False,5,True
2025-12-21,Deira Depot,DEI,Household,Dish Soap 500ml,46,8.0,4.4,368.0,202.4,False,False,6,True
2025-12-22,Deira Depot,DEI,Household,Dish Soap 500ml,35,8.0,4.4,280.0,154.0,False,False,0,False
2025-12-23,Deira Depot,DEI,Household,Dish Soap 500ml,28,8.0,4.4,224.0,123.2,False,False,1,False
2025-12-24,Deira Depot,DEI,Household,Dish Soap 500ml,40,8.0,4.4,320.0,176.0,False,False,2,False
2025-12-25,Deira Depot,DEI,Household,Dish Soap 500ml,47,8.0,4.4,376.0,206.8,False,False,3,False
2025-12-26,Deira Depot,DEI,Household,Dish Soap 500ml,40,8.0,4.4,320.0,176.0,False,False,4,False
2025-12-27,Deira Depot,DEI,Household,Dish Soap 500ml,62,8.0,4.4,496.0,272.8,False,False,5,True
2025-12-28,Deira Depot,DEI,Household,Dish Soap 500ml,50,8.0,4.4,400.0,220.0,False,False,6,True
2025-12-29,Deira Depot,DEI,Household,Dish Soap 500ml,36,8.0,4.4,288.0,158.4,False,False,0,False
2025-12-30,Deira Depot,DEI,Household,Dish Soap 500ml,36,8.0,4.4,288.0,158.4,False,False,1,False
2025-12-31,Deira Depot,DEI,Household,Dish Soap 500ml,69,6.4,4.4,441.6,303.6,True,False,2,False
2026-01-01,Deira Depot,DEI,Household,Dish Soap 500ml,44,8.0,4.4,352.0,193.6,False,False,3,False
2026-01-02,Deira Depot,DEI,Household,Dish Soap 500ml,55,6.4,4.4,352.0,242.0,True,True,4,False
2026-01-03,Deira Depot,DEI,Household,Dish Soap 500ml,51,8.0,4.4,408.0,224.4,False,False,5,True
2026-01-04,Deira Depot,DEI,Household,Dish Soap 500ml,50,8.0,4.4,400.0,220.0,False,False,6,True
2026-01-05,Deira Depot,DEI,Household,Dish Soap 500ml,35,8.0,4.4,280.0,154.0,False,False,0,False
2026-01-06,Deira Depot,DEI,Household,Dish Soap 500ml,36,8.0,4.4,288.0,158.4,False,False,1,False
2026-01-07,Deira Depot,DEI,Household,Dish Soap 500ml,40,8.0,4.4,320.0,176.0,False,False,2,False
2026-01-08,Deira Depot,DEI,Household,Dish Soap 500ml,43,8.0,4.4,344.0,189.2,False,False,3,False
2026-01-09,Deira Depot,DEI,Household,Dish Soap 500ml,49,8.0,4.4,392.0,215.6,False,False,4,False
2026-01-10,Deira Depot,DEI,Household,Dish Soap 500ml,43,8.0,4.4,344.0,189.2,False,False,5,True
2026-01-11,Deira Depot,DEI,Household,Dish Soap 500ml,46,8.0,4.4,368.0,202.4,False,False,6,True
2026-01-12,Deira Depot,DEI,Household,Dish Soap 500ml,41,8.0,4.4,328.0,180.4,False,False,0,False
2026-01-13,Deira Depot,DEI,Household,Dish Soap 500ml,37,8.0,4.4,296.0,162.8,False,False,1,False
2026-01-14,Deira Depot,DEI,Household,Dish Soap 500ml,45,8.0,4.4,360.0,198.0,False,False,2,False
2026-01-15,Deira Depot,DEI,Household,Dish Soap 500ml,47,8.0,4.4,376.0,206.8,False,False,3,False
2026-01-16,Deira Depot,DEI,Household,Dish Soap 500ml,42,8.0,4.4,336.0,184.8,False,False,4,False
2026-01-17,Deira Depot,DEI,Household,Dish Soap 500ml,47,8.0,4.4,376.0,206.8,False,False,5,True
2026-01-18,Deira Depot,DEI,Household,Dish Soap 500ml,47,8.0,4.4,376.0,206.8,False,False,6,True
2026-01-19,Deira Depot,DEI,Household,Dish Soap 500ml,36,8.0,4.4,288.0,158.4,False,False,0,False
2026-01-20,Deira Depot,DEI,Household,Dish Soap 500ml,41,8.0,4.4,328.0,180.4,False,False,1,False
2026-01-21,Deira Depot,DEI,Household,Dish Soap 500ml,50,8.0,4.4,400.0,220.0,False,False,2,False
2026-01-22,Deira Depot,DEI,Household,Dish Soap 500ml,45,8.0,4.4,360.0,198.0,False,False,3,False
2026-01-23,Deira Depot,DEI,Household,Dish Soap 500ml,44,8.0,4.4,352.0,193.6,False,False,4,False
2026-01-24,Deira Depot,DEI,Household,Dish Soap 500ml,49,8.0,4.4,392.0,215.6,False,False,5,True
2026-01-25,Deira Depot,DEI,Household,Dish Soap 500ml,49,8.0,4.4,392.0,215.6,False,False,6,True
2026-01-26,Deira Depot,DEI,Household,Dish Soap 500ml,40,8.0,4.4,320.0,176.0,False,False,0,False
2026-01-27,Deira Depot,DEI,Household,Dish Soap 500ml,43,8.0,4.4,344.0,189.2,False,False,1,False
2026-01-28,Deira Depot,DEI,Household,Dish Soap 500ml,41,8.0,4.4,328.0,180.4,False,False,2,False
2026-01-29,Deira Depot,DEI,Household,Dish Soap 500ml,46,8.0,4.4,368.0,202.4,False,False,3,False
2026-01-30,Deira Depot,DEI,Household,Dish Soap 500ml,48,8.0,4.4,384.0,211.2,False,False,4,False
2026-01-31,Deira Depot,DEI,Household,Dish Soap 500ml,57,8.0,4.4,456.0,250.8,False,False,5,True
2026-02-01,Deira Depot,DEI,Household,Dish Soap 500ml,50,8.0,4.4,400.0,220.0,False,False,6,True
2026-02-02,Deira Depot,DEI,Household,Dish Soap 500ml,38,8.0,4.4,304.0,167.2,False,False,0,False
2026-02-03,Deira Depot,DEI,Household,Dish Soap 500ml,34,8.0,4.4,272.0,149.6,False,False,1,False
2026-02-04,Deira Depot,DEI,Household,Dish Soap 500ml,42,8.0,4.4,336.0,184.8,False,False,2,False
2026-02-05,Deira Depot,DEI,Household,Dish Soap 500ml,41,8.0,4.4,328.0,180.4,False,False,3,False
2026-02-06,Deira Depot,DEI,Household,Dish Soap 500ml,42,8.0,4.4,336.0,184.8,False,False,4,False
2026-02-07,Deira Depot,DEI,Household,Dish Soap 500ml,59,8.0,4.4,472.0,259.6,False,False,5,True
2026-02-08,Deira Depot,DEI,Household,Dish Soap 500ml,47,8.0,4.4,376.0,206.8,False,False,6,True
2026-02-09,Deira Depot,DEI,Household,Dish Soap 500ml,35,8.0,4.4,280.0,154.0,False,False,0,False
2026-02-10,Deira Depot,DEI,Household,Dish Soap 500ml,43,8.0,4.4,344.0,189.2,False,False,1,False
2026-02-11,Deira Depot,DEI,Household,Dish Soap 500ml,40,8.0,4.4,320.0,176.0,False,False,2,False
2026-02-12,Deira Depot,DEI,Household,Dish Soap 500ml,40,8.0,4.4,320.0,176.0,False,False,3,False
2026-02-13,Deira Depot,DEI,Household,Dish Soap 500ml,48,8.0,4.4,384.0,211.2,False,False,4,False
2026-02-14,Deira Depot,DEI,Household,Dish Soap 500ml,54,8.0,4.4,432.0,237.6,False,False,5,True
2026-02-15,Deira Depot,DEI,Household,Dish Soap 500ml,38,8.0,4.4,304.0,167.2,False,False,6,True
2026-02-16,Deira Depot,DEI,Household,Dish Soap 500ml,37,8.0,4.4,296.0,162.8,False,False,0,False
2026-02-17,Deira Depot,DEI,Household,Dish Soap 500ml,38,8.0,4.4,304.0,167.2,False,False,1,False
2026-02-18,Deira Depot,DEI,Household,Dish Soap 500ml,41,8.0,4.4,328.0,180.4,False,False,2,False
2026-02-19,Deira Depot,DEI,Household,Dish Soap 500ml,45,8.0,4.4,360.0,198.0,False,False,3,False
2026-02-20,Deira Depot,DEI,Household,Dish Soap 500ml,35,8.0,4.4,280.0,154.0,False,False,4,False
2026-02-21,Deira Depot,DEI,Household,Dish Soap 500ml,56,8.0,4.4,448.0,246.4,False,False,5,True
2026-02-22,Deira Depot,DEI,Household,Dish Soap 500ml,50,8.0,4.4,400.0,220.0,False,False,6,True
2026-02-23,Deira Depot,DEI,Household,Dish Soap 500ml,37,8.0,4.4,296.0,162.8,False,False,0,False
2026-02-24,Deira Depot,DEI,Household,Dish Soap 500ml,40,8.0,4.4,320.0,176.0,False,False,1,False
2026-02-25,Deira Depot,DEI,Household,Dish Soap 500ml,38,8.0,4.4,304.0,167.2,False,False,2,False
2026-02-26,Deira Depot,DEI,Household,Dish Soap 500ml,44,8.0,4.4,352.0,193.6,False,False,3,False
2026-02-27,Deira Depot,DEI,Household,Dish Soap 500ml,47,8.0,4.4,376.0,206.8,False,False,4,False
2026-02-28,Deira Depot,DEI,Household,Dish Soap 500ml,59,8.0,4.4,472.0,259.6,False,False,5,True
2026-03-01,Deira Depot,DEI,Household,Dish Soap 500ml,47,8.0,4.4,376.0,206.8,False,False,6,True
2026-03-02,Deira Depot,DEI,Household,Dish Soap 500ml,35,8.0,4.4,280.0,154.0,False,False,0,False
2026-03-03,Deira Depot,DEI,Household,Dish Soap 500ml,30,8.0,4.4,240.0,132.0,False,False,1,False
2026-03-04,Deira Depot,DEI,Household,Dish Soap 500ml,37,8.0,4.4,296.0,162.8,False,False,2,False
2026-03-05,Deira Depot,DEI,Household,Dish Soap 500ml,37,8.0,4.4,296.0,162.8,False,False,3,False
2026-03-06,Deira Depot,DEI,Household,Dish Soap 500ml,52,8.0,4.4,416.0,228.8,False,False,4,False
2026-03-07,Deira Depot,DEI,Household,Dish Soap 500ml,44,8.0,4.4,352.0,193.6,False,False,5,True
2026-03-08,Deira Depot,DEI,Household,Dish Soap 500ml,53,8.0,4.4,424.0,233.2,False,False,6,True
2026-03-09,Deira Depot,DEI,Household,Dish Soap 500ml,42,8.0,4.4,336.0,184.8,False,False,0,False
2026-03-10,Deira Depot,DEI,Household,Dish Soap 500ml,42,8.0,4.4,336.0,184.8,False,False,1,False
2026-03-11,Deira Depot,DEI,Household,Dish Soap 500ml,46,8.0,4.4,368.0,202.4,False,False,2,False
2026-03-12,Deira Depot,DEI,Household,Dish Soap 500ml,41,8.0,4.4,328.0,180.4,False,False,3,False
2026-03-13,Deira Depot,DEI,Household,Dish Soap 500ml,40,8.0,4.4,320.0,176.0,False,False,4,False
2026-03-14,Deira Depot,DEI,Household,Dish Soap 500ml,53,8.0,4.4,424.0,233.2,False,False,5,True
2026-03-15,Deira Depot,DEI,Household,Dish Soap 500ml,58,8.0,4.4,464.0,255.2,False,False,6,True
2026-03-16,Deira Depot,DEI,Household,Dish Soap 500ml,37,8.0,4.4,296.0,162.8,False,False,0,False
2026-03-17,Deira Depot,DEI,Household,Dish Soap 500ml,41,8.0,4.4,328.0,180.4,False,False,1,False
2026-03-18,Deira Depot,DEI,Household,Dish Soap 500ml,55,6.4,4.4,352.0,242.0,True,False,2,False
2026-03-19,Deira Depot,DEI,Household,Dish Soap 500ml,49,8.0,4.4,392.0,215.6,False,False,3,False
2026-03-20,Deira Depot,DEI,Household,Dish Soap 500ml,51,8.0,4.4,408.0,224.4,False,False,4,False
2026-03-21,Deira Depot,DEI,Household,Dish Soap 500ml,51,8.0,4.4,408.0,224.4,False,False,5,True
2026-03-22,Deira Depot,DEI,Household,Dish Soap 500ml,49,8.0,4.4,392.0,215.6,False,False,6,True
2026-03-23,Deira Depot,DEI,Household,Dish Soap 500ml,34,8.0,4.4,272.0,149.6,False,False,0,False
2026-03-24,Deira Depot,DEI,Household,Dish Soap 500ml,41,8.0,4.4,328.0,180.4,False,False,1,False
2026-03-25,Deira Depot,DEI,Household,Dish Soap 500ml,38,8.0,4.4,304.0,167.2,False,False,2,False
2026-03-26,Deira Depot,DEI,Household,Dish Soap 500ml,53,8.0,4.4,424.0,233.2,False,False,3,False
2026-03-27,Deira Depot,DEI,Household,Dish Soap 500ml,48,8.0,4.4,384.0,211.2,False,False,4,False
2026-03-28,Deira Depot,DEI,Household,Dish Soap 500ml,47,8.0,4.4,376.0,206.8,False,False,5,True
2026-03-29,Deira Depot,DEI,Household,Dish Soap 500ml,53,8.0,4.4,424.0,233.2,False,False,6,True
2025-10-01,Deira Depot,DEI,Beverages,Energy Drink 250ml,66,5.0,2.75,330.0,181.5,False,False,2,False
2025-10-02,Deira Depot,DEI,Beverages,Energy Drink 250ml,92,5.0,2.75,460.0,253.0,False,False,3,False
2025-10-03,Deira Depot,DEI,Beverages,Energy Drink 250ml,86,5.0,2.75,430.0,236.5,False,False,4,False
2025-10-04,Deira Depot,DEI,Beverages,Energy Drink 250ml,128,5.0,2.75,640.0,352.0,False,False,5,True
2025-10-05,Deira Depot,DEI,Beverages,Energy Drink 250ml,71,5.0,2.75,355.0,195.25,False,False,6,True
2025-10-06,Deira Depot,DEI,Beverages,Energy Drink 250ml,60,5.0,2.75,300.0,165.0,False,False,0,False
