data/sample_grocery_data.csv
date,store,store_id,category,sku,units_sold,price,unit_cost,revenue,cost,promotion,stockout,day_of_week,is_weekend
2025-10-01,Deira Depot,DEI,Pharmacy,Face Masks 50pk,18,12.0,6.6,216.0,118.8,False,False,2,False
2025-10-02,Deira Depot,DEI,Pharmacy,Face Masks 50pk,20,12.0,6.6,240.0,132.0,False,False,3,False
2025-10-03,Deira Depot,DEI,Pharmacy,Face Masks 50pk,20,12.0,6.6,240.0,132.0,False,False,4,False
2025-10-04,Deira Depot,DEI,Pharmacy,Face Masks 50pk,24,12.0,6.6,288.0,158.4,False,False,5,True
2025-10-05,Deira Depot,DEI,Pharmacy,Face Masks 50pk,25,12.0,6.6,300.0,165.0,False,False,6,True
2025-10-06,Deira Depot,DEI,Pharmacy,Face Masks 50pk,16,12.0,6.6,192.0,105.6,False,False,0,False
2025-10-07,Deira Depot,DEI,Pharmacy,Face Masks 50pk,15,12.0,6.6,180.0,99.0,False,False,1,False
2025-10-08,Deira Depot,DEI,Pharmacy,Face Masks 50pk,18,12.0,6.6,216.0,118.8,False,False,2,False
2025-10-09,Deira Depot,DEI,Pharmacy,Face Masks 50pk,20,12.0,6.6,240.0,132.0,False,False,3,False
2025-10-10,Deira Depot,DEI,Pharmacy,Face Masks 50pk,21,12.0,6.6,252.0,138.6,False,False,4,False
2025-10-11,Deira Depot,DEI,Pharmacy,Face Masks 50pk,24,12.0,6.6,288.0,158.4,False,False,5,True
2025-10-12,Deira Depot,DEI,Pharmacy,Face Masks 50pk,24,12.0,6.6,288.0,158.4,False,False,6,True
2025-10-13,Deira Depot,DEI,Pharmacy,Face Masks 50pk,18,12.0,6.6,216.0,118.8,False,False,0,False
2025-10-14,Deira Depot,DEI,Pharmacy,Face Masks 50pk,15,12.0,6.6,180.0,99.0,False,False,1,False
2025-10-15,Deira Depot,DEI,Pharmacy,Face Masks 50pk,21,12.0,6.6,252.0,138.6,False,False,2,False
2025-10-16,Deira Depot,DEI,Pharmacy,Face Masks 50pk,21,12.0,6.6,252.0,138.6,False,False,3,False
2025-10-17,Deira Depot,DEI,Pharmacy,Face Masks 50pk,20,12.0,6.6,240.0,132.0,False,False,4,False
2025-10-18,Deira Depot,DEI,Pharmacy,Face Masks 50pk,24,12.0,6.6,288.0,158.4,False,False,5,True
2025-10-19,Deira Depot,DEI,Pharmacy,Face Masks 50pk,19,12.0,6.6,228.0,125.4,False,False,6,True
2025-10-20,Deira Depot,DEI,Pharmacy,Face Masks 50pk,22,9.6,6.6,211.2,145.2,True,False,0,False
2025-10-21,Deira Depot,DEI,Pharmacy,Face Masks 50pk,17,12.0,6.6,204.0,112.2,False,False,1,False
2025-10-22,Deira Depot,DEI,Pharmacy,Face Masks 50pk,22,12.0,6.6,264.0,145.2,False,False,2,False
2025-10-23,Deira Depot,DEI,Pharmacy,Face Masks 50pk,21,12.0,6.6,252.0,138.6,False,False,3,False
2025-10-24,Deira Depot,DEI,Pharmacy,Face Masks 50pk,21,12.0,6.6,252.0,138.6,False,False,4,False
2025-10-25,Deira Depot,DEI,Pharmacy,Face Masks 50pk,27,12.0,6.6,324.0,178.2,False,False,5,True
2025-10-26,Deira Depot,DEI,Pharmacy,Face Masks 50pk,22,12.0,6.6,264.0,145.2,False,False,6,True
2025-10-27,Deira Depot,DEI,Pharmacy,Face Masks 50pk,16,12.0,6.6,192.0,105.6,False,False,0,False
2025-10-28,Deira Depot,DEI,Pharmacy,Face Masks 50pk,16,12.0,6.6,192.0,105.6,False,False,1,False
2025-10-29,Deira Depot,DEI,Pharmacy,Face Masks 50pk,18,12.0,6.6,216.0,118.8,False,False,2,False
2025-10-30,Deira Depot,DEI,Pharmacy,Face Masks 50pk,20,12.0,6.6,240.0,132.0,False,False,3,False
2025-10-31,Deira Depot,DEI,Pharmacy,Face Masks 50pk,21,12.0,6.6,252.0,138.6,False,False,4,False
2025-11-01,Deira Depot,DEI,Pharmacy,Face Masks 50pk,25,12.0,6.6,300.0,165.0,False,False,5,True
2025-11-02,Deira Depot,DEI,Pharmacy,Face Masks 50pk,22,12.0,6.6,264.0,145.2,False,False,6,True
2025-11-03,Deira Depot,DEI,Pharmacy,Face Masks 50pk,16,12.0,6.6,192.0,105.6,False,False,0,False
2025-11-04,Deira Depot,DEI,Pharmacy,Face Masks 50pk,16,12.0,6.6,192.0,105.6,False,False,1,False
2025-11-05,Deira Depot,DEI,Pharmacy,Face Masks 50pk,38,9.6,6.6,364.8,250.8,True,True,2,False
2025-11-06,Deira Depot,DEI,Pharmacy,Face Masks 50pk,19,12.0,6.6,228.0,125.4,False,False,3,False
2025-11-07,Deira Depot,DEI,Pharmacy,Face Masks 50pk,20,12.0,6.6,240.0,132.0,False,False,4,False
2025-11-08,Deira Depot,DEI,Pharmacy,Face Masks 50pk,24,12.0,6.6,288.0,158.4,False,False,5,True
2025-11-09,Deira Depot,DEI,Pharmacy,Face Masks 50pk,24,12.0,6.6,288.0,158.4,False,False,6,True
2025-11-10,Deira Depot,DEI,Pharmacy,Face Masks 50pk,19,12.0,6.6,228.0,125.4,False,False,0,False
2025-11-11,Deira Depot,DEI,Pharmacy,Face Masks 50pk,23,9.6,6.6,220.8,151.8,True,False,1,False
2025-11-12,Deira Depot,DEI,Pharmacy,Face Masks 50pk,17,12.0,6.6,204.0,112.2,False,False,2,False
2025-11-13,Deira Depot,DEI,Pharmacy,Face Masks 50pk,21,12.0,6.6,252.0,138.6,False,False,3,False
2025-11-14,Deira Depot,DEI,Pharmacy,Face Masks 50pk,23,12.0,6.6,276.0,151.8,False,False,4,False
2025-11-15,Deira Depot,DEI,Pharmacy,Face Masks 50pk,26,12.0,6.6,312.0,171.6,False,False,5,True
2025-11-16,Deira Depot,DEI,Pharmacy,Face Masks 50pk,23,12.0,6.6,276.0,151.8,False,False,6,True
2025-11-17,Deira Depot,DEI,Pharmacy,Face Masks 50pk,16,12.0,6.6,192.0,105.6,False,False,0,False
2025-11-18,Deira Depot,DEI,Pharmacy,Face Masks 50pk,16,12.0,6.6,192.0,105.6,False,False,1,False
2025-11-19,Deira Depot,DEI,Pharmacy,Face Masks 50pk,21,12.0,6.6,252.0,138.6,False,False,2,False
2025-11-20,Deira Depot,DEI,Pharmacy,Face Masks 50pk,21,12.0,6.6,252.0,138.6,False,False,3,False
2025-11-21,Deira Depot,DEI,Pharmacy,Face Masks 50pk,18,12.0,6.6,216.0,118.8,False,False,4,False
2025-11-22,Deira Depot,DEI,Pharmacy,Face Masks 50pk,27,12.0,6.6,324.0,178.2,False,False,5,True
2025-11-23,Deira Depot,DEI,Pharmacy,Face Masks 50pk,19,12.0,6.6,228.0,125.4,False,False,6,True
2025-11-24,Deira Depot,DEI,Pharmacy,Face Masks 50pk,17,12.0,6.6,204.0,112.2,False,False,0,False
2025-11-25,Deira Depot,DEI,Pharmacy,Face Masks 50pk,17,12.0,6.6,204.0,112.2,False,False,1,False
2025-11-26,Deira Depot,DEI,Pharmacy,Face Masks 50pk,20,12.0,6.6,240.0,132.0,False,False,2,False
2025-11-27,Deira Depot,DEI,Pharmacy,Face Masks 50pk,18,12.0,6.6,216.0,118.8,False,False,3,False
2025-11-28,Deira Depot,DEI,Pharmacy,Face Masks 50pk,22,12.0,6.6,264.0,145.2,False,False,4,False
2025-11-29,Deira Depot,DEI,Pharmacy,Face Masks 50pk,22,12.0,6.6,264.0,145.2,False,False,5,True
2025-11-30,Deira Depot,DEI,Pharmacy,Face Masks 50pk,21,12.0,6.6,252.0,138.6,False,False,6,True
2025-12-01,Deira Depot,DEI,Pharmacy,Face Masks 50pk,18,12.0,6.6,216.0,118.8,False,False,0,False
2025-12-02,Deira Depot,DEI,Pharmacy,Face Masks 50pk,17,12.0,6.6,204.0,112.2,False,False,1,False
2025-12-03,Deira Depot,DEI,Pharmacy,Face Masks 50pk,18,12.0,6.6,216.0,118.8,False,False,2,False
2025-12-04,Deira Depot,DEI,Pharmacy,Face Masks 50pk,22,12.0,6.6,264.0,145.2,False,False,3,False
2025-12-05,Deira Depot,DEI,Pharmacy,Face Masks 50pk,30,9.6,6.6,288.0,198.0,True,False,4,False
2025-12-06,Deira Depot,DEI,Pharmacy,Face Masks 50pk,24,12.0,6.6,288.0,158.4,False,False,5,True
2025-12-07,Deira Depot,DEI,Pharmacy,Face Masks 50pk,20,12.0,6.6,240.0,132.0,False,False,6,True
2025-12-08,Deira Depot,DEI,Pharmacy,Face Masks 50pk,18,12.0,6.6,216.0,118.8,False,False,0,False
2025-12-09,Deira Depot,DEI,Pharmacy,Face Masks 50pk,18,12.0,6.6,216.0,118.8,False,False,1,False
2025-12-10,Deira Depot,DEI,Pharmacy,Face Masks 50pk,18,12.0,6.6,216.0,118.8,False,False,2,False
2025-12-11,Deira Depot,DEI,Pharmacy,Face Masks 50pk,20,12.0,6.6,240.0,132.0,False,False,3,False
2025-12-12,Deira Depot,DEI,Pharmacy,Face Masks 50pk,33,9.6,6.6,316.8,217.8,True,False,4,False
2025-12-13,Deira Depot,DEI,Pharmacy,Face Masks 50pk,20,12.0,6.6,240.0,132.0,False,False,5,True
2025-12-14,Deira Depot,DEI,Pharmacy,Face Masks 50pk,22,12.0,6.6,264.0,145.2,False,False,6,True
2025-12-15,Deira Depot,DEI,Pharmacy,Face Masks 50pk,17,12.0,6.6,204.0,112.2,False,False,0,False
2025-12-16,Deira Depot,DEI,Pharmacy,Face Masks 50pk,15,12.0,6.6,180.0,99.0,False,False,1,False
2025-12-17,Deira Depot,DEI,Pharmacy,Face Masks 50pk,18,12.0,6.6,216.0,118.8,False,False,2,False
2025-12-18,Deira Depot,DEI,Pharmacy,Face Masks 50pk,21,12.0,6.6,252.0,138.6,False,True,3,False
2025-12-19,Deira Depot,DEI,Pharmacy,Face Masks 50pk,20,12.0,6.6,240.0,132.0,False,False,4,False
2025-12-20,Deira Depot,DEI,Pharmacy,Face Masks 50pk,21,12.0,6.6,252.0,138.6,False,False,5,True
2025-12-21,Deira Depot,DEI,Pharmacy,Face Masks 50pk,24,12.0,6.6,288.0,158.4,False,False,6,True
2025-12-22,Deira Depot,DEI,Pharmacy,Face Masks 50pk,15,12.0,6.6,180.0,99.0,False,False,0,False
2025-12-23,Deira Depot,DEI,Pharmacy,Face Masks 50pk,17,12.0,6.6,204.0,112.2,False,False,1,False
2025-12-24,Deira Depot,DEI,Pharmacy,Face Masks 50pk,20,12.0,6.6,240.0,132.0,False,False,2,False
2025-12-25,Deira Depot,DEI,Pharmacy,Face Masks 50pk,18,12.0,6.6,216.0,118.8,False,False,3,False
2025-12-26,Deira Depot,DEI,Pharmacy,Face Masks 50pk,20,12.0,6.6,240.0,132.0,False,False,4,False
2025-12-27,Deira Depot,DEI,Pharmacy,Face Masks 50pk,25,12.0,6.6,300.0,165.0,False,False,5,True
2025-12-28,Deira Depot,DEI,Pharmacy,Face Masks 50pk,20,12.0,6.6,240.0,132.0,False,False,6,True
2025-12-29,Deira Depot,DEI,Pharmacy,Face Masks 50pk,18,12.0,6.6,216.0,118.8,False,False,0,False
2025-12-30,Deira Depot,DEI,Pharmacy,Face Masks 50pk,18,12.0,6.6,216.0,118.8,False,False,1,False
2025-12-31,Deira Depot,DEI,Pharmacy,Face Masks 50pk,22,12.0,6.6,264.0,145.2,False,False,2,False
2026-01-01,Deira Depot,DEI,Pharmacy,Face Masks 50pk,20,12.0,6.6,240.0,132.0,False,False,3,False
2026-01-02,Deira Depot,DEI,Pharmacy,Face Masks 50pk,23,12.0,6.6,276.0,151.8,False,False,4,False
2026-01-03,Deira Depot,DEI,Pharmacy,Face Masks 50pk,25,12.0,6.6,300.0,165.0,False,False,5,True
2026-01-04,Deira Depot,DEI,Pharmacy,Face Masks 50pk,22,12.0,6.6,264.0,145.2,False,False,6,True
2026-01-05,Deira Depot,DEI,Pharmacy,Face Masks 50pk,16,12.0,6.6,192.0,105.6,False,False,0,False
2026-01-06,Deira Depot,DEI,Pharmacy,Face Masks 50pk,25,9.6,6.6,240.0,165.0,True,False,1,False
2026-01-07,Deira Depot,DEI,Pharmacy,Face Masks 50pk,19,12.0,6.6,228.0,125.4,False,False,2,False
2026-01-08,Deira Depot,DEI,Pharmacy,Face Masks 50pk,22,12.0,6.6,264.0,145.2,False,False,3,False
2026-01-09,Deira Depot,DEI,Pharmacy,Face Masks 50pk,30,9.6,6.6,288.0,198.0,True,False,4,False
2026-01-10,Deira Depot,DEI,Pharmacy,Face Masks 50pk,27,12.0,6.6,324.0,178.2,False,False,5,True
2026-01-11,Deira Depot,DEI,Pharmacy,Face Masks 50pk,21,12.0,6.6,252.0,138.6,False,False,6,True
2026-01-12,Deira Depot,DEI,Pharmacy,Face Masks 50pk,17,12.0,6.6,204.0,112.2,False,False,0,False
2026-01-13,Deira Depot,DEI,Pharmacy,Face Masks 50pk,18,12.0,6.6,216.0,118.8,False,False,1,False
2026-01-14,Deira Depot,DEI,Pharmacy,Face Masks 50pk,32,9.6,6.6,307.2,211.2,True,False,2,False
2026-01-15,Deira Depot,DEI,Pharmacy,Face Masks 50pk,20,12.0,6.6,240.0,132.0,False,False,3,False
2026-01-16,Deira Depot,DEI,Pharmacy,Face Masks 50pk,23,12.0,6.6,276.0,151.8,False,False,4,False
2026-01-17,Deira Depot,DEI,Pharmacy,Face Masks 50pk,25,12.0,6.6,300.0,165.0,False,False,5,True
2026-01-18,Deira Depot,DEI,Pharmacy,Face Masks 50pk,24,12.0,6.6,288.0,158.4,False,False,6,True
2026-01-19,Deira Depot,DEI,Pharmacy,Face Masks 50pk,17,12.0,6.6,204.0,112.2,False,False,0,False
2026-01-20,Deira Depot,DEI,Pharmacy,Face Masks 50pk,20,12.0,6.6,240.0,132.0,False,False,1,False
2026-01-21,Deira Depot,DEI,Pharmacy,Face Masks 50pk,18,12.0,6.6,216.0,118.8,False,False,2,False
2026-01-22,Deira Depot,DEI,Pharmacy,Face Masks 50pk,21,12.0,6.6,252.0,138.6,False,False,3,False
2026-01-23,Deira Depot,DEI,Pharmacy,Face Masks 50pk,22,12.0,6.6,264.0,145.2,False,False,4,False
2026-01-24,Deira Depot,DEI,Pharmacy,Face Masks 50pk,22,12.0,6.6,264.0,145.2,False,False,5,True
2026-01-25,Deira Depot,DEI,Pharmacy,Face Masks 50pk,23,12.0,6.6,276.0,151.8,False,False,6,True
2026-01-26,Deira Depot,DEI,Pharmacy,Face Masks 50pk,20,12.0,6.6,240.0,132.0,False,False,0,False
2026-01-27,Deira Depot,DEI,Pharmacy,Face Masks 50pk,16,12.0,6.6,192.0,105.6,False,False,1,False
2026-01-28,Deira Depot,DEI,Pharmacy,Face Masks 50pk,19,12.0,6.6,228.0,125.4,False,False,2,False
2026-01-29,Deira Depot,DEI,Pharmacy,Face Masks 50pk,23,12.0,6.6,276.0,151.8,False,False,3,False
2026-01-30,Deira Depot,DEI,Pharmacy,Face Masks 50pk,22,12.0,6.6,264.0,145.2,False,False,4,False
2026-01-31,Deira Depot,DEI,Pharmacy,Face Masks 50pk,37,9.6,6.6,355.2,244.2,True,False,5,True
2026-02-01,Deira Depot,DEI,Pharmacy,Face Masks 50pk,38,9.6,6.6,364.8,250.8,True,False,6,True
2026-02-02,Deira Depot,DEI,Pharmacy,Face Masks 50pk,17,12.0,6.6,204.0,112.2,False,False,0,False
2026-02-03,Deira Depot,DEI,Pharmacy,Face Masks 50pk,17,12.0,6.6,204.0,112.2,False,False,1,False
2026-02-04,Deira Depot,DEI,Pharmacy,Face Masks 50pk,20,12.0,6.6,240.0,132.0,False,False,2,False
2026-02-05,Deira Depot,DEI,Pharmacy,Face Masks 50pk,20,12.0,6.6,240.0,132.0,False,False,3,False
2026-02-06,Deira Depot,DEI,Pharmacy,Face Masks 50pk,19,12.0,6.6,228.0,125.4,False,False,4,False
2026-02-07,Deira Depot,DEI,Pharmacy,Face Masks 50pk,26,12.0,6.6,312.0,171.6,False,False,5,True
2026-02-08,Deira Depot,DEI,Pharmacy,Face Masks 50pk,23,12.0,6.6,276.0,151.8,False,False,6,True
2026-02-09,Deira Depot,DEI,Pharmacy,Face Masks 50pk,17,12.0,6.6,204.0,112.2,False,False,0,False
2026-02-10,Deira Depot,DEI,Pharmacy,Face Masks 50pk,18,12.0,6.6,216.0,118.8,False,False,1,False
2026-02-11,Deira Depot,DEI,Pharmacy,Face Masks 50pk,19,12.0,6.6,228.0,125.4,False,False,2,False
2026-02-12,Deira Depot,DEI,Pharmacy,Face Masks 50pk,19,12.0,6.6,228.0,125.4,False,False,3,False
2026-02-13,Deira Depot,DEI,Pharmacy,Face Masks 50pk,22,12.0,6.6,264.0,145.2,False,False,4,False
2026-02-14,Deira Depot,DEI,Pharmacy,Face Masks 50pk,24,12.0,6.6,288.0,158.4,False,False,5,True
2026-02-15,Deira Depot,DEI,Pharmacy,Face Masks 50pk,24,12.0,6.6,288.0,158.4,False,False,6,True
2026-02-16,Deira Depot,DEI,Pharmacy,Face Masks 50pk,16,12.0,6.6,192.0,105.6,False,False,0,False
2026-02-17,Deira Depot,DEI,Pharmacy,Face Masks 50pk,17,12.0,6.6,204.0,112.2,False,False,1,False
2026-02-18,Deira Depot,DEI,Pharmacy,Face Masks 50pk,19,12.0,6.6,228.0,125.4,False,False,2,False
2026-02-19,Deira Depot,DEI,Pharmacy,Face Masks 50pk,22,12.0,6.6,264.0,145.2,False,False,3,False
2026-02-20,Deira Depot,DEI,Pharmacy,Face Masks 50pk,25,12.0,6.6,300.0,165.0,False,False,4,False
2026-02-21,Deira Depot,DEI,Pharmacy,Face Masks 50pk,27,12.0,6.6,324.0,178.2,False,False,5,True
2026-02-22,Deira Depot,DEI,Pharmacy,Face Masks 50pk,25,12.0,6.6,300.0,165.0,False,False,6,True
2026-02-23,Deira Depot,DEI,Pharmacy,Face Masks 50pk,19,12.0,6.6,228.0,125.4,False,False,0,False
2026-02-24,Deira Depot,DEI,Pharmacy,Face Masks 50pk,19,12.0,6.6,228.0,125.4,False,False,1,False
2026-02-25,Deira Depot,DEI,Pharmacy,Face Masks 50pk,18,12.0,6.6,216.0,118.8,False,False,2,False
2026-02-26,Deira Depot,DEI,Pharmacy,Face Masks 50pk,23,12.0,6.6,276.0,151.8,False,False,3,False
2026-02-27,Deira Depot,DEI,Pharmacy,Face Masks 50pk,24,12.0,6.6,288.0,158.4,False,False,4,False
2026-02-28,Deira Depot,DEI,Pharmacy,Face Masks 50pk,24,12.0,6.6,288.0,158.4,False,False,5,True
2026-03-01,Deira Depot,DEI,Pharmacy,Face Masks 50pk,22,12.0,6.6,264.0,145.2,False,False,6,True
2026-03-02,Deira Depot,DEI,Pharmacy,Face Masks 50pk,17,12.0,6.6,204.0,112.2,False,False,0,False
2026-03-03,Deira Depot,DEI,Pharmacy,Face Masks 50pk,16,12.0,6.6,192.0,105.6,False,False,1,False
2026-03-04,Deira Depot,DEI,Pharmacy,Face Masks 50pk,17,12.0,6.6,204.0,112.2,False,False,2,False
2026-03-05,Deira Depot,DEI,Pharmacy,Face Masks 50pk,21,12.0,6.6,252.0,138.6,False,False,3,False
2026-03-06,Deira Depot,DEI,Pharmacy,Face Masks 50pk,21,12.0,6.6,252.0,138.6,False,False,4,False
2026-03-07,Deira Depot,DEI,Pharmacy,Face Masks 50pk,25,12.0,6.6,300.0,165.0,False,False,5,True
2026-03-08,Deira Depot,DEI,Pharmacy,Face Masks 50pk,44,9.6,6.6,422.4,290.4,True,False,6,True
2026-03-09,Deira Depot,DEI,Pharmacy,Face Masks 50pk,28,9.6,6.6,268.8,184.8,True,False,0,False
2026-03-10,Deira Depot,DEI,Pharmacy,Face Masks 50pk,19,12.0,6.6,228.0,125.4,False,False,1,False
2026-03-11,Deira Depot,DEI,Pharmacy,Face Masks 50pk,19,12.0,6.6,228.0,125.4,False,False,2,False
2026-03-12,Deira Depot,DEI,Pharmacy,Face Masks 50pk,23,12.0,6.6,276.0,151.8,False,False,3,False
2026-03-13,Deira Depot,DEI,Pharmacy,Face Masks 50pk,17,12.0,6.6,204.0,112.2,False,False,4,False
2026-03-14,Deira Depot,DEI,Pharmacy,Face Masks 50pk,44,9.6,6.6,422.4,290.4,True,False,5,True
2026-03-15,Deira Depot,DEI,Pharmacy,Face Masks 50pk,34,9.6,6.6,326.4,224.4,True,False,6,True
2026-03-16,Deira Depot,DEI,Pharmacy,Face Masks 50pk,18,12.0,6.6,216.0,118.8,False,False,0,False
2026-03-17,Deira Depot,DEI,Pharmacy,Face Masks 50pk,15,12.0,6.6,180.0,99.0,False,False,1,False
2026-03-18,Deira Depot,DEI,Pharmacy,Face Masks 50pk,18,12.0,6.6,216.0,118.8,False,False,2,False
2026-03-19,Deira Depot,DEI,Pharmacy,Face Masks 50pk,21,12.0,6.6,252.0,138.6,False,False,3,False
2026-03-20,Deira Depot,DEI,Pharmacy,Face Masks 50pk,23,12.0,6.6,276.0,151.8,False,False,4,False
2026-03-21,Deira Depot,DEI,Pharmacy,Face Masks 50pk,25,12.0,6.6,300.0,165.0,False,False,5,True
2026-03-22,Deira Depot,DEI,Pharmacy,Face Masks 50pk,24,12.0,6.6,288.0,158.4,False,False,6,True
2026-03-23,Deira Depot,DEI,Pharmacy,Face Masks 50pk,19,12.0,6.6,228.0,125.4,False,False,0,False
2026-03-24,Deira Depot,DEI,Pharmacy,Face Masks 50pk,18,12.0,6.6,216.0,118.8,False,False,1,False
2026-03-25,Deira Depot,DEI,Pharmacy,Face Masks 50pk,23,12.0,6.6,276.0,151.8,False,False,2,False
2026-03-26,Deira Depot,DEI,Pharmacy,Face Masks 50pk,20,12.0,6.6,240.0,132.0,False,False,3,False
2026-03-27,Deira Depot,DEI,Pharmacy,Face Masks 50pk,21,12.0,6.6,252.0,138.6,False,False,4,False
2026-03-28,Deira Depot,DEI,Pharmacy,Face Masks 50pk,27,12.0,6.6,324.0,178.2,False,False,5,True
2026-03-29,Deira Depot,DEI,Pharmacy,Face Masks 50pk,21,12.0,6.6,252.0,138.6,False,False,6,True
