data/sample_grocery_data.csv
date,store,store_id,category,sku,units_sold,price,unit_cost,revenue,cost,promotion,stockout,day_of_week,is_weekend
2025-10-01,Deira Depot,DEI,Dairy,Fresh Milk 1L,158,4.0,2.75,632.0,434.5,True,False,2,False
2025-10-02,Deira Depot,DEI,Dairy,Fresh Milk 1L,111,5.0,2.75,555.0,305.25,False,False,3,False
2025-10-03,Deira Depot,DEI,Dairy,Fresh Milk 1L,110,5.0,2.75,550.0,302.5,False,False,4,False
2025-10-04,Deira Depot,DEI,Dairy,Fresh Milk 1L,107,5.0,2.75,535.0,294.25,False,False,5,True
2025-10-05,Deira Depot,DEI,Dairy,Fresh Milk 1L,116,5.0,2.75,580.0,319.0,False,False,6,True
2025-10-06,Deira Depot,DEI,Dairy,Fresh Milk 1L,94,5.0,2.75,470.0,258.5,False,False,0,False
2025-10-07,Deira Depot,DEI,Dairy,Fresh Milk 1L,133,4.0,2.75,532.0,365.75,True,False,1,False
2025-10-08,Deira Depot,DEI,Dairy,Fresh Milk 1L,82,5.0,2.75,410.0,225.5,False,False,2,False
2025-10-09,Deira Depot,DEI,Dairy,Fresh Milk 1L,114,5.0,2.75,570.0,313.5,False,True,3,False
2025-10-10,Deira Depot,DEI,Dairy,Fresh Milk 1L,97,5.0,2.75,485.0,266.75,False,False,4,False
2025-10-11,Deira Depot,DEI,Dairy,Fresh Milk 1L,151,5.0,2.75,755.0,415.25,False,False,5,True
2025-10-12,Deira Depot,DEI,Dairy,Fresh Milk 1L,135,5.0,2.75,675.0,371.25,False,False,6,True
2025-10-13,Deira Depot,DEI,Dairy,Fresh Milk 1L,135,4.0,2.75,540.0,371.25,True,False,0,False
2025-10-14,Deira Depot,DEI,Dairy,Fresh Milk 1L,83,5.0,2.75,415.0,228.25,False,False,1,False
2025-10-15,Deira Depot,DEI,Dairy,Fresh Milk 1L,108,5.0,2.75,540.0,297.0,False,False,2,False
2025-10-16,Deira Depot,DEI,Dairy,Fresh Milk 1L,110,5.0,2.75,550.0,302.5,False,False,3,False
2025-10-17,Deira Depot,DEI,Dairy,Fresh Milk 1L,109,5.0,2.75,545.0,299.75,False,False,4,False
2025-10-18,Deira Depot,DEI,Dairy,Fresh Milk 1L,120,5.0,2.75,600.0,330.0,False,False,5,True
2025-10-19,Deira Depot,DEI,Dairy,Fresh Milk 1L,101,5.0,2.75,505.0,277.75,False,False,6,True
2025-10-20,Deira Depot,DEI,Dairy,Fresh Milk 1L,115,5.0,2.75,575.0,316.25,False,False,0,False
2025-10-21,Deira Depot,DEI,Dairy,Fresh Milk 1L,83,5.0,2.75,415.0,228.25,False,False,1,False
2025-10-22,Deira Depot,DEI,Dairy,Fresh Milk 1L,130,5.0,2.75,650.0,357.5,False,False,2,False
2025-10-23,Deira Depot,DEI,Dairy,Fresh Milk 1L,141,5.0,2.75,705.0,387.75,False,False,3,False
2025-10-24,Deira Depot,DEI,Dairy,Fresh Milk 1L,110,5.0,2.75,550.0,302.5,False,False,4,False
2025-10-25,Deira Depot,DEI,Dairy,Fresh Milk 1L,166,5.0,2.75,830.0,456.5,False,False,5,True
2025-10-26,Deira Depot,DEI,Dairy,Fresh Milk 1L,109,5.0,2.75,545.0,299.75,False,True,6,True
2025-10-27,Deira Depot,DEI,Dairy,Fresh Milk 1L,76,5.0,2.75,380.0,209.0,False,False,0,False
2025-10-28,Deira Depot,DEI,Dairy,Fresh Milk 1L,95,5.0,2.75,475.0,261.25,False,False,1,False
2025-10-29,Deira Depot,DEI,Dairy,Fresh Milk 1L,113,5.0,2.75,565.0,310.75,False,False,2,False
2025-10-30,Deira Depot,DEI,Dairy,Fresh Milk 1L,102,5.0,2.75,510.0,280.5,False,False,3,False
2025-10-31,Deira Depot,DEI,Dairy,Fresh Milk 1L,121,5.0,2.75,605.0,332.75,False,False,4,False
2025-11-01,Deira Depot,DEI,Dairy,Fresh Milk 1L,109,5.0,2.75,545.0,299.75,False,False,5,True
2025-11-02,Deira Depot,DEI,Dairy,Fresh Milk 1L,123,5.0,2.75,615.0,338.25,False,False,6,True
2025-11-03,Deira Depot,DEI,Dairy,Fresh Milk 1L,95,5.0,2.75,475.0,261.25,False,False,0,False
2025-11-04,Deira Depot,DEI,Dairy,Fresh Milk 1L,105,5.0,2.75,525.0,288.75,False,False,1,False
2025-11-05,Deira Depot,DEI,Dairy,Fresh Milk 1L,105,5.0,2.75,525.0,288.75,False,False,2,False
2025-11-06,Deira Depot,DEI,Dairy,Fresh Milk 1L,74,5.0,2.75,370.0,203.5,False,False,3,False
2025-11-07,Deira Depot,DEI,Dairy,Fresh Milk 1L,97,5.0,2.75,485.0,266.75,False,False,4,False
2025-11-08,Deira Depot,DEI,Dairy,Fresh Milk 1L,108,5.0,2.75,540.0,297.0,False,False,5,True
2025-11-09,Deira Depot,DEI,Dairy,Fresh Milk 1L,123,5.0,2.75,615.0,338.25,False,False,6,True
2025-11-10,Deira Depot,DEI,Dairy,Fresh Milk 1L,88,5.0,2.75,440.0,242.0,False,False,0,False
2025-11-11,Deira Depot,DEI,Dairy,Fresh Milk 1L,70,5.0,2.75,350.0,192.5,False,False,1,False
2025-11-12,Deira Depot,DEI,Dairy,Fresh Milk 1L,97,5.0,2.75,485.0,266.75,False,False,2,False
2025-11-13,Deira Depot,DEI,Dairy,Fresh Milk 1L,166,4.0,2.75,664.0,456.5,True,False,3,False
2025-11-14,Deira Depot,DEI,Dairy,Fresh Milk 1L,95,5.0,2.75,475.0,261.25,False,False,4,False
2025-11-15,Deira Depot,DEI,Dairy,Fresh Milk 1L,106,5.0,2.75,530.0,291.5,False,False,5,True
2025-11-16,Deira Depot,DEI,Dairy,Fresh Milk 1L,91,5.0,2.75,455.0,250.25,False,False,6,True
2025-11-17,Deira Depot,DEI,Dairy,Fresh Milk 1L,97,5.0,2.75,485.0,266.75,False,False,0,False
2025-11-18,Deira Depot,DEI,Dairy,Fresh Milk 1L,96,5.0,2.75,480.0,264.0,False,False,1,False
2025-11-19,Deira Depot,DEI,Dairy,Fresh Milk 1L,94,5.0,2.75,470.0,258.5,False,False,2,False
2025-11-20,Deira Depot,DEI,Dairy,Fresh Milk 1L,105,5.0,2.75,525.0,288.75,False,False,3,False
2025-11-21,Deira Depot,DEI,Dairy,Fresh Milk 1L,104,5.0,2.75,520.0,286.0,False,False,4,False
2025-11-22,Deira Depot,DEI,Dairy,Fresh Milk 1L,135,5.0,2.75,675.0,371.25,False,False,5,True
2025-11-23,Deira Depot,DEI,Dairy,Fresh Milk 1L,122,5.0,2.75,610.0,335.5,False,False,6,True
2025-11-24,Deira Depot,DEI,Dairy,Fresh Milk 1L,98,5.0,2.75,490.0,269.5,False,False,0,False
2025-11-25,Deira Depot,DEI,Dairy,Fresh Milk 1L,166,4.0,2.75,664.0,456.5,True,False,1,False
2025-11-26,Deira Depot,DEI,Dairy,Fresh Milk 1L,100,5.0,2.75,500.0,275.0,False,False,2,False
2025-11-27,Deira Depot,DEI,Dairy,Fresh Milk 1L,118,5.0,2.75,590.0,324.5,False,False,3,False
2025-11-28,Deira Depot,DEI,Dairy,Fresh Milk 1L,98,5.0,2.75,490.0,269.5,False,False,4,False
2025-11-29,Deira Depot,DEI,Dairy,Fresh Milk 1L,98,5.0,2.75,490.0,269.5,False,False,5,True
2025-11-30,Deira Depot,DEI,Dairy,Fresh Milk 1L,97,5.0,2.75,485.0,266.75,False,False,6,True
2025-12-01,Deira Depot,DEI,Dairy,Fresh Milk 1L,83,5.0,2.75,415.0,228.25,False,False,0,False
2025-12-02,Deira Depot,DEI,Dairy,Fresh Milk 1L,102,5.0,2.75,510.0,280.5,False,False,1,False
2025-12-03,Deira Depot,DEI,Dairy,Fresh Milk 1L,94,5.0,2.75,470.0,258.5,False,False,2,False
2025-12-04,Deira Depot,DEI,Dairy,Fresh Milk 1L,110,5.0,2.75,550.0,302.5,False,False,3,False
2025-12-05,Deira Depot,DEI,Dairy,Fresh Milk 1L,130,5.0,2.75,650.0,357.5,False,True,4,False
2025-12-06,Deira Depot,DEI,Dairy,Fresh Milk 1L,135,5.0,2.75,675.0,371.25,False,False,5,True
2025-12-07,Deira Depot,DEI,Dairy,Fresh Milk 1L,132,5.0,2.75,660.0,363.0,False,False,6,True
2025-12-08,Deira Depot,DEI,Dairy,Fresh Milk 1L,125,4.0,2.75,500.0,343.75,True,False,0,False
2025-12-09,Deira Depot,DEI,Dairy,Fresh Milk 1L,63,5.0,2.75,315.0,173.25,False,False,1,False
2025-12-10,Deira Depot,DEI,Dairy,Fresh Milk 1L,94,5.0,2.75,470.0,258.5,False,False,2,False
2025-12-11,Deira Depot,DEI,Dairy,Fresh Milk 1L,73,5.0,2.75,365.0,200.75,False,False,3,False
2025-12-12,Deira Depot,DEI,Dairy,Fresh Milk 1L,105,5.0,2.75,525.0,288.75,False,False,4,False
2025-12-13,Deira Depot,DEI,Dairy,Fresh Milk 1L,138,5.0,2.75,690.0,379.5,False,False,5,True
2025-12-14,Deira Depot,DEI,Dairy,Fresh Milk 1L,126,5.0,2.75,630.0,346.5,False,False,6,True
2025-12-15,Deira Depot,DEI,Dairy,Fresh Milk 1L,94,5.0,2.75,470.0,258.5,False,True,0,False
2025-12-16,Deira Depot,DEI,Dairy,Fresh Milk 1L,86,5.0,2.75,430.0,236.5,False,False,1,False
2025-12-17,Deira Depot,DEI,Dairy,Fresh Milk 1L,93,5.0,2.75,465.0,255.75,False,False,2,False
2025-12-18,Deira Depot,DEI,Dairy,Fresh Milk 1L,113,5.0,2.75,565.0,310.75,False,False,3,False
2025-12-19,Deira Depot,DEI,Dairy,Fresh Milk 1L,99,5.0,2.75,495.0,272.25,False,False,4,False
2025-12-20,Deira Depot,DEI,Dairy,Fresh Milk 1L,153,5.0,2.75,765.0,420.75,False,True,5,True
2025-12-21,Deira Depot,DEI,Dairy,Fresh Milk 1L,144,5.0,2.75,720.0,396.0,False,False,6,True
2025-12-22,Deira Depot,DEI,Dairy,Fresh Milk 1L,89,5.0,2.75,445.0,244.75,False,False,0,False
2025-12-23,Deira Depot,DEI,Dairy,Fresh Milk 1L,115,5.0,2.75,575.0,316.25,False,False,1,False
2025-12-24,Deira Depot,DEI,Dairy,Fresh Milk 1L,95,5.0,2.75,475.0,261.25,False,False,2,False
2025-12-25,Deira Depot,DEI,Dairy,Fresh Milk 1L,112,5.0,2.75,560.0,308.0,False,False,3,False
2025-12-26,Deira Depot,DEI,Dairy,Fresh Milk 1L,134,5.0,2.75,670.0,368.5,False,False,4,False
2025-12-27,Deira Depot,DEI,Dairy,Fresh Milk 1L,140,5.0,2.75,700.0,385.0,False,False,5,True
2025-12-28,Deira Depot,DEI,Dairy,Fresh Milk 1L,119,5.0,2.75,595.0,327.25,False,False,6,True
2025-12-29,Deira Depot,DEI,Dairy,Fresh Milk 1L,87,5.0,2.75,435.0,239.25,False,False,0,False
2025-12-30,Deira Depot,DEI,Dairy,Fresh Milk 1L,85,5.0,2.75,425.0,233.75,False,False,1,False
2025-12-31,Deira Depot,DEI,Dairy,Fresh Milk 1L,86,5.0,2.75,430.0,236.5,False,False,2,False
2026-01-01,Deira Depot,DEI,Dairy,Fresh Milk 1L,89,5.0,2.75,445.0,244.75,False,False,3,False
2026-01-02,Deira Depot,DEI,Dairy,Fresh Milk 1L,126,5.0,2.75,630.0,346.5,False,False,4,False
2026-01-03,Deira Depot,DEI,Dairy,Fresh Milk 1L,159,5.0,2.75,795.0,437.25,False,False,5,True
2026-01-04,Deira Depot,DEI,Dairy,Fresh Milk 1L,113,5.0,2.75,565.0,310.75,False,False,6,True
2026-01-05,Deira Depot,DEI,Dairy,Fresh Milk 1L,109,5.0,2.75,545.0,299.75,False,False,0,False
2026-01-06,Deira Depot,DEI,Dairy,Fresh Milk 1L,98,5.0,2.75,490.0,269.5,False,False,1,False
2026-01-07,Deira Depot,DEI,Dairy,Fresh Milk 1L,106,5.0,2.75,530.0,291.5,False,False,2,False
2026-01-08,Deira Depot,DEI,Dairy,Fresh Milk 1L,96,5.0,2.75,480.0,264.0,False,False,3,False
2026-01-09,Deira Depot,DEI,Dairy,Fresh Milk 1L,112,5.0,2.75,560.0,308.0,False,False,4,False
2026-01-10,Deira Depot,DEI,Dairy,Fresh Milk 1L,126,5.0,2.75,630.0,346.5,False,False,5,True
2026-01-11,Deira Depot,DEI,Dairy,Fresh Milk 1L,99,5.0,2.75,495.0,272.25,False,False,6,True
2026-01-12,Deira Depot,DEI,Dairy,Fresh Milk 1L,88,5.0,2.75,440.0,242.0,False,False,0,False
2026-01-13,Deira Depot,DEI,Dairy,Fresh Milk 1L,86,5.0,2.75,430.0,236.5,False,False,1,False
2026-01-14,Deira Depot,DEI,Dairy,Fresh Milk 1L,96,5.0,2.75,480.0,264.0,False,False,2,False
2026-01-15,Deira Depot,DEI,Dairy,Fresh Milk 1L,103,5.0,2.75,515.0,283.25,False,False,3,False
2026-01-16,Deira Depot,DEI,Dairy,Fresh Milk 1L,132,5.0,2.75,660.0,363.0,False,False,4,False
2026-01-17,Deira Depot,DEI,Dairy,Fresh Milk 1L,119,5.0,2.75,595.0,327.25,False,False,5,True
2026-01-18,Deira Depot,DEI,Dairy,Fresh Milk 1L,233,4.0,2.75,932.0,640.75,True,False,6,True
2026-01-19,Deira Depot,DEI,Dairy,Fresh Milk 1L,87,5.0,2.75,435.0,239.25,False,False,0,False
2026-01-20,Deira Depot,DEI,Dairy,Fresh Milk 1L,79,5.0,2.75,395.0,217.25,False,False,1,False
2026-01-21,Deira Depot,DEI,Dairy,Fresh Milk 1L,107,5.0,2.75,535.0,294.25,False,False,2,False
2026-01-22,Deira Depot,DEI,Dairy,Fresh Milk 1L,89,5.0,2.75,445.0,244.75,False,False,3,False
2026-01-23,Deira Depot,DEI,Dairy,Fresh Milk 1L,86,5.0,2.75,430.0,236.5,False,False,4,False
2026-01-24,Deira Depot,DEI,Dairy,Fresh Milk 1L,117,5.0,2.75,585.0,321.75,False,False,5,True
2026-01-25,Deira Depot,DEI,Dairy,Fresh Milk 1L,131,5.0,2.75,655.0,360.25,False,False,6,True
2026-01-26,Deira Depot,DEI,Dairy,Fresh Milk 1L,84,5.0,2.75,420.0,231.0,False,False,0,False
2026-01-27,Deira Depot,DEI,Dairy,Fresh Milk 1L,109,5.0,2.75,545.0,299.75,False,False,1,False
2026-01-28,Deira Depot,DEI,Dairy,Fresh Milk 1L,109,5.0,2.75,545.0,299.75,False,False,2,False
2026-01-29,Deira Depot,DEI,Dairy,Fresh Milk 1L,119,5.0,2.75,595.0,327.25,False,False,3,False
2026-01-30,Deira Depot,DEI,Dairy,Fresh Milk 1L,140,5.0,2.75,700.0,385.0,False,False,4,False
2026-01-31,Deira Depot,DEI,Dairy,Fresh Milk 1L,148,5.0,2.75,740.0,407.0,False,False,5,True
2026-02-01,Deira Depot,DEI,Dairy,Fresh Milk 1L,145,5.0,2.75,725.0,398.75,False,False,6,True
2026-02-02,Deira Depot,DEI,Dairy,Fresh Milk 1L,108,5.0,2.75,540.0,297.0,False,False,0,False
2026-02-03,Deira Depot,DEI,Dairy,Fresh Milk 1L,92,5.0,2.75,460.0,253.0,False,False,1,False
2026-02-04,Deira Depot,DEI,Dairy,Fresh Milk 1L,103,5.0,2.75,515.0,283.25,False,False,2,False
2026-02-05,Deira Depot,DEI,Dairy,Fresh Milk 1L,118,5.0,2.75,590.0,324.5,False,False,3,False
2026-02-06,Deira Depot,DEI,Dairy,Fresh Milk 1L,136,5.0,2.75,680.0,374.0,False,False,4,False
2026-02-07,Deira Depot,DEI,Dairy,Fresh Milk 1L,148,5.0,2.75,740.0,407.0,False,False,5,True
2026-02-08,Deira Depot,DEI,Dairy,Fresh Milk 1L,136,5.0,2.75,680.0,374.0,False,False,6,True
2026-02-09,Deira Depot,DEI,Dairy,Fresh Milk 1L,97,5.0,2.75,485.0,266.75,False,True,0,False
2026-02-10,Deira Depot,DEI,Dairy,Fresh Milk 1L,87,5.0,2.75,435.0,239.25,False,False,1,False
2026-02-11,Deira Depot,DEI,Dairy,Fresh Milk 1L,123,5.0,2.75,615.0,338.25,False,False,2,False
2026-02-12,Deira Depot,DEI,Dairy,Fresh Milk 1L,140,5.0,2.75,700.0,385.0,False,False,3,False
2026-02-13,Deira Depot,DEI,Dairy,Fresh Milk 1L,66,5.0,2.75,330.0,181.5,False,False,4,False
2026-02-14,Deira Depot,DEI,Dairy,Fresh Milk 1L,138,5.0,2.75,690.0,379.5,False,False,5,True
2026-02-15,Deira Depot,DEI,Dairy,Fresh Milk 1L,134,5.0,2.75,670.0,368.5,False,False,6,True
2026-02-16,Deira Depot,DEI,Dairy,Fresh Milk 1L,81,5.0,2.75,405.0,222.75,False,False,0,False
2026-02-17,Deira Depot,DEI,Dairy,Fresh Milk 1L,116,5.0,2.75,580.0,319.0,False,False,1,False
2026-02-18,Deira Depot,DEI,Dairy,Fresh Milk 1L,119,5.0,2.75,595.0,327.25,False,False,2,False
2026-02-19,Deira Depot,DEI,Dairy,Fresh Milk 1L,106,5.0,2.75,530.0,291.5,False,False,3,False
2026-02-20,Deira Depot,DEI,Dairy,Fresh Milk 1L,87,5.0,2.75,435.0,239.25,False,False,4,False
2026-02-21,Deira Depot,DEI,Dairy,Fresh Milk 1L,128,5.0,2.75,640.0,352.0,False,True,5,True
2026-02-22,Deira Depot,DEI,Dairy,Fresh Milk 1L,108,5.0,2.75,540.0,297.0,False,False,6,True
2026-02-23,Deira Depot,DEI,Dairy,Fresh Milk 1L,90,5.0,2.75,450.0,247.5,False,False,0,False
2026-02-24,Deira Depot,DEI,Dairy,Fresh Milk 1L,97,5.0,2.75,485.0,266.75,False,False,1,False
2026-02-25,Deira Depot,DEI,Dairy,Fresh Milk 1L,101,5.0,2.75,505.0,277.75,False,False,2,False
2026-02-26,Deira Depot,DEI,Dairy,Fresh Milk 1L,73,5.0,2.75,365.0,200.75,False,False,3,False
2026-02-27,Deira Depot,DEI,Dairy,Fresh Milk 1L,143,5.0,2.75,715.0,393.25,False,False,4,False
2026-02-28,Deira Depot,DEI,Dairy,Fresh Milk 1L,138,5.0,2.75,690.0,379.5,False,True,5,True
2026-03-01,Deira Depot,DEI,Dairy,Fresh Milk 1L,139,5.0,2.75,695.0,382.25,False,True,6,True
2026-03-02,Deira Depot,DEI,Dairy,Fresh Milk 1L,92,5.0,2.75,460.0,253.0,False,False,0,False
2026-03-03,Deira Depot,DEI,Dairy,Fresh Milk 1L,76,5.0,2.75,380.0,209.0,False,False,1,False
2026-03-04,Deira Depot,DEI,Dairy,Fresh Milk 1L,84,5.0,2.75,420.0,231.0,False,False,2,False
2026-03-05,Deira Depot,DEI,Dairy,Fresh Milk 1L,157,4.0,2.75,628.0,431.75,True,False,3,False
2026-03-06,Deira Depot,DEI,Dairy,Fresh Milk 1L,100,5.0,2.75,500.0,275.0,False,False,4,False
2026-03-07,Deira Depot,DEI,Dairy,Fresh Milk 1L,132,5.0,2.75,660.0,363.0,False,False,5,True
2026-03-08,Deira Depot,DEI,Dairy,Fresh Milk 1L,107,5.0,2.75,535.0,294.25,False,False,6,True
2026-03-09,Deira Depot,DEI,Dairy,Fresh Milk 1L,95,5.0,2.75,475.0,261.25,False,False,0,False
2026-03-10,Deira Depot,DEI,Dairy,Fresh Milk 1L,74,5.0,2.75,370.0,203.5,False,False,1,False
2026-03-11,Deira Depot,DEI,Dairy,Fresh Milk 1L,84,5.0,2.75,420.0,231.0,False,False,2,False
2026-03-12,Deira Depot,DEI,Dairy,Fresh Milk 1L,99,5.0,2.75,495.0,272.25,False,True,3,False
2026-03-13,Deira Depot,DEI,Dairy,Fresh Milk 1L,130,5.0,2.75,650.0,357.5,False,False,4,False
2026-03-14,Deira Depot,DEI,Dairy,Fresh Milk 1L,102,5.0,2.75,510.0,280.5,False,False,5,True
2026-03-15,Deira Depot,DEI,Dairy,Fresh Milk 1L,121,5.0,2.75,605.0,332.75,False,False,6,True
2026-03-16,Deira Depot,DEI,Dairy,Fresh Milk 1L,60,5.0,2.75,300.0,165.0,False,False,0,False
2026-03-17,Deira Depot,DEI,Dairy,Fresh Milk 1L,82,5.0,2.75,410.0,225.5,False,False,1,False
2026-03-18,Deira Depot,DEI,Dairy,Fresh Milk 1L,93,5.0,2.75,465.0,255.75,False,False,2,False
2026-03-19,Deira Depot,DEI,Dairy,Fresh Milk 1L,133,4.0,2.75,532.0,365.75,True,False,3,False
2026-03-20,Deira Depot,DEI,Dairy,Fresh Milk 1L,105,5.0,2.75,525.0,288.75,False,False,4,False
2026-03-21,Deira Depot,DEI,Dairy,Fresh Milk 1L,96,5.0,2.75,480.0,264.0,False,False,5,True
2026-03-22,Deira Depot,DEI,Dairy,Fresh Milk 1L,123,5.0,2.75,615.0,338.25,False,False,6,True
2026-03-23,Deira Depot,DEI,Dairy,Fresh Milk 1L,95,5.0,2.75,475.0,261.25,False,False,0,False
2026-03-24,Deira Depot,DEI,Dairy,Fresh Milk 1L,76,5.0,2.75,380.0,209.0,False,False,1,False
2026-03-25,Deira Depot,DEI,Dairy,Fresh Milk 1L,108,5.0,2.75,540.0,297.0,False,False,2,False
2026-03-26,Deira Depot,DEI,Dairy,Fresh Milk 1L,96,5.0,2.75,480.0,264.0,False,False,3,False
2026-03-27,Deira Depot,DEI,Dairy,Fresh Milk 1L,135,5.0,2.75,675.0,371.25,False,False,4,False
2026-03-28,Deira Depot,DEI,Dairy,Fresh Milk 1L,240,4.0,2.75,960.0,660.0,True,False,5,True
2026-03-29,Deira Depot,DEI,Dairy,Fresh Milk 1L,139,5.0,2.75,695.0,382.25,False,False,6,True
