data/sample_grocery_data.csv
date,store,store_id,category,sku,units_sold,price,unit_cost,revenue,cost,promotion,stockout,day_of_week,is_weekend
2025-10-01,Deira Depot,DEI,Snacks,Granola Bar 50g,63,3.0,1.65,189.0,103.95,False,False,2,False
2025-10-02,Deira Depot,DEI,Snacks,Granola Bar 50g,53,3.0,1.65,159.0,87.45,False,False,3,False
2025-10-03,Deira Depot,DEI,Snacks,Granola Bar 50g,71,3.0,1.65,213.0,117.15,False,False,4,False
2025-10-04,Deira Depot,DEI,Snacks,Granola Bar 50g,44,3.0,1.65,132.0,72.6,False,False,5,True
2025-10-05,Deira Depot,DEI,Snacks,Granola Bar 50g,45,3.0,1.65,135.0,74.25,False,False,6,True
2025-10-06,Deira Depot,DEI,Snacks,Granola Bar 50g,62,3.0,1.65,186.0,102.3,False,False,0,False
2025-10-07,Deira Depot,DEI,Snacks,Granola Bar 50g,50,3.0,1.65,150.0,82.5,False,False,1,False
2025-10-08,Deira Depot,DEI,Snacks,Granola Bar 50g,53,3.0,1.65,159.0,87.45,False,False,2,False
2025-10-09,Deira Depot,DEI,Snacks,Granola Bar 50g,47,3.0,1.65,141.0,77.55,False,False,3,False
2025-10-10,Deira Depot,DEI,Snacks,Granola Bar 50g,47,3.0,1.65,141.0,77.55,False,True,4,False
2025-10-11,Deira Depot,DEI,Snacks,Granola Bar 50g,85,3.0,1.65,255.0,140.25,False,False,5,True
2025-10-12,Deira Depot,DEI,Snacks,Granola Bar 50g,66,3.0,1.65,198.0,108.9,False,False,6,True
2025-10-13,Deira Depot,DEI,Snacks,Granola Bar 50g,59,3.0,1.65,177.0,97.35,False,False,0,False
2025-10-14,Deira Depot,DEI,Snacks,Granola Bar 50g,63,3.0,1.65,189.0,103.95,False,False,1,False
2025-10-15,Deira Depot,DEI,Snacks,Granola Bar 50g,45,3.0,1.65,135.0,74.25,False,False,2,False
2025-10-16,Deira Depot,DEI,Snacks,Granola Bar 50g,47,3.0,1.65,141.0,77.55,False,False,3,False
2025-10-17,Deira Depot,DEI,Snacks,Granola Bar 50g,52,3.0,1.65,156.0,85.8,False,False,4,False
2025-10-18,Deira Depot,DEI,Snacks,Granola Bar 50g,64,3.0,1.65,192.0,105.6,False,False,5,True
2025-10-19,Deira Depot,DEI,Snacks,Granola Bar 50g,38,3.0,1.65,114.0,62.7,False,False,6,True
2025-10-20,Deira Depot,DEI,Snacks,Granola Bar 50g,43,3.0,1.65,129.0,70.95,False,False,0,False
2025-10-21,Deira Depot,DEI,Snacks,Granola Bar 50g,37,3.0,1.65,111.0,61.05,False,False,1,False
2025-10-22,Deira Depot,DEI,Snacks,Granola Bar 50g,73,3.0,1.65,219.0,120.45,False,False,2,False
2025-10-23,Deira Depot,DEI,Snacks,Granola Bar 50g,47,3.0,1.65,141.0,77.55,False,False,3,False
2025-10-24,Deira Depot,DEI,Snacks,Granola Bar 50g,44,3.0,1.65,132.0,72.6,False,False,4,False
2025-10-25,Deira Depot,DEI,Snacks,Granola Bar 50g,65,3.0,1.65,195.0,107.25,False,False,5,True
2025-10-26,Deira Depot,DEI,Snacks,Granola Bar 50g,88,3.0,1.65,264.0,145.2,False,True,6,True
2025-10-27,Deira Depot,DEI,Snacks,Granola Bar 50g,65,3.0,1.65,195.0,107.25,False,False,0,False
2025-10-28,Deira Depot,DEI,Snacks,Granola Bar 50g,40,3.0,1.65,120.0,66.0,False,False,1,False
2025-10-29,Deira Depot,DEI,Snacks,Granola Bar 50g,30,3.0,1.65,90.0,49.5,False,False,2,False
2025-10-30,Deira Depot,DEI,Snacks,Granola Bar 50g,73,3.0,1.65,219.0,120.45,False,False,3,False
2025-10-31,Deira Depot,DEI,Snacks,Granola Bar 50g,59,3.0,1.65,177.0,97.35,False,False,4,False
2025-11-01,Deira Depot,DEI,Snacks,Granola Bar 50g,78,3.0,1.65,234.0,128.7,False,False,5,True
2025-11-02,Deira Depot,DEI,Snacks,Granola Bar 50g,59,3.0,1.65,177.0,97.35,False,False,6,True
2025-11-03,Deira Depot,DEI,Snacks,Granola Bar 50g,49,3.0,1.65,147.0,80.85,False,False,0,False
2025-11-04,Deira Depot,DEI,Snacks,Granola Bar 50g,84,2.4,1.65,201.6,138.6,True,False,1,False
2025-11-05,Deira Depot,DEI,Snacks,Granola Bar 50g,56,3.0,1.65,168.0,92.4,False,False,2,False
2025-11-06,Deira Depot,DEI,Snacks,Granola Bar 50g,69,3.0,1.65,207.0,113.85,False,False,3,False
2025-11-07,Deira Depot,DEI,Snacks,Granola Bar 50g,37,3.0,1.65,111.0,61.05,False,False,4,False
2025-11-08,Deira Depot,DEI,Snacks,Granola Bar 50g,76,3.0,1.65,228.0,125.4,False,False,5,True
2025-11-09,Deira Depot,DEI,Snacks,Granola Bar 50g,65,3.0,1.65,195.0,107.25,False,False,6,True
2025-11-10,Deira Depot,DEI,Snacks,Granola Bar 50g,36,3.0,1.65,108.0,59.4,False,False,0,False
2025-11-11,Deira Depot,DEI,Snacks,Granola Bar 50g,67,3.0,1.65,201.0,110.55,False,False,1,False
2025-11-12,Deira Depot,DEI,Snacks,Granola Bar 50g,69,3.0,1.65,207.0,113.85,False,False,2,False
2025-11-13,Deira Depot,DEI,Snacks,Granola Bar 50g,88,3.0,1.65,264.0,145.2,False,False,3,False
2025-11-14,Deira Depot,DEI,Snacks,Granola Bar 50g,77,2.4,1.65,184.8,127.05,True,False,4,False
2025-11-15,Deira Depot,DEI,Snacks,Granola Bar 50g,80,3.0,1.65,240.0,132.0,False,False,5,True
2025-11-16,Deira Depot,DEI,Snacks,Granola Bar 50g,52,3.0,1.65,156.0,85.8,False,False,6,True
2025-11-17,Deira Depot,DEI,Snacks,Granola Bar 50g,57,3.0,1.65,171.0,94.05,False,False,0,False
2025-11-18,Deira Depot,DEI,Snacks,Granola Bar 50g,43,3.0,1.65,129.0,70.95,False,False,1,False
2025-11-19,Deira Depot,DEI,Snacks,Granola Bar 50g,23,3.0,1.65,69.0,37.95,False,False,2,False
2025-11-20,Deira Depot,DEI,Snacks,Granola Bar 50g,58,3.0,1.65,174.0,95.7,False,False,3,False
2025-11-21,Deira Depot,DEI,Snacks,Granola Bar 50g,46,3.0,1.65,138.0,75.9,False,False,4,False
2025-11-22,Deira Depot,DEI,Snacks,Granola Bar 50g,67,3.0,1.65,201.0,110.55,False,False,5,True
2025-11-23,Deira Depot,DEI,Snacks,Granola Bar 50g,78,3.0,1.65,234.0,128.7,False,False,6,True
2025-11-24,Deira Depot,DEI,Snacks,Granola Bar 50g,41,3.0,1.65,123.0,67.65,False,False,0,False
2025-11-25,Deira Depot,DEI,Snacks,Granola Bar 50g,40,3.0,1.65,120.0,66.0,False,False,1,False
2025-11-26,Deira Depot,DEI,Snacks,Granola Bar 50g,23,3.0,1.65,69.0,37.95,False,False,2,False
2025-11-27,Deira Depot,DEI,Snacks,Granola Bar 50g,43,3.0,1.65,129.0,70.95,False,False,3,False
2025-11-28,Deira Depot,DEI,Snacks,Granola Bar 50g,64,3.0,1.65,192.0,105.6,False,False,4,False
2025-11-29,Deira Depot,DEI,Snacks,Granola Bar 50g,75,3.0,1.65,225.0,123.75,False,False,5,True
2025-11-30,Deira Depot,DEI,Snacks,Granola Bar 50g,46,3.0,1.65,138.0,75.9,False,False,6,True
2025-12-01,Deira Depot,DEI,Snacks,Granola Bar 50g,55,3.0,1.65,165.0,90.75,False,False,0,False
2025-12-02,Deira Depot,DEI,Snacks,Granola Bar 50g,60,3.0,1.65,180.0,99.0,False,False,1,False
2025-12-03,Deira Depot,DEI,Snacks,Granola Bar 50g,43,3.0,1.65,129.0,70.95,False,False,2,False
2025-12-04,Deira Depot,DEI,Snacks,Granola Bar 50g,63,3.0,1.65,189.0,103.95,False,False,3,False
2025-12-05,Deira Depot,DEI,Snacks,Granola Bar 50g,82,3.0,1.65,246.0,135.3,False,False,4,False
2025-12-06,Deira Depot,DEI,Snacks,Granola Bar 50g,71,3.0,1.65,213.0,117.15,False,False,5,True
2025-12-07,Deira Depot,DEI,Snacks,Granola Bar 50g,59,3.0,1.65,177.0,97.35,False,False,6,True
2025-12-08,Deira Depot,DEI,Snacks,Granola Bar 50g,46,3.0,1.65,138.0,75.9,False,False,0,False
2025-12-09,Deira Depot,DEI,Snacks,Granola Bar 50g,61,3.0,1.65,183.0,100.65,False,False,1,False
2025-12-10,Deira Depot,DEI,Snacks,Granola Bar 50g,49,3.0,1.65,147.0,80.85,False,False,2,False
2025-12-11,Deira Depot,DEI,Snacks,Granola Bar 50g,65,3.0,1.65,195.0,107.25,False,False,3,False
2025-12-12,Deira Depot,DEI,Snacks,Granola Bar 50g,52,3.0,1.65,156.0,85.8,False,False,4,False
2025-12-13,Deira Depot,DEI,Snacks,Granola Bar 50g,69,3.0,1.65,207.0,113.85,False,False,5,True
2025-12-14,Deira Depot,DEI,Snacks,Granola Bar 50g,64,3.0,1.65,192.0,105.6,False,False,6,True
2025-12-15,Deira Depot,DEI,Snacks,Granola Bar 50g,53,3.0,1.65,159.0,87.45,False,False,0,False
2025-12-16,Deira Depot,DEI,Snacks,Granola Bar 50g,64,3.0,1.65,192.0,105.6,False,False,1,False
2025-12-17,Deira Depot,DEI,Snacks,Granola Bar 50g,40,3.0,1.65,120.0,66.0,False,False,2,False
2025-12-18,Deira Depot,DEI,Snacks,Granola Bar 50g,74,3.0,1.65,222.0,122.1,False,False,3,False
2025-12-19,Deira Depot,DEI,Snacks,Granola Bar 50g,73,3.0,1.65,219.0,120.45,False,True,4,False
2025-12-20,Deira Depot,DEI,Snacks,Granola Bar 50g,72,3.0,1.65,216.0,118.8,False,False,5,True
2025-12-21,Deira Depot,DEI,Snacks,Granola Bar 50g,55,3.0,1.65,165.0,90.75,False,False,6,True
2025-12-22,Deira Depot,DEI,Snacks,Granola Bar 50g,60,3.0,1.65,180.0,99.0,False,False,0,False
2025-12-23,Deira Depot,DEI,Snacks,Granola Bar 50g,74,3.0,1.65,222.0,122.1,False,False,1,False
2025-12-24,Deira Depot,DEI,Snacks,Granola Bar 50g,43,3.0,1.65,129.0,70.95,False,False,2,False
2025-12-25,Deira Depot,DEI,Snacks,Granola Bar 50g,59,3.0,1.65,177.0,97.35,False,False,3,False
2025-12-26,Deira Depot,DEI,Snacks,Granola Bar 50g,66,3.0,1.65,198.0,108.9,False,False,4,False
2025-12-27,Deira Depot,DEI,Snacks,Granola Bar 50g,65,3.0,1.65,195.0,107.25,False,False,5,True
2025-12-28,Deira Depot,DEI,Snacks,Granola Bar 50g,49,3.0,1.65,147.0,80.85,False,False,6,True
2025-12-29,Deira Depot,DEI,Snacks,Granola Bar 50g,52,3.0,1.65,156.0,85.8,False,False,0,False
2025-12-30,Deira Depot,DEI,Snacks,Granola Bar 50g,62,3.0,1.65,186.0,102.3,False,False,1,False
2025-12-31,Deira Depot,DEI,Snacks,Granola Bar 50g,36,3.0,1.65,108.0,59.4,False,False,2,False
2026-01-01,Deira Depot,DEI,Snacks,Granola Bar 50g,81,3.0,1.65,243.0,133.65,False,False,3,False
2026-01-02,Deira Depot,DEI,Snacks,Granola Bar 50g,43,3.0,1.65,129.0,70.95,False,False,4,False
2026-01-03,Deira Depot,DEI,Snacks,Granola Bar 50g,56,3.0,1.65,168.0,92.4,False,False,5,True
2026-01-04,Deira Depot,DEI,Snacks,Granola Bar 50g,75,3.0,1.65,225.0,123.75,False,False,6,True
2026-01-05,Deira Depot,DEI,Snacks,Granola Bar 50g,34,3.0,1.65,102.0,56.1,False,True,0,False
2026-01-06,Deira Depot,DEI,Snacks,Granola Bar 50g,59,3.0,1.65,177.0,97.35,False,False,1,False
2026-01-07,Deira Depot,DEI,Snacks,Granola Bar 50g,58,2.4,1.65,139.2,95.7,True,False,2,False
2026-01-08,Deira Depot,DEI,Snacks,Granola Bar 50g,68,3.0,1.65,204.0,112.2,False,True,3,False
2026-01-09,Deira Depot,DEI,Snacks,Granola Bar 50g,70,3.0,1.65,210.0,115.5,False,False,4,False
2026-01-10,Deira Depot,DEI,Snacks,Granola Bar 50g,31,3.0,1.65,93.0,51.15,False,False,5,True
2026-01-11,Deira Depot,DEI,Snacks,Granola Bar 50g,77,3.0,1.65,231.0,127.05,False,False,6,True
2026-01-12,Deira Depot,DEI,Snacks,Granola Bar 50g,25,3.0,1.65,75.0,41.25,False,False,0,False
2026-01-13,Deira Depot,DEI,Snacks,Granola Bar 50g,60,3.0,1.65,180.0,99.0,False,False,1,False
2026-01-14,Deira Depot,DEI,Snacks,Granola Bar 50g,33,3.0,1.65,99.0,54.45,False,False,2,False
2026-01-15,Deira Depot,DEI,Snacks,Granola Bar 50g,63,3.0,1.65,189.0,103.95,False,False,3,False
2026-01-16,Deira Depot,DEI,Snacks,Granola Bar 50g,43,3.0,1.65,129.0,70.95,False,False,4,False
2026-01-17,Deira Depot,DEI,Snacks,Granola Bar 50g,47,3.0,1.65,141.0,77.55,False,False,5,True
2026-01-18,Deira Depot,DEI,Snacks,Granola Bar 50g,70,3.0,1.65,210.0,115.5,False,False,6,True
2026-01-19,Deira Depot,DEI,Snacks,Granola Bar 50g,49,3.0,1.65,147.0,80.85,False,False,0,False
2026-01-20,Deira Depot,DEI,Snacks,Granola Bar 50g,58,3.0,1.65,174.0,95.7,False,True,1,False
2026-01-21,Deira Depot,DEI,Snacks,Granola Bar 50g,66,3.0,1.65,198.0,108.9,False,False,2,False
2026-01-22,Deira Depot,DEI,Snacks,Granola Bar 50g,38,3.0,1.65,114.0,62.7,False,False,3,False
2026-01-23,Deira Depot,DEI,Snacks,Granola Bar 50g,69,3.0,1.65,207.0,113.85,False,False,4,False
2026-01-24,Deira Depot,DEI,Snacks,Granola Bar 50g,75,3.0,1.65,225.0,123.75,False,False,5,True
2026-01-25,Deira Depot,DEI,Snacks,Granola Bar 50g,37,3.0,1.65,111.0,61.05,False,False,6,True
2026-01-26,Deira Depot,DEI,Snacks,Granola Bar 50g,21,3.0,1.65,63.0,34.65,False,False,0,False
2026-01-27,Deira Depot,DEI,Snacks,Granola Bar 50g,38,3.0,1.65,114.0,62.7,False,False,1,False
2026-01-28,Deira Depot,DEI,Snacks,Granola Bar 50g,46,3.0,1.65,138.0,75.9,False,False,2,False
2026-01-29,Deira Depot,DEI,Snacks,Granola Bar 50g,48,3.0,1.65,144.0,79.2,False,False,3,False
2026-01-30,Deira Depot,DEI,Snacks,Granola Bar 50g,60,3.0,1.65,180.0,99.0,False,False,4,False
2026-01-31,Deira Depot,DEI,Snacks,Granola Bar 50g,89,3.0,1.65,267.0,146.85,False,False,5,True
2026-02-01,Deira Depot,DEI,Snacks,Granola Bar 50g,56,3.0,1.65,168.0,92.4,False,False,6,True
2026-02-02,Deira Depot,DEI,Snacks,Granola Bar 50g,56,3.0,1.65,168.0,92.4,False,False,0,False
2026-02-03,Deira Depot,DEI,Snacks,Granola Bar 50g,63,3.0,1.65,189.0,103.95,False,False,1,False
2026-02-04,Deira Depot,DEI,Snacks,Granola Bar 50g,50,3.0,1.65,150.0,82.5,False,False,2,False
2026-02-05,Deira Depot,DEI,Snacks,Granola Bar 50g,38,3.0,1.65,114.0,62.7,False,False,3,False
2026-02-06,Deira Depot,DEI,Snacks,Granola Bar 50g,64,3.0,1.65,192.0,105.6,False,False,4,False
2026-02-07,Deira Depot,DEI,Snacks,Granola Bar 50g,99,3.0,1.65,297.0,163.35,False,True,5,True
2026-02-08,Deira Depot,DEI,Snacks,Granola Bar 50g,64,3.0,1.65,192.0,105.6,False,False,6,True
2026-02-09,Deira Depot,DEI,Snacks,Granola Bar 50g,57,3.0,1.65,171.0,94.05,False,False,0,False
2026-02-10,Deira Depot,DEI,Snacks,Granola Bar 50g,41,3.0,1.65,123.0,67.65,False,False,1,False
2026-02-11,Deira Depot,DEI,Snacks,Granola Bar 50g,71,3.0,1.65,213.0,117.15,False,False,2,False
2026-02-12,Deira Depot,DEI,Snacks,Granola Bar 50g,72,3.0,1.65,216.0,118.8,False,False,3,False
2026-02-13,Deira Depot,DEI,Snacks,Granola Bar 50g,62,3.0,1.65,186.0,102.3,False,False,4,False
2026-02-14,Deira Depot,DEI,Snacks,Granola Bar 50g,93,3.0,1.65,279.0,153.45,False,False,5,True
2026-02-15,Deira Depot,DEI,Snacks,Granola Bar 50g,24,3.0,1.65,72.0,39.6,False,False,6,True
2026-02-16,Deira Depot,DEI,Snacks,Granola Bar 50g,72,3.0,1.65,216.0,118.8,False,False,0,False
2026-02-17,Deira Depot,DEI,Snacks,Granola Bar 50g,64,3.0,1.65,192.0,105.6,False,False,1,False
2026-02-18,Deira Depot,DEI,Snacks,Granola Bar 50g,63,3.0,1.65,189.0,103.95,False,False,2,False
2026-02-19,Deira Depot,DEI,Snacks,Granola Bar 50g,33,3.0,1.65,99.0,54.45,False,False,3,False
2026-02-20,Deira Depot,DEI,Snacks,Granola Bar 50g,40,3.0,1.65,120.0,66.0,False,False,4,False
2026-02-21,Deira Depot,DEI,Snacks,Granola Bar 50g,66,3.0,1.65,198.0,108.9,False,False,5,True
2026-02-22,Deira Depot,DEI,Snacks,Granola Bar 50g,83,2.4,1.65,199.2,136.95,True,False,6,True
2026-02-23,Deira Depot,DEI,Snacks,Granola Bar 50g,49,3.0,1.65,147.0,80.85,False,False,0,False
2026-02-24,Deira Depot,DEI,Snacks,Granola Bar 50g,40,3.0,1.65,120.0,66.0,False,False,1,False
2026-02-25,Deira Depot,DEI,Snacks,Granola Bar 50g,55,3.0,1.65,165.0,90.75,False,False,2,False
2026-02-26,Deira Depot,DEI,Snacks,Granola Bar 50g,41,3.0,1.65,123.0,67.65,False,False,3,False
2026-02-27,Deira Depot,DEI,Snacks,Granola Bar 50g,56,3.0,1.65,168.0,92.4,False,False,4,False
2026-02-28,Deira Depot,DEI,Snacks,Granola Bar 50g,89,3.0,1.65,267.0,146.85,False,False,5,True
2026-03-01,Deira Depot,DEI,Snacks,Granola Bar 50g,64,3.0,1.65,192.0,105.6,False,False,6,True
2026-03-02,Deira Depot,DEI,Snacks,Granola Bar 50g,38,3.0,1.65,114.0,62.7,False,False,0,False
2026-03-03,Deira Depot,DEI,Snacks,Granola Bar 50g,91,2.4,1.65,218.4,150.15,True,False,1,False
2026-03-04,Deira Depot,DEI,Snacks,Granola Bar 50g,37,3.0,1.65,111.0,61.05,False,False,2,False
2026-03-05,Deira Depot,DEI,Snacks,Granola Bar 50g,36,3.0,1.65,108.0,59.4,False,False,3,False
2026-03-06,Deira Depot,DEI,Snacks,Granola Bar 50g,70,3.0,1.65,210.0,115.5,False,False,4,False
2026-03-07,Deira Depot,DEI,Snacks,Granola Bar 50g,101,3.0,1.65,303.0,166.65,False,False,5,True
2026-03-08,Deira Depot,DEI,Snacks,Granola Bar 50g,78,3.0,1.65,234.0,128.7,False,True,6,True
2026-03-09,Deira Depot,DEI,Snacks,Granola Bar 50g,65,3.0,1.65,195.0,107.25,False,False,0,False
2026-03-10,Deira Depot,DEI,Snacks,Granola Bar 50g,71,3.0,1.65,213.0,117.15,False,False,1,False
2026-03-11,Deira Depot,DEI,Snacks,Granola Bar 50g,65,3.0,1.65,195.0,107.25,False,False,2,False
2026-03-12,Deira Depot,DEI,Snacks,Granola Bar 50g,63,3.0,1.65,189.0,103.95,False,False,3,False
2026-03-13,Deira Depot,DEI,Snacks,Granola Bar 50g,49,3.0,1.65,147.0,80.85,False,False,4,False
2026-03-14,Deira Depot,DEI,Snacks,Granola Bar 50g,64,3.0,1.65,192.0,105.6,False,False,5,True
2026-03-15,Deira Depot,DEI,Snacks,Granola Bar 50g,39,3.0,1.65,117.0,64.35,False,False,6,True
2026-03-16,Deira Depot,DEI,Snacks,Granola Bar 50g,50,3.0,1.65,150.0,82.5,False,False,0,False
2026-03-17,Deira Depot,DEI,Snacks,Granola Bar 50g,61,3.0,1.65,183.0,100.65,False,False,1,False
2026-03-18,Deira Depot,DEI,Snacks,Granola Bar 50g,43,3.0,1.65,129.0,70.95,False,False,2,False
2026-03-19,Deira Depot,DEI,Snacks,Granola Bar 50g,70,3.0,1.65,210.0,115.5,False,False,3,False
2026-03-20,Deira Depot,DEI,Snacks,Granola Bar 50g,49,3.0,1.65,147.0,80.85,False,False,4,False
2026-03-21,Deira Depot,DEI,Snacks,Granola Bar 50g,86,3.0,1.65,258.0,141.9,False,False,5,True
2026-03-22,Deira Depot,DEI,Snacks,Granola Bar 50g,49,3.0,1.65,147.0,80.85,False,False,6,True
2026-03-23,Deira Depot,DEI,Snacks,Granola Bar 50g,36,3.0,1.65,108.0,59.4,False,False,0,False
2026-03-24,Deira Depot,DEI,Snacks,Granola Bar 50g,36,3.0,1.65,108.0,59.4,False,False,1,False
2026-03-25,Deira Depot,DEI,Snacks,Granola Bar 50g,52,3.0,1.65,156.0,85.8,False,False,2,False
2026-03-26,Deira Depot,DEI,Snacks,Granola Bar 50g,61,3.0,1.65,183.0,100.65,False,False,3,False
2026-03-27,Deira Depot,DEI,Snacks,Granola Bar 50g,67,3.0,1.65,201.0,110.55,False,False,4,False
2026-03-28,Deira Depot,DEI,Snacks,Granola Bar 50g,80,3.0,1.65,240.0,132.0,False,False,5,True
2026-03-29,Deira Depot,DEI,Snacks,Granola Bar 50g,69,3.0,1.65,207.0,113.85,False,False,6,True
