data/sample_grocery_data.csv
date,store,store_id,category,sku,units_sold,price,unit_cost,revenue,cost,promotion,stockout,day_of_week,is_weekend
2025-10-01,Deira Depot,DEI,Dairy,Greek Yogurt 500g,57,8.0,4.4,456.0,250.8,False,False,2,False
2025-10-02,Deira Depot,DEI,Dairy,Greek Yogurt 500g,88,8.0,4.4,704.0,387.2,False,False,3,False
2025-10-03,Deira Depot,DEI,Dairy,Greek Yogurt 500g,87,8.0,4.4,696.0,382.8,False,True,4,False
2025-10-04,Deira Depot,DEI,Dairy,Greek Yogurt 500g,110,8.0,4.4,880.0,484.0,False,False,5,True
2025-10-05,Deira Depot,DEI,Dairy,Greek Yogurt 500g,86,8.0,4.4,688.0,378.4,False,False,6,True
2025-10-06,Deira Depot,DEI,Dairy,Greek Yogurt 500g,70,8.0,4.4,560.0,308.0,False,False,0,False
2025-10-07,Deira Depot,DEI,Dairy,Greek Yogurt 500g,128,6.4,4.4,819.2,563.2,True,False,1,False
2025-10-08,Deira Depot,DEI,Dairy,Greek Yogurt 500g,74,8.0,4.4,592.0,325.6,False,False,2,False
2025-10-09,Deira Depot,DEI,Dairy,Greek Yogurt 500g,95,8.0,4.4,760.0,418.0,False,False,3,False
2025-10-10,Deira Depot,DEI,Dairy,Greek Yogurt 500g,117,6.4,4.4,748.8,514.8,True,False,4,False
2025-10-11,Deira Depot,DEI,Dairy,Greek Yogurt 500g,99,8.0,4.4,792.0,435.6,False,False,5,True
2025-10-12,Deira Depot,DEI,Dairy,Greek Yogurt 500g,101,8.0,4.4,808.0,444.4,False,False,6,True
2025-10-13,Deira Depot,DEI,Dairy,Greek Yogurt 500g,64,8.0,4.4,512.0,281.6,False,False,0,False
2025-10-14,Deira Depot,DEI,Dairy,Greek Yogurt 500g,62,8.0,4.4,496.0,272.8,False,False,1,False
2025-10-15,Deira Depot,DEI,Dairy,Greek Yogurt 500g,96,8.0,4.4,768.0,422.4,False,False,2,False
2025-10-16,Deira Depot,DEI,Dairy,Greek Yogurt 500g,73,8.0,4.4,584.0,321.2,False,True,3,False
2025-10-17,Deira Depot,DEI,Dairy,Greek Yogurt 500g,90,6.4,4.4,576.0,396.0,True,False,4,False
2025-10-18,Deira Depot,DEI,Dairy,Greek Yogurt 500g,103,8.0,4.4,824.0,453.2,False,False,5,True
2025-10-19,Deira Depot,DEI,Dairy,Greek Yogurt 500g,112,6.4,4.4,716.8,492.8,True,False,6,True
2025-10-20,Deira Depot,DEI,Dairy,Greek Yogurt 500g,127,6.4,4.4,812.8,558.8,True,False,0,False
2025-10-21,Deira Depot,DEI,Dairy,Greek Yogurt 500g,71,8.0,4.4,568.0,312.4,False,False,1,False
2025-10-22,Deira Depot,DEI,Dairy,Greek Yogurt 500g,63,8.0,4.4,504.0,277.2,False,False,2,False
2025-10-23,Deira Depot,DEI,Dairy,Greek Yogurt 500g,69,8.0,4.4,552.0,303.6,False,False,3,False
2025-10-24,Deira Depot,DEI,Dairy,Greek Yogurt 500g,66,8.0,4.4,528.0,290.4,False,False,4,False
2025-10-25,Deira Depot,DEI,Dairy,Greek Yogurt 500g,114,8.0,4.4,912.0,501.6,False,False,5,True
2025-10-26,Deira Depot,DEI,Dairy,Greek Yogurt 500g,53,8.0,4.4,424.0,233.2,False,False,6,True
2025-10-27,Deira Depot,DEI,Dairy,Greek Yogurt 500g,66,8.0,4.4,528.0,290.4,False,False,0,False
2025-10-28,Deira Depot,DEI,Dairy,Greek Yogurt 500g,69,8.0,4.4,552.0,303.6,False,False,1,False
2025-10-29,Deira Depot,DEI,Dairy,Greek Yogurt 500g,67,8.0,4.4,536.0,294.8,False,False,2,False
2025-10-30,Deira Depot,DEI,Dairy,Greek Yogurt 500g,98,8.0,4.4,784.0,431.2,False,False,3,False
2025-10-31,Deira Depot,DEI,Dairy,Greek Yogurt 500g,83,8.0,4.4,664.0,365.2,False,False,4,False
2025-11-01,Deira Depot,DEI,Dairy,Greek Yogurt 500g,105,8.0,4.4,840.0,462.0,False,False,5,True
2025-11-02,Deira Depot,DEI,Dairy,Greek Yogurt 500g,127,6.4,4.4,812.8,558.8,True,False,6,True
2025-11-03,Deira Depot,DEI,Dairy,Greek Yogurt 500g,71,8.0,4.4,568.0,312.4,False,False,0,False
2025-11-04,Deira Depot,DEI,Dairy,Greek Yogurt 500g,65,8.0,4.4,520.0,286.0,False,False,1,False
2025-11-05,Deira Depot,DEI,Dairy,Greek Yogurt 500g,78,8.0,4.4,624.0,343.2,False,False,2,False
2025-11-06,Deira Depot,DEI,Dairy,Greek Yogurt 500g,52,8.0,4.4,416.0,228.8,False,True,3,False
2025-11-07,Deira Depot,DEI,Dairy,Greek Yogurt 500g,91,8.0,4.4,728.0,400.4,False,False,4,False
2025-11-08,Deira Depot,DEI,Dairy,Greek Yogurt 500g,92,8.0,4.4,736.0,404.8,False,False,5,True
2025-11-09,Deira Depot,DEI,Dairy,Greek Yogurt 500g,85,8.0,4.4,680.0,374.0,False,False,6,True
2025-11-10,Deira Depot,DEI,Dairy,Greek Yogurt 500g,68,8.0,4.4,544.0,299.2,False,False,0,False
2025-11-11,Deira Depot,DEI,Dairy,Greek Yogurt 500g,65,8.0,4.4,520.0,286.0,False,False,1,False
2025-11-12,Deira Depot,DEI,Dairy,Greek Yogurt 500g,84,8.0,4.4,672.0,369.6,False,False,2,False
2025-11-13,Deira Depot,DEI,Dairy,Greek Yogurt 500g,83,8.0,4.4,664.0,365.2,False,False,3,False
2025-11-14,Deira Depot,DEI,Dairy,Greek Yogurt 500g,76,8.0,4.4,608.0,334.4,False,False,4,False
2025-11-15,Deira Depot,DEI,Dairy,Greek Yogurt 500g,100,8.0,4.4,800.0,440.0,False,False,5,True
2025-11-16,Deira Depot,DEI,Dairy,Greek Yogurt 500g,95,8.0,4.4,760.0,418.0,False,False,6,True
2025-11-17,Deira Depot,DEI,Dairy,Greek Yogurt 500g,82,8.0,4.4,656.0,360.8,False,False,0,False
2025-11-18,Deira Depot,DEI,Dairy,Greek Yogurt 500g,68,8.0,4.4,544.0,299.2,False,False,1,False
2025-11-19,Deira Depot,DEI,Dairy,Greek Yogurt 500g,92,8.0,4.4,736.0,404.8,False,False,2,False
2025-11-20,Deira Depot,DEI,Dairy,Greek Yogurt 500g,74,8.0,4.4,592.0,325.6,False,False,3,False
2025-11-21,Deira Depot,DEI,Dairy,Greek Yogurt 500g,88,8.0,4.4,704.0,387.2,False,False,4,False
2025-11-22,Deira Depot,DEI,Dairy,Greek Yogurt 500g,89,8.0,4.4,712.0,391.6,False,False,5,True
2025-11-23,Deira Depot,DEI,Dairy,Greek Yogurt 500g,82,8.0,4.4,656.0,360.8,False,False,6,True
2025-11-24,Deira Depot,DEI,Dairy,Greek Yogurt 500g,70,8.0,4.4,560.0,308.0,False,False,0,False
2025-11-25,Deira Depot,DEI,Dairy,Greek Yogurt 500g,61,8.0,4.4,488.0,268.4,False,False,1,False
2025-11-26,Deira Depot,DEI,Dairy,Greek Yogurt 500g,89,8.0,4.4,712.0,391.6,False,False,2,False
2025-11-27,Deira Depot,DEI,Dairy,Greek Yogurt 500g,103,6.4,4.4,659.2,453.2,True,False,3,False
2025-11-28,Deira Depot,DEI,Dairy,Greek Yogurt 500g,87,8.0,4.4,696.0,382.8,False,False,4,False
2025-11-29,Deira Depot,DEI,Dairy,Greek Yogurt 500g,78,8.0,4.4,624.0,343.2,False,False,5,True
2025-11-30,Deira Depot,DEI,Dairy,Greek Yogurt 500g,77,8.0,4.4,616.0,338.8,False,False,6,True
2025-12-01,Deira Depot,DEI,Dairy,Greek Yogurt 500g,65,8.0,4.4,520.0,286.0,False,False,0,False
2025-12-02,Deira Depot,DEI,Dairy,Greek Yogurt 500g,73,8.0,4.4,584.0,321.2,False,False,1,False
2025-12-03,Deira Depot,DEI,Dairy,Greek Yogurt 500g,56,8.0,4.4,448.0,246.4,False,False,2,False
2025-12-04,Deira Depot,DEI,Dairy,Greek Yogurt 500g,94,8.0,4.4,752.0,413.6,False,False,3,False
2025-12-05,Deira Depot,DEI,Dairy,Greek Yogurt 500g,71,8.0,4.4,568.0,312.4,False,False,4,False
2025-12-06,Deira Depot,DEI,Dairy,Greek Yogurt 500g,102,8.0,4.4,816.0,448.8,False,False,5,True
2025-12-07,Deira Depot,DEI,Dairy,Greek Yogurt 500g,88,8.0,4.4,704.0,387.2,False,False,6,True
2025-12-08,Deira Depot,DEI,Dairy,Greek Yogurt 500g,60,8.0,4.4,480.0,264.0,False,False,0,False
2025-12-09,Deira Depot,DEI,Dairy,Greek Yogurt 500g,45,8.0,4.4,360.0,198.0,False,False,1,False
2025-12-10,Deira Depot,DEI,Dairy,Greek Yogurt 500g,78,8.0,4.4,624.0,343.2,False,False,2,False
2025-12-11,Deira Depot,DEI,Dairy,Greek Yogurt 500g,71,8.0,4.4,568.0,312.4,False,False,3,False
2025-12-12,Deira Depot,DEI,Dairy,Greek Yogurt 500g,126,6.4,4.4,806.4,554.4,True,False,4,False
2025-12-13,Deira Depot,DEI,Dairy,Greek Yogurt 500g,109,8.0,4.4,872.0,479.6,False,False,5,True
2025-12-14,Deira Depot,DEI,Dairy,Greek Yogurt 500g,70,8.0,4.4,560.0,308.0,False,False,6,True
2025-12-15,Deira Depot,DEI,Dairy,Greek Yogurt 500g,116,6.4,4.4,742.4,510.4,True,False,0,False
2025-12-16,Deira Depot,DEI,Dairy,Greek Yogurt 500g,66,8.0,4.4,528.0,290.4,False,False,1,False
2025-12-17,Deira Depot,DEI,Dairy,Greek Yogurt 500g,63,8.0,4.4,504.0,277.2,False,False,2,False
2025-12-18,Deira Depot,DEI,Dairy,Greek Yogurt 500g,89,8.0,4.4,712.0,391.6,False,False,3,False
2025-12-19,Deira Depot,DEI,Dairy,Greek Yogurt 500g,88,8.0,4.4,704.0,387.2,False,False,4,False
2025-12-20,Deira Depot,DEI,Dairy,Greek Yogurt 500g,78,8.0,4.4,624.0,343.2,False,False,5,True
2025-12-21,Deira Depot,DEI,Dairy,Greek Yogurt 500g,100,8.0,4.4,800.0,440.0,False,False,6,True
2025-12-22,Deira Depot,DEI,Dairy,Greek Yogurt 500g,56,8.0,4.4,448.0,246.4,False,False,0,False
2025-12-23,Deira Depot,DEI,Dairy,Greek Yogurt 500g,76,8.0,4.4,608.0,334.4,False,False,1,False
2025-12-24,Deira Depot,DEI,Dairy,Greek Yogurt 500g,92,8.0,4.4,736.0,404.8,False,False,2,False
2025-12-25,Deira Depot,DEI,Dairy,Greek Yogurt 500g,82,8.0,4.4,656.0,360.8,False,False,3,False
2025-12-26,Deira Depot,DEI,Dairy,Greek Yogurt 500g,85,8.0,4.4,680.0,374.0,False,False,4,False
2025-12-27,Deira Depot,DEI,Dairy,Greek Yogurt 500g,87,8.0,4.4,696.0,382.8,False,False,5,True
2025-12-28,Deira Depot,DEI,Dairy,Greek Yogurt 500g,90,8.0,4.4,720.0,396.0,False,False,6,True
2025-12-29,Deira Depot,DEI,Dairy,Greek Yogurt 500g,45,8.0,4.4,360.0,198.0,False,False,0,False
2025-12-30,Deira Depot,DEI,Dairy,Greek Yogurt 500g,61,8.0,4.4,488.0,268.4,False,False,1,False
2025-12-31,Deira Depot,DEI,Dairy,Greek Yogurt 500g,70,8.0,4.4,560.0,308.0,False,True,2,False
2026-01-01,Deira Depot,DEI,Dairy,Greek Yogurt 500g,83,8.0,4.4,664.0,365.2,False,False,3,False
2026-01-02,Deira Depot,DEI,Dairy,Greek Yogurt 500g,89,6.4,4.4,569.6,391.6,True,False,4,False
2026-01-03,Deira Depot,DEI,Dairy,Greek Yogurt 500g,70,8.0,4.4,560.0,308.0,False,False,5,True
2026-01-04,Deira Depot,DEI,Dairy,Greek Yogurt 500g,140,6.4,4.4,896.0,616.0,True,False,6,True
2026-01-05,Deira Depot,DEI,Dairy,Greek Yogurt 500g,64,8.0,4.4,512.0,281.6,False,False,0,False
2026-01-06,Deira Depot,DEI,Dairy,Greek Yogurt 500g,50,8.0,4.4,400.0,220.0,False,False,1,False
2026-01-07,Deira Depot,DEI,Dairy,Greek Yogurt 500g,61,8.0,4.4,488.0,268.4,False,False,2,False
2026-01-08,Deira Depot,DEI,Dairy,Greek Yogurt 500g,75,8.0,4.4,600.0,330.0,False,False,3,False
2026-01-09,Deira Depot,DEI,Dairy,Greek Yogurt 500g,89,8.0,4.4,712.0,391.6,False,False,4,False
2026-01-10,Deira Depot,DEI,Dairy,Greek Yogurt 500g,164,6.4,4.4,1049.6,721.6,True,False,5,True
2026-01-11,Deira Depot,DEI,Dairy,Greek Yogurt 500g,96,8.0,4.4,768.0,422.4,False,False,6,True
2026-01-12,Deira Depot,DEI,Dairy,Greek Yogurt 500g,67,8.0,4.4,536.0,294.8,False,False,0,False
2026-01-13,Deira Depot,DEI,Dairy,Greek Yogurt 500g,69,8.0,4.4,552.0,303.6,False,False,1,False
2026-01-14,Deira Depot,DEI,Dairy,Greek Yogurt 500g,73,8.0,4.4,584.0,321.2,False,False,2,False
2026-01-15,Deira Depot,DEI,Dairy,Greek Yogurt 500g,82,8.0,4.4,656.0,360.8,False,False,3,False
2026-01-16,Deira Depot,DEI,Dairy,Greek Yogurt 500g,64,8.0,4.4,512.0,281.6,False,False,4,False
2026-01-17,Deira Depot,DEI,Dairy,Greek Yogurt 500g,105,8.0,4.4,840.0,462.0,False,False,5,True
2026-01-18,Deira Depot,DEI,Dairy,Greek Yogurt 500g,69,8.0,4.4,552.0,303.6,False,False,6,True
2026-01-19,Deira Depot,DEI,Dairy,Greek Yogurt 500g,64,8.0,4.4,512.0,281.6,False,False,0,False
2026-01-20,Deira Depot,DEI,Dairy,Greek Yogurt 500g,111,6.4,4.4,710.4,488.4,True,False,1,False
2026-01-21,Deira Depot,DEI,Dairy,Greek Yogurt 500g,92,8.0,4.4,736.0,404.8,False,False,2,False
2026-01-22,Deira Depot,DEI,Dairy,Greek Yogurt 500g,83,8.0,4.4,664.0,365.2,False,False,3,False
2026-01-23,Deira Depot,DEI,Dairy,Greek Yogurt 500g,76,8.0,4.4,608.0,334.4,False,False,4,False
2026-01-24,Deira Depot,DEI,Dairy,Greek Yogurt 500g,98,8.0,4.4,784.0,431.2,False,False,5,True
2026-01-25,Deira Depot,DEI,Dairy,Greek Yogurt 500g,88,8.0,4.4,704.0,387.2,False,False,6,True
2026-01-26,Deira Depot,DEI,Dairy,Greek Yogurt 500g,61,8.0,4.4,488.0,268.4,False,False,0,False
2026-01-27,Deira Depot,DEI,Dairy,Greek Yogurt 500g,67,8.0,4.4,536.0,294.8,False,False,1,False
2026-01-28,Deira Depot,DEI,Dairy,Greek Yogurt 500g,66,8.0,4.4,528.0,290.4,False,False,2,False
2026-01-29,Deira Depot,DEI,Dairy,Greek Yogurt 500g,71,8.0,4.4,568.0,312.4,False,False,3,False
2026-01-30,Deira Depot,DEI,Dairy,Greek Yogurt 500g,77,8.0,4.4,616.0,338.8,False,False,4,False
2026-01-31,Deira Depot,DEI,Dairy,Greek Yogurt 500g,94,8.0,4.4,752.0,413.6,False,False,5,True
2026-02-01,Deira Depot,DEI,Dairy,Greek Yogurt 500g,92,8.0,4.4,736.0,404.8,False,False,6,True
2026-02-02,Deira Depot,DEI,Dairy,Greek Yogurt 500g,73,8.0,4.4,584.0,321.2,False,False,0,False
2026-02-03,Deira Depot,DEI,Dairy,Greek Yogurt 500g,83,8.0,4.4,664.0,365.2,False,False,1,False
2026-02-04,Deira Depot,DEI,Dairy,Greek Yogurt 500g,79,8.0,4.4,632.0,347.6,False,False,2,False
2026-02-05,Deira Depot,DEI,Dairy,Greek Yogurt 500g,82,8.0,4.4,656.0,360.8,False,False,3,False
2026-02-06,Deira Depot,DEI,Dairy,Greek Yogurt 500g,87,8.0,4.4,696.0,382.8,False,False,4,False
2026-02-07,Deira Depot,DEI,Dairy,Greek Yogurt 500g,82,8.0,4.4,656.0,360.8,False,False,5,True
2026-02-08,Deira Depot,DEI,Dairy,Greek Yogurt 500g,95,8.0,4.4,760.0,418.0,False,False,6,True
2026-02-09,Deira Depot,DEI,Dairy,Greek Yogurt 500g,58,8.0,4.4,464.0,255.2,False,False,0,False
2026-02-10,Deira Depot,DEI,Dairy,Greek Yogurt 500g,73,8.0,4.4,584.0,321.2,False,True,1,False
2026-02-11,Deira Depot,DEI,Dairy,Greek Yogurt 500g,65,8.0,4.4,520.0,286.0,False,False,2,False
2026-02-12,Deira Depot,DEI,Dairy,Greek Yogurt 500g,73,8.0,4.4,584.0,321.2,False,False,3,False
2026-02-13,Deira Depot,DEI,Dairy,Greek Yogurt 500g,74,8.0,4.4,592.0,325.6,False,False,4,False
2026-02-14,Deira Depot,DEI,Dairy,Greek Yogurt 500g,102,8.0,4.4,816.0,448.8,False,False,5,True
2026-02-15,Deira Depot,DEI,Dairy,Greek Yogurt 500g,70,8.0,4.4,560.0,308.0,False,False,6,True
2026-02-16,Deira Depot,DEI,Dairy,Greek Yogurt 500g,59,8.0,4.4,472.0,259.6,False,False,0,False
2026-02-17,Deira Depot,DEI,Dairy,Greek Yogurt 500g,76,8.0,4.4,608.0,334.4,False,False,1,False
2026-02-18,Deira Depot,DEI,Dairy,Greek Yogurt 500g,79,8.0,4.4,632.0,347.6,False,False,2,False
2026-02-19,Deira Depot,DEI,Dairy,Greek Yogurt 500g,80,8.0,4.4,640.0,352.0,False,False,3,False
2026-02-20,Deira Depot,DEI,Dairy,Greek Yogurt 500g,68,8.0,4.4,544.0,299.2,False,False,4,False
2026-02-21,Deira Depot,DEI,Dairy,Greek Yogurt 500g,104,8.0,4.4,832.0,457.6,False,False,5,True
2026-02-22,Deira Depot,DEI,Dairy,Greek Yogurt 500g,50,8.0,4.4,400.0,220.0,False,False,6,True
2026-02-23,Deira Depot,DEI,Dairy,Greek Yogurt 500g,91,6.4,4.4,582.4,400.4,True,False,0,False
2026-02-24,Deira Depot,DEI,Dairy,Greek Yogurt 500g,80,8.0,4.4,640.0,352.0,False,False,1,False
2026-02-25,Deira Depot,DEI,Dairy,Greek Yogurt 500g,75,8.0,4.4,600.0,330.0,False,False,2,False
2026-02-26,Deira Depot,DEI,Dairy,Greek Yogurt 500g,53,8.0,4.4,424.0,233.2,False,False,3,False
2026-02-27,Deira Depot,DEI,Dairy,Greek Yogurt 500g,84,8.0,4.4,672.0,369.6,False,False,4,False
2026-02-28,Deira Depot,DEI,Dairy,Greek Yogurt 500g,113,8.0,4.4,904.0,497.2,False,False,5,True
2026-03-01,Deira Depot,DEI,Dairy,Greek Yogurt 500g,99,8.0,4.4,792.0,435.6,False,False,6,True
2026-03-02,Deira Depot,DEI,Dairy,Greek Yogurt 500g,61,8.0,4.4,488.0,268.4,False,False,0,False
2026-03-03,Deira Depot,DEI,Dairy,Greek Yogurt 500g,55,8.0,4.4,440.0,242.0,False,False,1,False
2026-03-04,Deira Depot,DEI,Dairy,Greek Yogurt 500g,68,8.0,4.4,544.0,299.2,False,False,2,False
2026-03-05,Deira Depot,DEI,Dairy,Greek Yogurt 500g,98,8.0,4.4,784.0,431.2,False,False,3,False
2026-03-06,Deira Depot,DEI,Dairy,Greek Yogurt 500g,106,8.0,4.4,848.0,466.4,False,False,4,False
2026-03-07,Deira Depot,DEI,Dairy,Greek Yogurt 500g,127,8.0,4.4,1016.0,558.8,False,False,5,True
2026-03-08,Deira Depot,DEI,Dairy,Greek Yogurt 500g,91,8.0,4.4,728.0,400.4,False,False,6,True
2026-03-09,Deira Depot,DEI,Dairy,Greek Yogurt 500g,51,8.0,4.4,408.0,224.4,False,False,0,False
2026-03-10,Deira Depot,DEI,Dairy,Greek Yogurt 500g,63,8.0,4.4,504.0,277.2,False,False,1,False
2026-03-11,Deira Depot,DEI,Dairy,Greek Yogurt 500g,81,8.0,4.4,648.0,356.4,False,False,2,False
2026-03-12,Deira Depot,DEI,Dairy,Greek Yogurt 500g,95,8.0,4.4,760.0,418.0,False,False,3,False
2026-03-13,Deira Depot,DEI,Dairy,Greek Yogurt 500g,96,8.0,4.4,768.0,422.4,False,False,4,False
2026-03-14,Deira Depot,DEI,Dairy,Greek Yogurt 500g,116,8.0,4.4,928.0,510.4,False,False,5,True
2026-03-15,Deira Depot,DEI,Dairy,Greek Yogurt 500g,74,8.0,4.4,592.0,325.6,False,False,6,True
2026-03-16,Deira Depot,DEI,Dairy,Greek Yogurt 500g,65,8.0,4.4,520.0,286.0,False,False,0,False
2026-03-17,Deira Depot,DEI,Dairy,Greek Yogurt 500g,68,8.0,4.4,544.0,299.2,False,False,1,False
2026-03-18,Deira Depot,DEI,Dairy,Greek Yogurt 500g,87,8.0,4.4,696.0,382.8,False,False,2,False
2026-03-19,Deira Depot,DEI,Dairy,Greek Yogurt 500g,127,6.4,4.4,812.8,558.8,True,False,3,False
2026-03-20,Deira Depot,DEI,Dairy,Greek Yogurt 500g,99,8.0,4.4,792.0,435.6,False,False,4,False
2026-03-21,Deira Depot,DEI,Dairy,Greek Yogurt 500g,94,8.0,4.4,752.0,413.6,False,False,5,True
2026-03-22,Deira Depot,DEI,Dairy,Greek Yogurt 500g,89,8.0,4.4,712.0,391.6,False,False,6,True
2026-03-23,Deira Depot,DEI,Dairy,Greek Yogurt 500g,59,8.0,4.4,472.0,259.6,False,False,0,False
2026-03-24,Deira Depot,DEI,Dairy,Greek Yogurt 500g,77,8.0,4.4,616.0,338.8,False,False,1,False
2026-03-25,Deira Depot,DEI,Dairy,Greek Yogurt 500g,77,8.0,4.4,616.0,338.8,False,False,2,False
2026-03-26,Deira Depot,DEI,Dairy,Greek Yogurt 500g,81,8.0,4.4,648.0,356.4,False,False,3,False
2026-03-27,Deira Depot,DEI,Dairy,Greek Yogurt 500g,62,8.0,4.4,496.0,272.8,False,False,4,False
2026-03-28,Deira Depot,DEI,Dairy,Greek Yogurt 500g,84,8.0,4.4,672.0,369.6,False,False,5,True
2026-03-29,Deira Depot,DEI,Dairy,Greek Yogurt 500g,103,8.0,4.4,824.0,453.2,False,False,6,True
2025-10-01,Deira Depot,DEI,Pharmacy,Hand Sanitizer 200ml,12,9.0,4.95,108.0,59.4,False,False,2,False
2025-10-02,Deira Depot,DEI,Pharmacy,Hand Sanitizer 200ml,15,9.0,4.95,135.0,74.25,False,False,3,False
2025-10-03,Deira Depot,DEI,Pharmacy,Hand Sanitizer 200ml,13,9.0,4.95,117.0,64.35,False,False,4,False
2025-10-04,Deira Depot,DEI,Pharmacy,Hand Sanitizer 200ml,15,9.0,4.95,135.0,74.25,False,False,5,True
2025-10-05,Deira Depot,DEI,Pharmacy,Hand Sanitizer 200ml,13,9.0,4.95,117.0,64.35,False,False,6,True
2025-10-06,Deira Depot,DEI,Pharmacy,Hand Sanitizer 200ml,13,9.0,4.95,117.0,64.35,False,False,0,False
2025-10-07,Deira Depot,DEI,Pharmacy,Hand Sanitizer 200ml,10,9.0,4.95,90.0,49.5,False,False,1,False
2025-10-08,Deira Depot,DEI,Pharmacy,Hand Sanitizer 200ml,10,9.0,4.95,90.0,49.5,False,False,2,False
2025-10-09,Deira Depot,DEI,Pharmacy,Hand Sanitizer 200ml,13,9.0,4.95,117.0,64.35,False,False,3,False
