data/sample_grocery_data.csv
date,store,store_id,category,sku,units_sold,price,unit_cost,revenue,cost,promotion,stockout,day_of_week,is_weekend
2025-10-10,Deira Depot,DEI,Pharmacy,Hand Sanitizer 200ml,13,9.0,4.95,117.0,64.35,False,False,4,False
2025-10-11,Deira Depot,DEI,Pharmacy,Hand Sanitizer 200ml,26,7.2,4.95,187.2,128.7,True,False,5,True
2025-10-12,Deira Depot,DEI,Pharmacy,Hand Sanitizer 200ml,15,9.0,4.95,135.0,74.25,False,False,6,True
2025-10-13,Deira Depot,DEI,Pharmacy,Hand Sanitizer 200ml,12,9.0,4.95,108.0,59.4,False,False,0,False
2025-10-14,Deira Depot,DEI,Pharmacy,Hand Sanitizer 200ml,12,9.0,4.95,108.0,59.4,False,False,1,False
2025-10-15,Deira Depot,DEI,Pharmacy,Hand Sanitizer 200ml,12,9.0,4.95,108.0,59.4,False,False,2,False
2025-10-16,Deira Depot,DEI,Pharmacy,Hand Sanitizer 200ml,13,9.0,4.95,117.0,64.35,False,False,3,False
2025-10-17,Deira Depot,DEI,Pharmacy,Hand Sanitizer 200ml,12,9.0,4.95,108.0,59.4,False,False,4,False
2025-10-18,Deira Depot,DEI,Pharmacy,Hand Sanitizer 200ml,15,9.0,4.95,135.0,74.25,False,False,5,True
2025-10-19,Deira Depot,DEI,Pharmacy,Hand Sanitizer 200ml,14,9.0,4.95,126.0,69.3,False,False,6,True
2025-10-20,Deira Depot,DEI,Pharmacy,Hand Sanitizer 200ml,10,9.0,4.95,90.0,49.5,False,False,0,False
2025-10-21,Deira Depot,DEI,Pharmacy,Hand Sanitizer 200ml,11,9.0,4.95,99.0,54.45,False,False,1,False
2025-10-22,Deira Depot,DEI,Pharmacy,Hand Sanitizer 200ml,13,9.0,4.95,117.0,64.35,False,False,2,False
2025-10-23,Deira Depot,DEI,Pharmacy,Hand Sanitizer 200ml,13,9.0,4.95,117.0,64.35,False,False,3,False
2025-10-24,Deira Depot,DEI,Pharmacy,Hand Sanitizer 200ml,13,9.0,4.95,117.0,64.35,False,False,4,False
2025-10-25,Deira Depot,DEI,Pharmacy,Hand Sanitizer 200ml,17,9.0,4.95,153.0,84.15,False,False,5,True
2025-10-26,Deira Depot,DEI,Pharmacy,Hand Sanitizer 200ml,13,9.0,4.95,117.0,64.35,False,False,6,True
2025-10-27,Deira Depot,DEI,Pharmacy,Hand Sanitizer 200ml,11,9.0,4.95,99.0,54.45,False,False,0,False
2025-10-28,Deira Depot,DEI,Pharmacy,Hand Sanitizer 200ml,12,9.0,4.95,108.0,59.4,False,False,1,False
2025-10-29,Deira Depot,DEI,Pharmacy,Hand Sanitizer 200ml,12,9.0,4.95,108.0,59.4,False,False,2,False
2025-10-30,Deira Depot,DEI,Pharmacy,Hand Sanitizer 200ml,14,9.0,4.95,126.0,69.3,False,False,3,False
2025-10-31,Deira Depot,DEI,Pharmacy,Hand Sanitizer 200ml,14,9.0,4.95,126.0,69.3,False,False,4,False
2025-11-01,Deira Depot,DEI,Pharmacy,Hand Sanitizer 200ml,20,7.2,4.95,144.0,99.0,True,False,5,True
2025-11-02,Deira Depot,DEI,Pharmacy,Hand Sanitizer 200ml,14,9.0,4.95,126.0,69.3,False,False,6,True
2025-11-03,Deira Depot,DEI,Pharmacy,Hand Sanitizer 200ml,11,9.0,4.95,99.0,54.45,False,False,0,False
2025-11-04,Deira Depot,DEI,Pharmacy,Hand Sanitizer 200ml,11,9.0,4.95,99.0,54.45,False,False,1,False
2025-11-05,Deira Depot,DEI,Pharmacy,Hand Sanitizer 200ml,13,9.0,4.95,117.0,64.35,False,False,2,False
2025-11-06,Deira Depot,DEI,Pharmacy,Hand Sanitizer 200ml,14,9.0,4.95,126.0,69.3,False,False,3,False
2025-11-07,Deira Depot,DEI,Pharmacy,Hand Sanitizer 200ml,14,9.0,4.95,126.0,69.3,False,False,4,False
2025-11-08,Deira Depot,DEI,Pharmacy,Hand Sanitizer 200ml,16,9.0,4.95,144.0,79.2,False,False,5,True
2025-11-09,Deira Depot,DEI,Pharmacy,Hand Sanitizer 200ml,16,9.0,4.95,144.0,79.2,False,False,6,True
2025-11-10,Deira Depot,DEI,Pharmacy,Hand Sanitizer 200ml,9,9.0,4.95,81.0,44.55,False,False,0,False
2025-11-11,Deira Depot,DEI,Pharmacy,Hand Sanitizer 200ml,11,9.0,4.95,99.0,54.45,False,False,1,False
2025-11-12,Deira Depot,DEI,Pharmacy,Hand Sanitizer 200ml,13,9.0,4.95,117.0,64.35,False,False,2,False
2025-11-13,Deira Depot,DEI,Pharmacy,Hand Sanitizer 200ml,21,7.2,4.95,151.2,103.95,True,False,3,False
2025-11-14,Deira Depot,DEI,Pharmacy,Hand Sanitizer 200ml,15,9.0,4.95,135.0,74.25,False,False,4,False
2025-11-15,Deira Depot,DEI,Pharmacy,Hand Sanitizer 200ml,17,9.0,4.95,153.0,84.15,False,False,5,True
2025-11-16,Deira Depot,DEI,Pharmacy,Hand Sanitizer 200ml,16,9.0,4.95,144.0,79.2,False,False,6,True
2025-11-17,Deira Depot,DEI,Pharmacy,Hand Sanitizer 200ml,10,9.0,4.95,90.0,49.5,False,False,0,False
2025-11-18,Deira Depot,DEI,Pharmacy,Hand Sanitizer 200ml,12,9.0,4.95,108.0,59.4,False,False,1,False
2025-11-19,Deira Depot,DEI,Pharmacy,Hand Sanitizer 200ml,20,7.2,4.95,144.0,99.0,True,True,2,False
2025-11-20,Deira Depot,DEI,Pharmacy,Hand Sanitizer 200ml,12,9.0,4.95,108.0,59.4,False,False,3,False
2025-11-21,Deira Depot,DEI,Pharmacy,Hand Sanitizer 200ml,14,9.0,4.95,126.0,69.3,False,False,4,False
2025-11-22,Deira Depot,DEI,Pharmacy,Hand Sanitizer 200ml,15,9.0,4.95,135.0,74.25,False,False,5,True
2025-11-23,Deira Depot,DEI,Pharmacy,Hand Sanitizer 200ml,13,9.0,4.95,117.0,64.35,False,False,6,True
2025-11-24,Deira Depot,DEI,Pharmacy,Hand Sanitizer 200ml,12,9.0,4.95,108.0,59.4,False,False,0,False
2025-11-25,Deira Depot,DEI,Pharmacy,Hand Sanitizer 200ml,11,9.0,4.95,99.0,54.45,False,False,1,False
2025-11-26,Deira Depot,DEI,Pharmacy,Hand Sanitizer 200ml,12,9.0,4.95,108.0,59.4,False,False,2,False
2025-11-27,Deira Depot,DEI,Pharmacy,Hand Sanitizer 200ml,14,9.0,4.95,126.0,69.3,False,False,3,False
2025-11-28,Deira Depot,DEI,Pharmacy,Hand Sanitizer 200ml,13,9.0,4.95,117.0,64.35,False,True,4,False
2025-11-29,Deira Depot,DEI,Pharmacy,Hand Sanitizer 200ml,16,9.0,4.95,144.0,79.2,False,False,5,True
2025-11-30,Deira Depot,DEI,Pharmacy,Hand Sanitizer 200ml,16,9.0,4.95,144.0,79.2,False,False,6,True
2025-12-01,Deira Depot,DEI,Pharmacy,Hand Sanitizer 200ml,11,9.0,4.95,99.0,54.45,False,False,0,False
2025-12-02,Deira Depot,DEI,Pharmacy,Hand Sanitizer 200ml,11,9.0,4.95,99.0,54.45,False,False,1,False
2025-12-03,Deira Depot,DEI,Pharmacy,Hand Sanitizer 200ml,12,9.0,4.95,108.0,59.4,False,False,2,False
2025-12-04,Deira Depot,DEI,Pharmacy,Hand Sanitizer 200ml,13,9.0,4.95,117.0,64.35,False,False,3,False
2025-12-05,Deira Depot,DEI,Pharmacy,Hand Sanitizer 200ml,13,9.0,4.95,117.0,64.35,False,False,4,False
2025-12-06,Deira Depot,DEI,Pharmacy,Hand Sanitizer 200ml,16,9.0,4.95,144.0,79.2,False,False,5,True
2025-12-07,Deira Depot,DEI,Pharmacy,Hand Sanitizer 200ml,15,9.0,4.95,135.0,74.25,False,False,6,True
2025-12-08,Deira Depot,DEI,Pharmacy,Hand Sanitizer 200ml,11,9.0,4.95,99.0,54.45,False,False,0,False
2025-12-09,Deira Depot,DEI,Pharmacy,Hand Sanitizer 200ml,11,9.0,4.95,99.0,54.45,False,False,1,False
2025-12-10,Deira Depot,DEI,Pharmacy,Hand Sanitizer 200ml,11,9.0,4.95,99.0,54.45,False,False,2,False
2025-12-11,Deira Depot,DEI,Pharmacy,Hand Sanitizer 200ml,13,9.0,4.95,117.0,64.35,False,False,3,False
2025-12-12,Deira Depot,DEI,Pharmacy,Hand Sanitizer 200ml,13,9.0,4.95,117.0,64.35,False,False,4,False
2025-12-13,Deira Depot,DEI,Pharmacy,Hand Sanitizer 200ml,17,9.0,4.95,153.0,84.15,False,False,5,True
2025-12-14,Deira Depot,DEI,Pharmacy,Hand Sanitizer 200ml,16,9.0,4.95,144.0,79.2,False,False,6,True
2025-12-15,Deira Depot,DEI,Pharmacy,Hand Sanitizer 200ml,12,9.0,4.95,108.0,59.4,False,False,0,False
2025-12-16,Deira Depot,DEI,Pharmacy,Hand Sanitizer 200ml,11,9.0,4.95,99.0,54.45,False,False,1,False
2025-12-17,Deira Depot,DEI,Pharmacy,Hand Sanitizer 200ml,22,7.2,4.95,158.4,108.9,True,False,2,False
2025-12-18,Deira Depot,DEI,Pharmacy,Hand Sanitizer 200ml,15,9.0,4.95,135.0,74.25,False,False,3,False
2025-12-19,Deira Depot,DEI,Pharmacy,Hand Sanitizer 200ml,14,9.0,4.95,126.0,69.3,False,False,4,False
2025-12-20,Deira Depot,DEI,Pharmacy,Hand Sanitizer 200ml,18,9.0,4.95,162.0,89.1,False,False,5,True
2025-12-21,Deira Depot,DEI,Pharmacy,Hand Sanitizer 200ml,14,9.0,4.95,126.0,69.3,False,False,6,True
2025-12-22,Deira Depot,DEI,Pharmacy,Hand Sanitizer 200ml,11,9.0,4.95,99.0,54.45,False,False,0,False
2025-12-23,Deira Depot,DEI,Pharmacy,Hand Sanitizer 200ml,10,9.0,4.95,90.0,49.5,False,False,1,False
2025-12-24,Deira Depot,DEI,Pharmacy,Hand Sanitizer 200ml,12,9.0,4.95,108.0,59.4,False,False,2,False
2025-12-25,Deira Depot,DEI,Pharmacy,Hand Sanitizer 200ml,13,9.0,4.95,117.0,64.35,False,False,3,False
2025-12-26,Deira Depot,DEI,Pharmacy,Hand Sanitizer 200ml,14,9.0,4.95,126.0,69.3,False,False,4,False
2025-12-27,Deira Depot,DEI,Pharmacy,Hand Sanitizer 200ml,17,9.0,4.95,153.0,84.15,False,False,5,True
2025-12-28,Deira Depot,DEI,Pharmacy,Hand Sanitizer 200ml,15,9.0,4.95,135.0,74.25,False,False,6,True
2025-12-29,Deira Depot,DEI,Pharmacy,Hand Sanitizer 200ml,12,9.0,4.95,108.0,59.4,False,False,0,False
2025-12-30,Deira Depot,DEI,Pharmacy,Hand Sanitizer 200ml,14,7.2,4.95,100.8,69.3,True,False,1,False
2025-12-31,Deira Depot,DEI,Pharmacy,Hand Sanitizer 200ml,13,9.0,4.95,117.0,64.35,False,False,2,False
2026-01-01,Deira Depot,DEI,Pharmacy,Hand Sanitizer 200ml,18,7.2,4.95,129.6,89.1,True,False,3,False
2026-01-02,Deira Depot,DEI,Pharmacy,Hand Sanitizer 200ml,14,9.0,4.95,126.0,69.3,False,False,4,False
2026-01-03,Deira Depot,DEI,Pharmacy,Hand Sanitizer 200ml,16,9.0,4.95,144.0,79.2,False,False,5,True
2026-01-04,Deira Depot,DEI,Pharmacy,Hand Sanitizer 200ml,16,9.0,4.95,144.0,79.2,False,False,6,True
2026-01-05,Deira Depot,DEI,Pharmacy,Hand Sanitizer 200ml,9,9.0,4.95,81.0,44.55,False,False,0,False
2026-01-06,Deira Depot,DEI,Pharmacy,Hand Sanitizer 200ml,11,9.0,4.95,99.0,54.45,False,False,1,False
2026-01-07,Deira Depot,DEI,Pharmacy,Hand Sanitizer 200ml,11,9.0,4.95,99.0,54.45,False,False,2,False
2026-01-08,Deira Depot,DEI,Pharmacy,Hand Sanitizer 200ml,14,9.0,4.95,126.0,69.3,False,False,3,False
2026-01-09,Deira Depot,DEI,Pharmacy,Hand Sanitizer 200ml,19,7.2,4.95,136.8,94.05,True,False,4,False
2026-01-10,Deira Depot,DEI,Pharmacy,Hand Sanitizer 200ml,17,9.0,4.95,153.0,84.15,False,False,5,True
2026-01-11,Deira Depot,DEI,Pharmacy,Hand Sanitizer 200ml,14,9.0,4.95,126.0,69.3,False,False,6,True
2026-01-12,Deira Depot,DEI,Pharmacy,Hand Sanitizer 200ml,10,9.0,4.95,90.0,49.5,False,False,0,False
2026-01-13,Deira Depot,DEI,Pharmacy,Hand Sanitizer 200ml,10,9.0,4.95,90.0,49.5,False,False,1,False
2026-01-14,Deira Depot,DEI,Pharmacy,Hand Sanitizer 200ml,11,9.0,4.95,99.0,54.45,False,False,2,False
2026-01-15,Deira Depot,DEI,Pharmacy,Hand Sanitizer 200ml,15,9.0,4.95,135.0,74.25,False,False,3,False
2026-01-16,Deira Depot,DEI,Pharmacy,Hand Sanitizer 200ml,23,7.2,4.95,165.6,113.85,True,False,4,False
2026-01-17,Deira Depot,DEI,Pharmacy,Hand Sanitizer 200ml,16,9.0,4.95,144.0,79.2,False,False,5,True
2026-01-18,Deira Depot,DEI,Pharmacy,Hand Sanitizer 200ml,19,7.2,4.95,136.8,94.05,True,False,6,True
2026-01-19,Deira Depot,DEI,Pharmacy,Hand Sanitizer 200ml,11,9.0,4.95,99.0,54.45,False,False,0,False
2026-01-20,Deira Depot,DEI,Pharmacy,Hand Sanitizer 200ml,13,9.0,4.95,117.0,64.35,False,False,1,False
2026-01-21,Deira Depot,DEI,Pharmacy,Hand Sanitizer 200ml,15,9.0,4.95,135.0,74.25,False,False,2,False
2026-01-22,Deira Depot,DEI,Pharmacy,Hand Sanitizer 200ml,16,9.0,4.95,144.0,79.2,False,False,3,False
2026-01-23,Deira Depot,DEI,Pharmacy,Hand Sanitizer 200ml,14,9.0,4.95,126.0,69.3,False,False,4,False
2026-01-24,Deira Depot,DEI,Pharmacy,Hand Sanitizer 200ml,17,9.0,4.95,153.0,84.15,False,False,5,True
2026-01-25,Deira Depot,DEI,Pharmacy,Hand Sanitizer 200ml,15,9.0,4.95,135.0,74.25,False,False,6,True
2026-01-26,Deira Depot,DEI,Pharmacy,Hand Sanitizer 200ml,12,9.0,4.95,108.0,59.4,False,False,0,False
2026-01-27,Deira Depot,DEI,Pharmacy,Hand Sanitizer 200ml,12,9.0,4.95,108.0,59.4,False,False,1,False
2026-01-28,Deira Depot,DEI,Pharmacy,Hand Sanitizer 200ml,12,9.0,4.95,108.0,59.4,False,False,2,False
2026-01-29,Deira Depot,DEI,Pharmacy,Hand Sanitizer 200ml,15,9.0,4.95,135.0,74.25,False,False,3,False
2026-01-30,Deira Depot,DEI,Pharmacy,Hand Sanitizer 200ml,14,9.0,4.95,126.0,69.3,False,False,4,False
2026-01-31,Deira Depot,DEI,Pharmacy,Hand Sanitizer 200ml,16,9.0,4.95,144.0,79.2,False,False,5,True
2026-02-01,Deira Depot,DEI,Pharmacy,Hand Sanitizer 200ml,15,9.0,4.95,135.0,74.25,False,False,6,True
2026-02-02,Deira Depot,DEI,Pharmacy,Hand Sanitizer 200ml,11,9.0,4.95,99.0,54.45,False,False,0,False
2026-02-03,Deira Depot,DEI,Pharmacy,Hand Sanitizer 200ml,12,9.0,4.95,108.0,59.4,False,False,1,False
2026-02-04,Deira Depot,DEI,Pharmacy,Hand Sanitizer 200ml,12,9.0,4.95,108.0,59.4,False,False,2,False
2026-02-05,Deira Depot,DEI,Pharmacy,Hand Sanitizer 200ml,14,9.0,4.95,126.0,69.3,False,False,3,False
2026-02-06,Deira Depot,DEI,Pharmacy,Hand Sanitizer 200ml,13,9.0,4.95,117.0,64.35,False,True,4,False
2026-02-07,Deira Depot,DEI,Pharmacy,Hand Sanitizer 200ml,17,9.0,4.95,153.0,84.15,False,False,5,True
2026-02-08,Deira Depot,DEI,Pharmacy,Hand Sanitizer 200ml,15,9.0,4.95,135.0,74.25,False,False,6,True
2026-02-09,Deira Depot,DEI,Pharmacy,Hand Sanitizer 200ml,11,9.0,4.95,99.0,54.45,False,False,0,False
2026-02-10,Deira Depot,DEI,Pharmacy,Hand Sanitizer 200ml,12,9.0,4.95,108.0,59.4,False,False,1,False
2026-02-11,Deira Depot,DEI,Pharmacy,Hand Sanitizer 200ml,13,9.0,4.95,117.0,64.35,False,False,2,False
2026-02-12,Deira Depot,DEI,Pharmacy,Hand Sanitizer 200ml,14,9.0,4.95,126.0,69.3,False,False,3,False
2026-02-13,Deira Depot,DEI,Pharmacy,Hand Sanitizer 200ml,15,9.0,4.95,135.0,74.25,False,False,4,False
2026-02-14,Deira Depot,DEI,Pharmacy,Hand Sanitizer 200ml,18,9.0,4.95,162.0,89.1,False,False,5,True
2026-02-15,Deira Depot,DEI,Pharmacy,Hand Sanitizer 200ml,28,7.2,4.95,201.6,138.6,True,False,6,True
2026-02-16,Deira Depot,DEI,Pharmacy,Hand Sanitizer 200ml,11,9.0,4.95,99.0,54.45,False,False,0,False
2026-02-17,Deira Depot,DEI,Pharmacy,Hand Sanitizer 200ml,12,9.0,4.95,108.0,59.4,False,False,1,False
2026-02-18,Deira Depot,DEI,Pharmacy,Hand Sanitizer 200ml,12,9.0,4.95,108.0,59.4,False,False,2,False
2026-02-19,Deira Depot,DEI,Pharmacy,Hand Sanitizer 200ml,13,9.0,4.95,117.0,64.35,False,False,3,False
2026-02-20,Deira Depot,DEI,Pharmacy,Hand Sanitizer 200ml,13,9.0,4.95,117.0,64.35,False,False,4,False
2026-02-21,Deira Depot,DEI,Pharmacy,Hand Sanitizer 200ml,15,9.0,4.95,135.0,74.25,False,False,5,True
2026-02-22,Deira Depot,DEI,Pharmacy,Hand Sanitizer 200ml,20,7.2,4.95,144.0,99.0,True,False,6,True
2026-02-23,Deira Depot,DEI,Pharmacy,Hand Sanitizer 200ml,16,7.2,4.95,115.2,79.2,True,False,0,False
2026-02-24,Deira Depot,DEI,Pharmacy,Hand Sanitizer 200ml,8,9.0,4.95,72.0,39.6,False,False,1,False
2026-02-25,Deira Depot,DEI,Pharmacy,Hand Sanitizer 200ml,13,9.0,4.95,117.0,64.35,False,False,2,False
2026-02-26,Deira Depot,DEI,Pharmacy,Hand Sanitizer 200ml,15,9.0,4.95,135.0,74.25,False,False,3,False
2026-02-27,Deira Depot,DEI,Pharmacy,Hand Sanitizer 200ml,14,9.0,4.95,126.0,69.3,False,False,4,False
2026-02-28,Deira Depot,DEI,Pharmacy,Hand Sanitizer 200ml,17,9.0,4.95,153.0,84.15,False,False,5,True
2026-03-01,Deira Depot,DEI,Pharmacy,Hand Sanitizer 200ml,14,9.0,4.95,126.0,69.3,False,False,6,True
2026-03-02,Deira Depot,DEI,Pharmacy,Hand Sanitizer 200ml,10,9.0,4.95,90.0,49.5,False,False,0,False
2026-03-03,Deira Depot,DEI,Pharmacy,Hand Sanitizer 200ml,12,9.0,4.95,108.0,59.4,False,False,1,False
2026-03-04,Deira Depot,DEI,Pharmacy,Hand Sanitizer 200ml,13,9.0,4.95,117.0,64.35,False,False,2,False
2026-03-05,Deira Depot,DEI,Pharmacy,Hand Sanitizer 200ml,11,9.0,4.95,99.0,54.45,False,False,3,False
2026-03-06,Deira Depot,DEI,Pharmacy,Hand Sanitizer 200ml,14,9.0,4.95,126.0,69.3,False,False,4,False
2026-03-07,Deira Depot,DEI,Pharmacy,Hand Sanitizer 200ml,16,9.0,4.95,144.0,79.2,False,False,5,True
2026-03-08,Deira Depot,DEI,Pharmacy,Hand Sanitizer 200ml,14,9.0,4.95,126.0,69.3,False,False,6,True
2026-03-09,Deira Depot,DEI,Pharmacy,Hand Sanitizer 200ml,12,9.0,4.95,108.0,59.4,False,False,0,False
2026-03-10,Deira Depot,DEI,Pharmacy,Hand Sanitizer 200ml,11,9.0,4.95,99.0,54.45,False,False,1,False
2026-03-11,Deira Depot,DEI,Pharmacy,Hand Sanitizer 200ml,13,9.0,4.95,117.0,64.35,False,False,2,False
2026-03-12,Deira Depot,DEI,Pharmacy,Hand Sanitizer 200ml,13,9.0,4.95,117.0,64.35,False,False,3,False
2026-03-13,Deira Depot,DEI,Pharmacy,Hand Sanitizer 200ml,14,9.0,4.95,126.0,69.3,False,False,4,False
2026-03-14,Deira Depot,DEI,Pharmacy,Hand Sanitizer 200ml,24,7.2,4.95,172.8,118.8,True,False,5,True
2026-03-15,Deira Depot,DEI,Pharmacy,Hand Sanitizer 200ml,18,7.2,4.95,129.6,89.1,True,False,6,True
2026-03-16,Deira Depot,DEI,Pharmacy,Hand Sanitizer 200ml,17,7.2,4.95,122.4,84.15,True,False,0,False
2026-03-17,Deira Depot,DEI,Pharmacy,Hand Sanitizer 200ml,11,9.0,4.95,99.0,54.45,False,False,1,False
2026-03-18,Deira Depot,DEI,Pharmacy,Hand Sanitizer 200ml,14,9.0,4.95,126.0,69.3,False,False,2,False
2026-03-19,Deira Depot,DEI,Pharmacy,Hand Sanitizer 200ml,14,9.0,4.95,126.0,69.3,False,False,3,False
2026-03-20,Deira Depot,DEI,Pharmacy,Hand Sanitizer 200ml,14,9.0,4.95,126.0,69.3,False,False,4,False
2026-03-21,Deira Depot,DEI,Pharmacy,Hand Sanitizer 200ml,16,9.0,4.95,144.0,79.2,False,False,5,True
2026-03-22,Deira Depot,DEI,Pharmacy,Hand Sanitizer 200ml,16,9.0,4.95,144.0,79.2,False,False,6,True
2026-03-23,Deira Depot,DEI,Pharmacy,Hand Sanitizer 200ml,11,9.0,4.95,99.0,54.45,False,False,0,False
2026-03-24,Deira Depot,DEI,Pharmacy,Hand Sanitizer 200ml,11,9.0,4.95,99.0,54.45,False,False,1,False
2026-03-25,Deira Depot,DEI,Pharmacy,Hand Sanitizer 200ml,13,9.0,4.95,117.0,64.35,False,False,2,False
2026-03-26,Deira Depot,DEI,Pharmacy,Hand Sanitizer 200ml,15,9.0,4.95,135.0,74.25,False,False,3,False
2026-03-27,Deira Depot,DEI,Pharmacy,Hand Sanitizer 200ml,14,9.0,4.95,126.0,69.3,False,False,4,False
2026-03-28,Deira Depot,DEI,Pharmacy,Hand Sanitizer 200ml,17,9.0,4.95,153.0,84.15,False,False,5,True
2026-03-29,Deira Depot,DEI,Pharmacy,Hand Sanitizer 200ml,13,9.0,4.95,117.0,64.35,False,False,6,True
