data/sample_grocery_data.csv
date,store,store_id,category,sku,units_sold,price,unit_cost,revenue,cost,promotion,stockout,day_of_week,is_weekend
2025-10-17,Deira Depot,DEI,Household,Laundry Detergent 1L,45,18.0,9.9,810.0,445.5,False,False,4,False
2025-10-18,Deira Depot,DEI,Household,Laundry Detergent 1L,70,14.4,9.9,1008.0,693.0,True,False,5,True
2025-10-19,Deira Depot,DEI,Household,Laundry Detergent 1L,43,18.0,9.9,774.0,425.7,False,False,6,True
2025-10-20,Deira Depot,DEI,Household,Laundry Detergent 1L,42,18.0,9.9,756.0,415.8,False,False,0,False
2025-10-21,Deira Depot,DEI,Household,Laundry Detergent 1L,39,18.0,9.9,702.0,386.1,False,False,1,False
2025-10-22,Deira Depot,DEI,Household,Laundry Detergent 1L,37,18.0,9.9,666.0,366.3,False,False,2,False
2025-10-23,Deira Depot,DEI,Household,Laundry Detergent 1L,44,18.0,9.9,792.0,435.6,False,False,3,False
2025-10-24,Deira Depot,DEI,Household,Laundry Detergent 1L,42,18.0,9.9,756.0,415.8,False,False,4,False
2025-10-25,Deira Depot,DEI,Household,Laundry Detergent 1L,50,18.0,9.9,900.0,495.0,False,False,5,True
2025-10-26,Deira Depot,DEI,Household,Laundry Detergent 1L,51,18.0,9.9,918.0,504.9,False,False,6,True
2025-10-27,Deira Depot,DEI,Household,Laundry Detergent 1L,56,14.4,9.9,806.4,554.4,True,False,0,False
2025-10-28,Deira Depot,DEI,Household,Laundry Detergent 1L,44,18.0,9.9,792.0,435.6,False,False,1,False
2025-10-29,Deira Depot,DEI,Household,Laundry Detergent 1L,50,18.0,9.9,900.0,495.0,False,False,2,False
2025-10-30,Deira Depot,DEI,Household,Laundry Detergent 1L,46,18.0,9.9,828.0,455.4,False,False,3,False
2025-10-31,Deira Depot,DEI,Household,Laundry Detergent 1L,51,18.0,9.9,918.0,504.9,False,False,4,False
2025-11-01,Deira Depot,DEI,Household,Laundry Detergent 1L,59,18.0,9.9,1062.0,584.1,False,False,5,True
2025-11-02,Deira Depot,DEI,Household,Laundry Detergent 1L,56,18.0,9.9,1008.0,554.4,False,False,6,True
2025-11-03,Deira Depot,DEI,Household,Laundry Detergent 1L,37,18.0,9.9,666.0,366.3,False,False,0,False
2025-11-04,Deira Depot,DEI,Household,Laundry Detergent 1L,44,18.0,9.9,792.0,435.6,False,False,1,False
2025-11-05,Deira Depot,DEI,Household,Laundry Detergent 1L,53,18.0,9.9,954.0,524.7,False,False,2,False
2025-11-06,Deira Depot,DEI,Household,Laundry Detergent 1L,47,18.0,9.9,846.0,465.3,False,False,3,False
2025-11-07,Deira Depot,DEI,Household,Laundry Detergent 1L,51,18.0,9.9,918.0,504.9,False,False,4,False
2025-11-08,Deira Depot,DEI,Household,Laundry Detergent 1L,61,18.0,9.9,1098.0,603.9,False,False,5,True
2025-11-09,Deira Depot,DEI,Household,Laundry Detergent 1L,56,18.0,9.9,1008.0,554.4,False,False,6,True
2025-11-10,Deira Depot,DEI,Household,Laundry Detergent 1L,40,18.0,9.9,720.0,396.0,False,False,0,False
2025-11-11,Deira Depot,DEI,Household,Laundry Detergent 1L,40,18.0,9.9,720.0,396.0,False,False,1,False
2025-11-12,Deira Depot,DEI,Household,Laundry Detergent 1L,40,18.0,9.9,720.0,396.0,False,False,2,False
2025-11-13,Deira Depot,DEI,Household,Laundry Detergent 1L,47,18.0,9.9,846.0,465.3,False,False,3,False
2025-11-14,Deira Depot,DEI,Household,Laundry Detergent 1L,45,18.0,9.9,810.0,445.5,False,False,4,False
2025-11-15,Deira Depot,DEI,Household,Laundry Detergent 1L,53,18.0,9.9,954.0,524.7,False,False,5,True
2025-11-16,Deira Depot,DEI,Household,Laundry Detergent 1L,48,18.0,9.9,864.0,475.2,False,False,6,True
2025-11-17,Deira Depot,DEI,Household,Laundry Detergent 1L,36,18.0,9.9,648.0,356.4,False,False,0,False
2025-11-18,Deira Depot,DEI,Household,Laundry Detergent 1L,34,18.0,9.9,612.0,336.6,False,False,1,False
2025-11-19,Deira Depot,DEI,Household,Laundry Detergent 1L,47,18.0,9.9,846.0,465.3,False,False,2,False
2025-11-20,Deira Depot,DEI,Household,Laundry Detergent 1L,46,18.0,9.9,828.0,455.4,False,False,3,False
2025-11-21,Deira Depot,DEI,Household,Laundry Detergent 1L,51,18.0,9.9,918.0,504.9,False,False,4,False
2025-11-22,Deira Depot,DEI,Household,Laundry Detergent 1L,62,18.0,9.9,1116.0,613.8,False,False,5,True
2025-11-23,Deira Depot,DEI,Household,Laundry Detergent 1L,51,18.0,9.9,918.0,504.9,False,False,6,True
2025-11-24,Deira Depot,DEI,Household,Laundry Detergent 1L,45,18.0,9.9,810.0,445.5,False,False,0,False
2025-11-25,Deira Depot,DEI,Household,Laundry Detergent 1L,33,18.0,9.9,594.0,326.7,False,False,1,False
2025-11-26,Deira Depot,DEI,Household,Laundry Detergent 1L,43,18.0,9.9,774.0,425.7,False,False,2,False
2025-11-27,Deira Depot,DEI,Household,Laundry Detergent 1L,51,18.0,9.9,918.0,504.9,False,False,3,False
2025-11-28,Deira Depot,DEI,Household,Laundry Detergent 1L,46,18.0,9.9,828.0,455.4,False,False,4,False
2025-11-29,Deira Depot,DEI,Household,Laundry Detergent 1L,65,18.0,9.9,1170.0,643.5,False,False,5,True
2025-11-30,Deira Depot,DEI,Household,Laundry Detergent 1L,56,18.0,9.9,1008.0,554.4,False,False,6,True
2025-12-01,Deira Depot,DEI,Household,Laundry Detergent 1L,39,18.0,9.9,702.0,386.1,False,False,0,False
2025-12-02,Deira Depot,DEI,Household,Laundry Detergent 1L,38,18.0,9.9,684.0,376.2,False,False,1,False
2025-12-03,Deira Depot,DEI,Household,Laundry Detergent 1L,72,14.4,9.9,1036.8,712.8,True,False,2,False
2025-12-04,Deira Depot,DEI,Household,Laundry Detergent 1L,43,18.0,9.9,774.0,425.7,False,False,3,False
2025-12-05,Deira Depot,DEI,Household,Laundry Detergent 1L,53,18.0,9.9,954.0,524.7,False,False,4,False
2025-12-06,Deira Depot,DEI,Household,Laundry Detergent 1L,60,18.0,9.9,1080.0,594.0,False,True,5,True
2025-12-07,Deira Depot,DEI,Household,Laundry Detergent 1L,44,18.0,9.9,792.0,435.6,False,False,6,True
2025-12-08,Deira Depot,DEI,Household,Laundry Detergent 1L,58,14.4,9.9,835.2,574.2,True,False,0,False
2025-12-09,Deira Depot,DEI,Household,Laundry Detergent 1L,41,18.0,9.9,738.0,405.9,False,False,1,False
2025-12-10,Deira Depot,DEI,Household,Laundry Detergent 1L,40,18.0,9.9,720.0,396.0,False,False,2,False
2025-12-11,Deira Depot,DEI,Household,Laundry Detergent 1L,52,18.0,9.9,936.0,514.8,False,False,3,False
2025-12-12,Deira Depot,DEI,Household,Laundry Detergent 1L,54,18.0,9.9,972.0,534.6,False,False,4,False
2025-12-13,Deira Depot,DEI,Household,Laundry Detergent 1L,57,18.0,9.9,1026.0,564.3,False,False,5,True
2025-12-14,Deira Depot,DEI,Household,Laundry Detergent 1L,59,18.0,9.9,1062.0,584.1,False,False,6,True
2025-12-15,Deira Depot,DEI,Household,Laundry Detergent 1L,39,18.0,9.9,702.0,386.1,False,False,0,False
2025-12-16,Deira Depot,DEI,Household,Laundry Detergent 1L,36,18.0,9.9,648.0,356.4,False,False,1,False
2025-12-17,Deira Depot,DEI,Household,Laundry Detergent 1L,46,18.0,9.9,828.0,455.4,False,False,2,False
2025-12-18,Deira Depot,DEI,Household,Laundry Detergent 1L,46,18.0,9.9,828.0,455.4,False,False,3,False
2025-12-19,Deira Depot,DEI,Household,Laundry Detergent 1L,50,18.0,9.9,900.0,495.0,False,False,4,False
2025-12-20,Deira Depot,DEI,Household,Laundry Detergent 1L,114,14.4,9.9,1641.6,1128.6,True,False,5,True
2025-12-21,Deira Depot,DEI,Household,Laundry Detergent 1L,48,18.0,9.9,864.0,475.2,False,False,6,True
2025-12-22,Deira Depot,DEI,Household,Laundry Detergent 1L,39,18.0,9.9,702.0,386.1,False,False,0,False
2025-12-23,Deira Depot,DEI,Household,Laundry Detergent 1L,45,18.0,9.9,810.0,445.5,False,False,1,False
2025-12-24,Deira Depot,DEI,Household,Laundry Detergent 1L,52,18.0,9.9,936.0,514.8,False,False,2,False
2025-12-25,Deira Depot,DEI,Household,Laundry Detergent 1L,54,18.0,9.9,972.0,534.6,False,False,3,False
2025-12-26,Deira Depot,DEI,Household,Laundry Detergent 1L,45,18.0,9.9,810.0,445.5,False,False,4,False
2025-12-27,Deira Depot,DEI,Household,Laundry Detergent 1L,64,18.0,9.9,1152.0,633.6,False,False,5,True
2025-12-28,Deira Depot,DEI,Household,Laundry Detergent 1L,53,18.0,9.9,954.0,524.7,False,False,6,True
2025-12-29,Deira Depot,DEI,Household,Laundry Detergent 1L,37,18.0,9.9,666.0,366.3,False,True,0,False
2025-12-30,Deira Depot,DEI,Household,Laundry Detergent 1L,64,14.4,9.9,921.6,633.6,True,False,1,False
2025-12-31,Deira Depot,DEI,Household,Laundry Detergent 1L,47,18.0,9.9,846.0,465.3,False,False,2,False
2026-01-01,Deira Depot,DEI,Household,Laundry Detergent 1L,47,18.0,9.9,846.0,465.3,False,False,3,False
2026-01-02,Deira Depot,DEI,Household,Laundry Detergent 1L,52,18.0,9.9,936.0,514.8,False,False,4,False
2026-01-03,Deira Depot,DEI,Household,Laundry Detergent 1L,57,18.0,9.9,1026.0,564.3,False,False,5,True
2026-01-04,Deira Depot,DEI,Household,Laundry Detergent 1L,62,18.0,9.9,1116.0,613.8,False,False,6,True
2026-01-05,Deira Depot,DEI,Household,Laundry Detergent 1L,41,18.0,9.9,738.0,405.9,False,False,0,False
2026-01-06,Deira Depot,DEI,Household,Laundry Detergent 1L,40,18.0,9.9,720.0,396.0,False,False,1,False
2026-01-07,Deira Depot,DEI,Household,Laundry Detergent 1L,44,18.0,9.9,792.0,435.6,False,False,2,False
2026-01-08,Deira Depot,DEI,Household,Laundry Detergent 1L,44,18.0,9.9,792.0,435.6,False,False,3,False
2026-01-09,Deira Depot,DEI,Household,Laundry Detergent 1L,44,18.0,9.9,792.0,435.6,False,False,4,False
2026-01-10,Deira Depot,DEI,Household,Laundry Detergent 1L,48,18.0,9.9,864.0,475.2,False,False,5,True
2026-01-11,Deira Depot,DEI,Household,Laundry Detergent 1L,49,18.0,9.9,882.0,485.1,False,False,6,True
2026-01-12,Deira Depot,DEI,Household,Laundry Detergent 1L,36,18.0,9.9,648.0,356.4,False,False,0,False
2026-01-13,Deira Depot,DEI,Household,Laundry Detergent 1L,38,18.0,9.9,684.0,376.2,False,False,1,False
2026-01-14,Deira Depot,DEI,Household,Laundry Detergent 1L,47,18.0,9.9,846.0,465.3,False,False,2,False
2026-01-15,Deira Depot,DEI,Household,Laundry Detergent 1L,53,18.0,9.9,954.0,524.7,False,False,3,False
2026-01-16,Deira Depot,DEI,Household,Laundry Detergent 1L,45,18.0,9.9,810.0,445.5,False,False,4,False
2026-01-17,Deira Depot,DEI,Household,Laundry Detergent 1L,62,18.0,9.9,1116.0,613.8,False,False,5,True
2026-01-18,Deira Depot,DEI,Household,Laundry Detergent 1L,53,18.0,9.9,954.0,524.7,False,False,6,True
2026-01-19,Deira Depot,DEI,Household,Laundry Detergent 1L,36,18.0,9.9,648.0,356.4,False,False,0,False
2026-01-20,Deira Depot,DEI,Household,Laundry Detergent 1L,34,18.0,9.9,612.0,336.6,False,False,1,False
2026-01-21,Deira Depot,DEI,Household,Laundry Detergent 1L,46,18.0,9.9,828.0,455.4,False,False,2,False
2026-01-22,Deira Depot,DEI,Household,Laundry Detergent 1L,46,18.0,9.9,828.0,455.4,False,False,3,False
2026-01-23,Deira Depot,DEI,Household,Laundry Detergent 1L,48,18.0,9.9,864.0,475.2,False,False,4,False
2026-01-24,Deira Depot,DEI,Household,Laundry Detergent 1L,63,18.0,9.9,1134.0,623.7,False,False,5,True
2026-01-25,Deira Depot,DEI,Household,Laundry Detergent 1L,59,18.0,9.9,1062.0,584.1,False,False,6,True
2026-01-26,Deira Depot,DEI,Household,Laundry Detergent 1L,45,18.0,9.9,810.0,445.5,False,False,0,False
2026-01-27,Deira Depot,DEI,Household,Laundry Detergent 1L,42,18.0,9.9,756.0,415.8,False,False,1,False
2026-01-28,Deira Depot,DEI,Household,Laundry Detergent 1L,42,18.0,9.9,756.0,415.8,False,False,2,False
2026-01-29,Deira Depot,DEI,Household,Laundry Detergent 1L,48,18.0,9.9,864.0,475.2,False,False,3,False
2026-01-30,Deira Depot,DEI,Household,Laundry Detergent 1L,38,18.0,9.9,684.0,376.2,False,False,4,False
2026-01-31,Deira Depot,DEI,Household,Laundry Detergent 1L,96,14.4,9.9,1382.4,950.4,True,False,5,True
2026-02-01,Deira Depot,DEI,Household,Laundry Detergent 1L,54,18.0,9.9,972.0,534.6,False,False,6,True
2026-02-02,Deira Depot,DEI,Household,Laundry Detergent 1L,44,18.0,9.9,792.0,435.6,False,False,0,False
2026-02-03,Deira Depot,DEI,Household,Laundry Detergent 1L,38,18.0,9.9,684.0,376.2,False,False,1,False
2026-02-04,Deira Depot,DEI,Household,Laundry Detergent 1L,46,18.0,9.9,828.0,455.4,False,False,2,False
2026-02-05,Deira Depot,DEI,Household,Laundry Detergent 1L,46,18.0,9.9,828.0,455.4,False,False,3,False
2026-02-06,Deira Depot,DEI,Household,Laundry Detergent 1L,46,18.0,9.9,828.0,455.4,False,False,4,False
2026-02-07,Deira Depot,DEI,Household,Laundry Detergent 1L,89,14.4,9.9,1281.6,881.1,True,False,5,True
2026-02-08,Deira Depot,DEI,Household,Laundry Detergent 1L,59,18.0,9.9,1062.0,584.1,False,False,6,True
2026-02-09,Deira Depot,DEI,Household,Laundry Detergent 1L,33,18.0,9.9,594.0,326.7,False,False,0,False
2026-02-10,Deira Depot,DEI,Household,Laundry Detergent 1L,48,18.0,9.9,864.0,475.2,False,False,1,False
2026-02-11,Deira Depot,DEI,Household,Laundry Detergent 1L,46,18.0,9.9,828.0,455.4,False,False,2,False
2026-02-12,Deira Depot,DEI,Household,Laundry Detergent 1L,49,18.0,9.9,882.0,485.1,False,False,3,False
2026-02-13,Deira Depot,DEI,Household,Laundry Detergent 1L,49,18.0,9.9,882.0,485.1,False,False,4,False
2026-02-14,Deira Depot,DEI,Household,Laundry Detergent 1L,64,18.0,9.9,1152.0,633.6,False,False,5,True
2026-02-15,Deira Depot,DEI,Household,Laundry Detergent 1L,48,18.0,9.9,864.0,475.2,False,False,6,True
2026-02-16,Deira Depot,DEI,Household,Laundry Detergent 1L,41,18.0,9.9,738.0,405.9,False,False,0,False
2026-02-17,Deira Depot,DEI,Household,Laundry Detergent 1L,38,18.0,9.9,684.0,376.2,False,False,1,False
2026-02-18,Deira Depot,DEI,Household,Laundry Detergent 1L,44,18.0,9.9,792.0,435.6,False,False,2,False
2026-02-19,Deira Depot,DEI,Household,Laundry Detergent 1L,83,14.4,9.9,1195.2,821.7,True,False,3,False
2026-02-20,Deira Depot,DEI,Household,Laundry Detergent 1L,47,18.0,9.9,846.0,465.3,False,False,4,False
2026-02-21,Deira Depot,DEI,Household,Laundry Detergent 1L,62,18.0,9.9,1116.0,613.8,False,False,5,True
2026-02-22,Deira Depot,DEI,Household,Laundry Detergent 1L,58,18.0,9.9,1044.0,574.2,False,False,6,True
2026-02-23,Deira Depot,DEI,Household,Laundry Detergent 1L,40,18.0,9.9,720.0,396.0,False,False,0,False
2026-02-24,Deira Depot,DEI,Household,Laundry Detergent 1L,42,18.0,9.9,756.0,415.8,False,False,1,False
2026-02-25,Deira Depot,DEI,Household,Laundry Detergent 1L,35,18.0,9.9,630.0,346.5,False,False,2,False
2026-02-26,Deira Depot,DEI,Household,Laundry Detergent 1L,55,18.0,9.9,990.0,544.5,False,False,3,False
2026-02-27,Deira Depot,DEI,Household,Laundry Detergent 1L,47,18.0,9.9,846.0,465.3,False,False,4,False
2026-02-28,Deira Depot,DEI,Household,Laundry Detergent 1L,50,18.0,9.9,900.0,495.0,False,False,5,True
2026-03-01,Deira Depot,DEI,Household,Laundry Detergent 1L,52,18.0,9.9,936.0,514.8,False,False,6,True
2026-03-02,Deira Depot,DEI,Household,Laundry Detergent 1L,42,18.0,9.9,756.0,415.8,False,False,0,False
2026-03-03,Deira Depot,DEI,Household,Laundry Detergent 1L,42,18.0,9.9,756.0,415.8,False,False,1,False
2026-03-04,Deira Depot,DEI,Household,Laundry Detergent 1L,42,18.0,9.9,756.0,415.8,False,False,2,False
2026-03-05,Deira Depot,DEI,Household,Laundry Detergent 1L,44,18.0,9.9,792.0,435.6,False,False,3,False
2026-03-06,Deira Depot,DEI,Household,Laundry Detergent 1L,45,18.0,9.9,810.0,445.5,False,False,4,False
2026-03-07,Deira Depot,DEI,Household,Laundry Detergent 1L,53,18.0,9.9,954.0,524.7,False,False,5,True
2026-03-08,Deira Depot,DEI,Household,Laundry Detergent 1L,52,18.0,9.9,936.0,514.8,False,False,6,True
2026-03-09,Deira Depot,DEI,Household,Laundry Detergent 1L,38,18.0,9.9,684.0,376.2,False,False,0,False
2026-03-10,Deira Depot,DEI,Household,Laundry Detergent 1L,43,18.0,9.9,774.0,425.7,False,False,1,False
2026-03-11,Deira Depot,DEI,Household,Laundry Detergent 1L,41,18.0,9.9,738.0,405.9,False,False,2,False
2026-03-12,Deira Depot,DEI,Household,Laundry Detergent 1L,50,18.0,9.9,900.0,495.0,False,False,3,False
2026-03-13,Deira Depot,DEI,Household,Laundry Detergent 1L,49,18.0,9.9,882.0,485.1,False,False,4,False
2026-03-14,Deira Depot,DEI,Household,Laundry Detergent 1L,65,18.0,9.9,1170.0,643.5,False,False,5,True
2026-03-15,Deira Depot,DEI,Household,Laundry Detergent 1L,60,18.0,9.9,1080.0,594.0,False,False,6,True
2026-03-16,Deira Depot,DEI,Household,Laundry Detergent 1L,70,14.4,9.9,1008.0,693.0,True,False,0,False
2026-03-17,Deira Depot,DEI,Household,Laundry Detergent 1L,63,14.4,9.9,907.2,623.7,True,False,1,False
2026-03-18,Deira Depot,DEI,Household,Laundry Detergent 1L,41,18.0,9.9,738.0,405.9,False,False,2,False
2026-03-19,Deira Depot,DEI,Household,Laundry Detergent 1L,47,18.0,9.9,846.0,465.3,False,False,3,False
2026-03-20,Deira Depot,DEI,Household,Laundry Detergent 1L,49,18.0,9.9,882.0,485.1,False,False,4,False
2026-03-21,Deira Depot,DEI,Household,Laundry Detergent 1L,60,18.0,9.9,1080.0,594.0,False,False,5,True
2026-03-22,Deira Depot,DEI,Household,Laundry Detergent 1L,52,18.0,9.9,936.0,514.8,False,False,6,True
2026-03-23,Deira Depot,DEI,Household,Laundry Detergent 1L,39,18.0,9.9,702.0,386.1,False,False,0,False
2026-03-24,Deira Depot,DEI,Household,Laundry Detergent 1L,42,18.0,9.9,756.0,415.8,False,False,1,False
2026-03-25,Deira Depot,DEI,Household,Laundry Detergent 1L,35,18.0,9.9,630.0,346.5,False,False,2,False
2026-03-26,Deira Depot,DEI,Household,Laundry Detergent 1L,42,18.0,9.9,756.0,415.8,False,False,3,False
2026-03-27,Deira Depot,DEI,Household,Laundry Detergent 1L,54,18.0,9.9,972.0,534.6,False,False,4,False
2026-03-28,Deira Depot,DEI,Household,Laundry Detergent 1L,55,18.0,9.9,990.0,544.5,False,True,5,True
2026-03-29,Deira Depot,DEI,Household,Laundry Detergent 1L,52,18.0,9.9,936.0,514.8,False,False,6,True
