data/sample_grocery_data.csv
date,store,store_id,category,sku,units_sold,price,unit_cost,revenue,cost,promotion,stockout,day_of_week,is_weekend
2025-10-01,Deira Depot,DEI,Snacks,Mixed Nuts 200g,32,12.0,6.6,384.0,211.2,False,False,2,False
2025-10-02,Deira Depot,DEI,Snacks,Mixed Nuts 200g,70,12.0,6.6,840.0,462.0,False,False,3,False
2025-10-03,Deira Depot,DEI,Snacks,Mixed Nuts 200g,63,12.0,6.6,756.0,415.8,False,False,4,False
2025-10-04,Deira Depot,DEI,Snacks,Mixed Nuts 200g,55,12.0,6.6,660.0,363.0,False,False,5,True
2025-10-05,Deira Depot,DEI,Snacks,Mixed Nuts 200g,54,12.0,6.6,648.0,356.4,False,False,6,True
2025-10-06,Deira Depot,DEI,Snacks,Mixed Nuts 200g,56,12.0,6.6,672.0,369.6,False,False,0,False
2025-10-07,Deira Depot,DEI,Snacks,Mixed Nuts 200g,62,12.0,6.6,744.0,409.2,False,False,1,False
2025-10-08,Deira Depot,DEI,Snacks,Mixed Nuts 200g,67,12.0,6.6,804.0,442.2,False,False,2,False
2025-10-09,Deira Depot,DEI,Snacks,Mixed Nuts 200g,73,12.0,6.6,876.0,481.8,False,False,3,False
2025-10-10,Deira Depot,DEI,Snacks,Mixed Nuts 200g,52,12.0,6.6,624.0,343.2,False,False,4,False
2025-10-11,Deira Depot,DEI,Snacks,Mixed Nuts 200g,43,12.0,6.6,516.0,283.8,False,False,5,True
2025-10-12,Deira Depot,DEI,Snacks,Mixed Nuts 200g,34,12.0,6.6,408.0,224.4,False,False,6,True
2025-10-13,Deira Depot,DEI,Snacks,Mixed Nuts 200g,63,12.0,6.6,756.0,415.8,False,False,0,False
2025-10-14,Deira Depot,DEI,Snacks,Mixed Nuts 200g,42,12.0,6.6,504.0,277.2,False,False,1,False
2025-10-15,Deira Depot,DEI,Snacks,Mixed Nuts 200g,58,12.0,6.6,696.0,382.8,False,False,2,False
2025-10-16,Deira Depot,DEI,Snacks,Mixed Nuts 200g,55,12.0,6.6,660.0,363.0,False,False,3,False
2025-10-17,Deira Depot,DEI,Snacks,Mixed Nuts 200g,45,12.0,6.6,540.0,297.0,False,False,4,False
2025-10-18,Deira Depot,DEI,Snacks,Mixed Nuts 200g,123,9.6,6.6,1180.8,811.8,True,False,5,True
2025-10-19,Deira Depot,DEI,Snacks,Mixed Nuts 200g,84,12.0,6.6,1008.0,554.4,False,False,6,True
2025-10-20,Deira Depot,DEI,Snacks,Mixed Nuts 200g,48,12.0,6.6,576.0,316.8,False,False,0,False
2025-10-21,Deira Depot,DEI,Snacks,Mixed Nuts 200g,43,12.0,6.6,516.0,283.8,False,False,1,False
2025-10-22,Deira Depot,DEI,Snacks,Mixed Nuts 200g,73,9.6,6.6,700.8,481.8,True,False,2,False
2025-10-23,Deira Depot,DEI,Snacks,Mixed Nuts 200g,80,12.0,6.6,960.0,528.0,False,False,3,False
2025-10-24,Deira Depot,DEI,Snacks,Mixed Nuts 200g,76,9.6,6.6,729.6,501.6,True,False,4,False
2025-10-25,Deira Depot,DEI,Snacks,Mixed Nuts 200g,100,12.0,6.6,1200.0,660.0,False,False,5,True
2025-10-26,Deira Depot,DEI,Snacks,Mixed Nuts 200g,53,12.0,6.6,636.0,349.8,False,False,6,True
2025-10-27,Deira Depot,DEI,Snacks,Mixed Nuts 200g,32,12.0,6.6,384.0,211.2,False,False,0,False
2025-10-28,Deira Depot,DEI,Snacks,Mixed Nuts 200g,51,12.0,6.6,612.0,336.6,False,False,1,False
2025-10-29,Deira Depot,DEI,Snacks,Mixed Nuts 200g,59,12.0,6.6,708.0,389.4,False,False,2,False
2025-10-30,Deira Depot,DEI,Snacks,Mixed Nuts 200g,26,12.0,6.6,312.0,171.6,False,False,3,False
2025-10-31,Deira Depot,DEI,Snacks,Mixed Nuts 200g,21,12.0,6.6,252.0,138.6,False,False,4,False
2025-11-01,Deira Depot,DEI,Snacks,Mixed Nuts 200g,44,12.0,6.6,528.0,290.4,False,False,5,True
2025-11-02,Deira Depot,DEI,Snacks,Mixed Nuts 200g,50,12.0,6.6,600.0,330.0,False,False,6,True
2025-11-03,Deira Depot,DEI,Snacks,Mixed Nuts 200g,28,12.0,6.6,336.0,184.8,False,False,0,False
2025-11-04,Deira Depot,DEI,Snacks,Mixed Nuts 200g,64,12.0,6.6,768.0,422.4,False,False,1,False
2025-11-05,Deira Depot,DEI,Snacks,Mixed Nuts 200g,33,12.0,6.6,396.0,217.8,False,True,2,False
2025-11-06,Deira Depot,DEI,Snacks,Mixed Nuts 200g,59,12.0,6.6,708.0,389.4,False,False,3,False
2025-11-07,Deira Depot,DEI,Snacks,Mixed Nuts 200g,51,12.0,6.6,612.0,336.6,False,False,4,False
2025-11-08,Deira Depot,DEI,Snacks,Mixed Nuts 200g,33,12.0,6.6,396.0,217.8,False,False,5,True
2025-11-09,Deira Depot,DEI,Snacks,Mixed Nuts 200g,39,12.0,6.6,468.0,257.4,False,False,6,True
2025-11-10,Deira Depot,DEI,Snacks,Mixed Nuts 200g,63,12.0,6.6,756.0,415.8,False,False,0,False
2025-11-11,Deira Depot,DEI,Snacks,Mixed Nuts 200g,44,12.0,6.6,528.0,290.4,False,False,1,False
2025-11-12,Deira Depot,DEI,Snacks,Mixed Nuts 200g,44,12.0,6.6,528.0,290.4,False,False,2,False
2025-11-13,Deira Depot,DEI,Snacks,Mixed Nuts 200g,55,12.0,6.6,660.0,363.0,False,False,3,False
2025-11-14,Deira Depot,DEI,Snacks,Mixed Nuts 200g,35,12.0,6.6,420.0,231.0,False,False,4,False
2025-11-15,Deira Depot,DEI,Snacks,Mixed Nuts 200g,71,12.0,6.6,852.0,468.6,False,False,5,True
2025-11-16,Deira Depot,DEI,Snacks,Mixed Nuts 200g,45,9.6,6.6,432.0,297.0,True,False,6,True
2025-11-17,Deira Depot,DEI,Snacks,Mixed Nuts 200g,61,12.0,6.6,732.0,402.6,False,False,0,False
2025-11-18,Deira Depot,DEI,Snacks,Mixed Nuts 200g,50,12.0,6.6,600.0,330.0,False,False,1,False
2025-11-19,Deira Depot,DEI,Snacks,Mixed Nuts 200g,51,12.0,6.6,612.0,336.6,False,False,2,False
2025-11-20,Deira Depot,DEI,Snacks,Mixed Nuts 200g,42,12.0,6.6,504.0,277.2,False,False,3,False
2025-11-21,Deira Depot,DEI,Snacks,Mixed Nuts 200g,62,12.0,6.6,744.0,409.2,False,False,4,False
2025-11-22,Deira Depot,DEI,Snacks,Mixed Nuts 200g,119,9.6,6.6,1142.4,785.4,True,False,5,True
2025-11-23,Deira Depot,DEI,Snacks,Mixed Nuts 200g,52,12.0,6.6,624.0,343.2,False,False,6,True
2025-11-24,Deira Depot,DEI,Snacks,Mixed Nuts 200g,41,12.0,6.6,492.0,270.6,False,False,0,False
2025-11-25,Deira Depot,DEI,Snacks,Mixed Nuts 200g,53,12.0,6.6,636.0,349.8,False,False,1,False
2025-11-26,Deira Depot,DEI,Snacks,Mixed Nuts 200g,61,12.0,6.6,732.0,402.6,False,True,2,False
2025-11-27,Deira Depot,DEI,Snacks,Mixed Nuts 200g,53,12.0,6.6,636.0,349.8,False,False,3,False
2025-11-28,Deira Depot,DEI,Snacks,Mixed Nuts 200g,62,12.0,6.6,744.0,409.2,False,False,4,False
2025-11-29,Deira Depot,DEI,Snacks,Mixed Nuts 200g,17,12.0,6.6,204.0,112.2,False,False,5,True
2025-11-30,Deira Depot,DEI,Snacks,Mixed Nuts 200g,48,12.0,6.6,576.0,316.8,False,False,6,True
2025-12-01,Deira Depot,DEI,Snacks,Mixed Nuts 200g,68,9.6,6.6,652.8,448.8,True,False,0,False
2025-12-02,Deira Depot,DEI,Snacks,Mixed Nuts 200g,31,12.0,6.6,372.0,204.6,False,False,1,False
2025-12-03,Deira Depot,DEI,Snacks,Mixed Nuts 200g,44,12.0,6.6,528.0,290.4,False,False,2,False
2025-12-04,Deira Depot,DEI,Snacks,Mixed Nuts 200g,54,12.0,6.6,648.0,356.4,False,False,3,False
2025-12-05,Deira Depot,DEI,Snacks,Mixed Nuts 200g,46,12.0,6.6,552.0,303.6,False,False,4,False
2025-12-06,Deira Depot,DEI,Snacks,Mixed Nuts 200g,89,12.0,6.6,1068.0,587.4,False,False,5,True
2025-12-07,Deira Depot,DEI,Snacks,Mixed Nuts 200g,69,12.0,6.6,828.0,455.4,False,False,6,True
2025-12-08,Deira Depot,DEI,Snacks,Mixed Nuts 200g,19,12.0,6.6,228.0,125.4,False,False,0,False
2025-12-09,Deira Depot,DEI,Snacks,Mixed Nuts 200g,59,12.0,6.6,708.0,389.4,False,False,1,False
2025-12-10,Deira Depot,DEI,Snacks,Mixed Nuts 200g,26,12.0,6.6,312.0,171.6,False,False,2,False
2025-12-11,Deira Depot,DEI,Snacks,Mixed Nuts 200g,38,12.0,6.6,456.0,250.8,False,False,3,False
2025-12-12,Deira Depot,DEI,Snacks,Mixed Nuts 200g,78,12.0,6.6,936.0,514.8,False,False,4,False
2025-12-13,Deira Depot,DEI,Snacks,Mixed Nuts 200g,54,12.0,6.6,648.0,356.4,False,False,5,True
2025-12-14,Deira Depot,DEI,Snacks,Mixed Nuts 200g,61,12.0,6.6,732.0,402.6,False,False,6,True
2025-12-15,Deira Depot,DEI,Snacks,Mixed Nuts 200g,42,12.0,6.6,504.0,277.2,False,False,0,False
2025-12-16,Deira Depot,DEI,Snacks,Mixed Nuts 200g,37,12.0,6.6,444.0,244.2,False,False,1,False
2025-12-17,Deira Depot,DEI,Snacks,Mixed Nuts 200g,56,12.0,6.6,672.0,369.6,False,False,2,False
2025-12-18,Deira Depot,DEI,Snacks,Mixed Nuts 200g,64,12.0,6.6,768.0,422.4,False,False,3,False
2025-12-19,Deira Depot,DEI,Snacks,Mixed Nuts 200g,54,12.0,6.6,648.0,356.4,False,False,4,False
2025-12-20,Deira Depot,DEI,Snacks,Mixed Nuts 200g,89,12.0,6.6,1068.0,587.4,False,True,5,True
2025-12-21,Deira Depot,DEI,Snacks,Mixed Nuts 200g,46,12.0,6.6,552.0,303.6,False,False,6,True
2025-12-22,Deira Depot,DEI,Snacks,Mixed Nuts 200g,65,12.0,6.6,780.0,429.0,False,False,0,False
2025-12-23,Deira Depot,DEI,Snacks,Mixed Nuts 200g,52,12.0,6.6,624.0,343.2,False,False,1,False
2025-12-24,Deira Depot,DEI,Snacks,Mixed Nuts 200g,38,12.0,6.6,456.0,250.8,False,False,2,False
2025-12-25,Deira Depot,DEI,Snacks,Mixed Nuts 200g,71,12.0,6.6,852.0,468.6,False,False,3,False
2025-12-26,Deira Depot,DEI,Snacks,Mixed Nuts 200g,35,12.0,6.6,420.0,231.0,False,False,4,False
2025-12-27,Deira Depot,DEI,Snacks,Mixed Nuts 200g,89,12.0,6.6,1068.0,587.4,False,False,5,True
2025-12-28,Deira Depot,DEI,Snacks,Mixed Nuts 200g,92,12.0,6.6,1104.0,607.2,False,False,6,True
2025-12-29,Deira Depot,DEI,Snacks,Mixed Nuts 200g,40,12.0,6.6,480.0,264.0,False,False,0,False
2025-12-30,Deira Depot,DEI,Snacks,Mixed Nuts 200g,58,12.0,6.6,696.0,382.8,False,False,1,False
2025-12-31,Deira Depot,DEI,Snacks,Mixed Nuts 200g,68,12.0,6.6,816.0,448.8,False,False,2,False
2026-01-01,Deira Depot,DEI,Snacks,Mixed Nuts 200g,73,9.6,6.6,700.8,481.8,True,False,3,False
2026-01-02,Deira Depot,DEI,Snacks,Mixed Nuts 200g,100,9.6,6.6,960.0,660.0,True,False,4,False
2026-01-03,Deira Depot,DEI,Snacks,Mixed Nuts 200g,70,12.0,6.6,840.0,462.0,False,False,5,True
2026-01-04,Deira Depot,DEI,Snacks,Mixed Nuts 200g,87,12.0,6.6,1044.0,574.2,False,False,6,True
2026-01-05,Deira Depot,DEI,Snacks,Mixed Nuts 200g,48,12.0,6.6,576.0,316.8,False,False,0,False
2026-01-06,Deira Depot,DEI,Snacks,Mixed Nuts 200g,37,12.0,6.6,444.0,244.2,False,False,1,False
2026-01-07,Deira Depot,DEI,Snacks,Mixed Nuts 200g,67,9.6,6.6,643.2,442.2,True,False,2,False
2026-01-08,Deira Depot,DEI,Snacks,Mixed Nuts 200g,71,12.0,6.6,852.0,468.6,False,False,3,False
2026-01-09,Deira Depot,DEI,Snacks,Mixed Nuts 200g,62,12.0,6.6,744.0,409.2,False,False,4,False
2026-01-10,Deira Depot,DEI,Snacks,Mixed Nuts 200g,84,12.0,6.6,1008.0,554.4,False,False,5,True
2026-01-11,Deira Depot,DEI,Snacks,Mixed Nuts 200g,60,12.0,6.6,720.0,396.0,False,False,6,True
2026-01-12,Deira Depot,DEI,Snacks,Mixed Nuts 200g,36,12.0,6.6,432.0,237.6,False,False,0,False
2026-01-13,Deira Depot,DEI,Snacks,Mixed Nuts 200g,25,12.0,6.6,300.0,165.0,False,False,1,False
2026-01-14,Deira Depot,DEI,Snacks,Mixed Nuts 200g,59,9.6,6.6,566.4,389.4,True,False,2,False
2026-01-15,Deira Depot,DEI,Snacks,Mixed Nuts 200g,62,12.0,6.6,744.0,409.2,False,False,3,False
2026-01-16,Deira Depot,DEI,Snacks,Mixed Nuts 200g,50,12.0,6.6,600.0,330.0,False,False,4,False
2026-01-17,Deira Depot,DEI,Snacks,Mixed Nuts 200g,55,12.0,6.6,660.0,363.0,False,False,5,True
2026-01-18,Deira Depot,DEI,Snacks,Mixed Nuts 200g,41,12.0,6.6,492.0,270.6,False,False,6,True
2026-01-19,Deira Depot,DEI,Snacks,Mixed Nuts 200g,37,12.0,6.6,444.0,244.2,False,False,0,False
2026-01-20,Deira Depot,DEI,Snacks,Mixed Nuts 200g,46,12.0,6.6,552.0,303.6,False,False,1,False
2026-01-21,Deira Depot,DEI,Snacks,Mixed Nuts 200g,48,12.0,6.6,576.0,316.8,False,False,2,False
2026-01-22,Deira Depot,DEI,Snacks,Mixed Nuts 200g,64,12.0,6.6,768.0,422.4,False,True,3,False
2026-01-23,Deira Depot,DEI,Snacks,Mixed Nuts 200g,69,12.0,6.6,828.0,455.4,False,True,4,False
2026-01-24,Deira Depot,DEI,Snacks,Mixed Nuts 200g,65,12.0,6.6,780.0,429.0,False,False,5,True
2026-01-25,Deira Depot,DEI,Snacks,Mixed Nuts 200g,64,12.0,6.6,768.0,422.4,False,False,6,True
2026-01-26,Deira Depot,DEI,Snacks,Mixed Nuts 200g,45,12.0,6.6,540.0,297.0,False,False,0,False
2026-01-27,Deira Depot,DEI,Snacks,Mixed Nuts 200g,52,12.0,6.6,624.0,343.2,False,False,1,False
2026-01-28,Deira Depot,DEI,Snacks,Mixed Nuts 200g,66,12.0,6.6,792.0,435.6,False,False,2,False
2026-01-29,Deira Depot,DEI,Snacks,Mixed Nuts 200g,62,12.0,6.6,744.0,409.2,False,False,3,False
2026-01-30,Deira Depot,DEI,Snacks,Mixed Nuts 200g,70,12.0,6.6,840.0,462.0,False,False,4,False
2026-01-31,Deira Depot,DEI,Snacks,Mixed Nuts 200g,49,12.0,6.6,588.0,323.4,False,False,5,True
2026-02-01,Deira Depot,DEI,Snacks,Mixed Nuts 200g,40,12.0,6.6,480.0,264.0,False,False,6,True
2026-02-02,Deira Depot,DEI,Snacks,Mixed Nuts 200g,51,12.0,6.6,612.0,336.6,False,False,0,False
2026-02-03,Deira Depot,DEI,Snacks,Mixed Nuts 200g,42,12.0,6.6,504.0,277.2,False,False,1,False
2026-02-04,Deira Depot,DEI,Snacks,Mixed Nuts 200g,67,12.0,6.6,804.0,442.2,False,False,2,False
2026-02-05,Deira Depot,DEI,Snacks,Mixed Nuts 200g,49,12.0,6.6,588.0,323.4,False,False,3,False
2026-02-06,Deira Depot,DEI,Snacks,Mixed Nuts 200g,47,12.0,6.6,564.0,310.2,False,False,4,False
2026-02-07,Deira Depot,DEI,Snacks,Mixed Nuts 200g,88,12.0,6.6,1056.0,580.8,False,False,5,True
2026-02-08,Deira Depot,DEI,Snacks,Mixed Nuts 200g,64,12.0,6.6,768.0,422.4,False,False,6,True
2026-02-09,Deira Depot,DEI,Snacks,Mixed Nuts 200g,60,12.0,6.6,720.0,396.0,False,False,0,False
2026-02-10,Deira Depot,DEI,Snacks,Mixed Nuts 200g,37,12.0,6.6,444.0,244.2,False,False,1,False
2026-02-11,Deira Depot,DEI,Snacks,Mixed Nuts 200g,107,9.6,6.6,1027.2,706.2,True,False,2,False
2026-02-12,Deira Depot,DEI,Snacks,Mixed Nuts 200g,52,12.0,6.6,624.0,343.2,False,False,3,False
2026-02-13,Deira Depot,DEI,Snacks,Mixed Nuts 200g,28,12.0,6.6,336.0,184.8,False,False,4,False
2026-02-14,Deira Depot,DEI,Snacks,Mixed Nuts 200g,63,12.0,6.6,756.0,415.8,False,False,5,True
2026-02-15,Deira Depot,DEI,Snacks,Mixed Nuts 200g,76,12.0,6.6,912.0,501.6,False,False,6,True
2026-02-16,Deira Depot,DEI,Snacks,Mixed Nuts 200g,64,12.0,6.6,768.0,422.4,False,False,0,False
2026-02-17,Deira Depot,DEI,Snacks,Mixed Nuts 200g,33,12.0,6.6,396.0,217.8,False,False,1,False
2026-02-18,Deira Depot,DEI,Snacks,Mixed Nuts 200g,59,12.0,6.6,708.0,389.4,False,False,2,False
2026-02-19,Deira Depot,DEI,Snacks,Mixed Nuts 200g,55,12.0,6.6,660.0,363.0,False,False,3,False
2026-02-20,Deira Depot,DEI,Snacks,Mixed Nuts 200g,75,12.0,6.6,900.0,495.0,False,False,4,False
2026-02-21,Deira Depot,DEI,Snacks,Mixed Nuts 200g,59,12.0,6.6,708.0,389.4,False,False,5,True
2026-02-22,Deira Depot,DEI,Snacks,Mixed Nuts 200g,81,12.0,6.6,972.0,534.6,False,False,6,True
2026-02-23,Deira Depot,DEI,Snacks,Mixed Nuts 200g,49,12.0,6.6,588.0,323.4,False,False,0,False
2026-02-24,Deira Depot,DEI,Snacks,Mixed Nuts 200g,52,12.0,6.6,624.0,343.2,False,False,1,False
2026-02-25,Deira Depot,DEI,Snacks,Mixed Nuts 200g,48,12.0,6.6,576.0,316.8,False,False,2,False
2026-02-26,Deira Depot,DEI,Snacks,Mixed Nuts 200g,27,12.0,6.6,324.0,178.2,False,False,3,False
2026-02-27,Deira Depot,DEI,Snacks,Mixed Nuts 200g,56,12.0,6.6,672.0,369.6,False,False,4,False
2026-02-28,Deira Depot,DEI,Snacks,Mixed Nuts 200g,70,12.0,6.6,840.0,462.0,False,False,5,True
2026-03-01,Deira Depot,DEI,Snacks,Mixed Nuts 200g,83,12.0,6.6,996.0,547.8,False,False,6,True
2026-03-02,Deira Depot,DEI,Snacks,Mixed Nuts 200g,41,12.0,6.6,492.0,270.6,False,False,0,False
2026-03-03,Deira Depot,DEI,Snacks,Mixed Nuts 200g,50,12.0,6.6,600.0,330.0,False,False,1,False
2026-03-04,Deira Depot,DEI,Snacks,Mixed Nuts 200g,58,12.0,6.6,696.0,382.8,False,False,2,False
2026-03-05,Deira Depot,DEI,Snacks,Mixed Nuts 200g,56,12.0,6.6,672.0,369.6,False,False,3,False
2026-03-06,Deira Depot,DEI,Snacks,Mixed Nuts 200g,69,12.0,6.6,828.0,455.4,False,False,4,False
2026-03-07,Deira Depot,DEI,Snacks,Mixed Nuts 200g,66,12.0,6.6,792.0,435.6,False,False,5,True
2026-03-08,Deira Depot,DEI,Snacks,Mixed Nuts 200g,45,12.0,6.6,540.0,297.0,False,True,6,True
2026-03-09,Deira Depot,DEI,Snacks,Mixed Nuts 200g,38,12.0,6.6,456.0,250.8,False,False,0,False
2026-03-10,Deira Depot,DEI,Snacks,Mixed Nuts 200g,30,12.0,6.6,360.0,198.0,False,False,1,False
2026-03-11,Deira Depot,DEI,Snacks,Mixed Nuts 200g,43,12.0,6.6,516.0,283.8,False,False,2,False
2026-03-12,Deira Depot,DEI,Snacks,Mixed Nuts 200g,54,12.0,6.6,648.0,356.4,False,False,3,False
2026-03-13,Deira Depot,DEI,Snacks,Mixed Nuts 200g,67,12.0,6.6,804.0,442.2,False,False,4,False
2026-03-14,Deira Depot,DEI,Snacks,Mixed Nuts 200g,56,12.0,6.6,672.0,369.6,False,False,5,True
2026-03-15,Deira Depot,DEI,Snacks,Mixed Nuts 200g,80,12.0,6.6,960.0,528.0,False,False,6,True
2026-03-16,Deira Depot,DEI,Snacks,Mixed Nuts 200g,40,12.0,6.6,480.0,264.0,False,False,0,False
2026-03-17,Deira Depot,DEI,Snacks,Mixed Nuts 200g,69,12.0,6.6,828.0,455.4,False,False,1,False
2026-03-18,Deira Depot,DEI,Snacks,Mixed Nuts 200g,49,12.0,6.6,588.0,323.4,False,False,2,False
2026-03-19,Deira Depot,DEI,Snacks,Mixed Nuts 200g,89,12.0,6.6,1068.0,587.4,False,False,3,False
2026-03-20,Deira Depot,DEI,Snacks,Mixed Nuts 200g,62,12.0,6.6,744.0,409.2,False,False,4,False
2026-03-21,Deira Depot,DEI,Snacks,Mixed Nuts 200g,47,12.0,6.6,564.0,310.2,False,False,5,True
2026-03-22,Deira Depot,DEI,Snacks,Mixed Nuts 200g,44,12.0,6.6,528.0,290.4,False,False,6,True
2026-03-23,Deira Depot,DEI,Snacks,Mixed Nuts 200g,43,12.0,6.6,516.0,283.8,False,False,0,False
2026-03-24,Deira Depot,DEI,Snacks,Mixed Nuts 200g,47,12.0,6.6,564.0,310.2,False,False,1,False
2026-03-25,Deira Depot,DEI,Snacks,Mixed Nuts 200g,42,12.0,6.6,504.0,277.2,False,False,2,False
2026-03-26,Deira Depot,DEI,Snacks,Mixed Nuts 200g,77,12.0,6.6,924.0,508.2,False,False,3,False
2026-03-27,Deira Depot,DEI,Snacks,Mixed Nuts 200g,70,12.0,6.6,840.0,462.0,False,False,4,False
2026-03-28,Deira Depot,DEI,Snacks,Mixed Nuts 200g,60,12.0,6.6,720.0,396.0,False,False,5,True
2026-03-29,Deira Depot,DEI,Snacks,Mixed Nuts 200g,52,12.0,6.6,624.0,343.2,False,False,6,True
2025-10-01,Deira Depot,DEI,Pharmacy,Multivitamins 30pk,22,35.0,19.25,770.0,423.5,False,True,2,False
2025-10-02,Deira Depot,DEI,Pharmacy,Multivitamins 30pk,23,35.0,19.25,805.0,442.75,False,False,3,False
2025-10-03,Deira Depot,DEI,Pharmacy,Multivitamins 30pk,24,35.0,19.25,840.0,462.0,False,False,4,False
2025-10-04,Deira Depot,DEI,Pharmacy,Multivitamins 30pk,29,35.0,19.25,1015.0,558.25,False,False,5,True
2025-10-05,Deira Depot,DEI,Pharmacy,Multivitamins 30pk,25,35.0,19.25,875.0,481.25,False,False,6,True
2025-10-06,Deira Depot,DEI,Pharmacy,Multivitamins 30pk,20,35.0,19.25,700.0,385.0,False,False,0,False
2025-10-07,Deira Depot,DEI,Pharmacy,Multivitamins 30pk,20,35.0,19.25,700.0,385.0,False,False,1,False
2025-10-08,Deira Depot,DEI,Pharmacy,Multivitamins 30pk,23,35.0,19.25,805.0,442.75,False,False,2,False
2025-10-09,Deira Depot,DEI,Pharmacy,Multivitamins 30pk,22,35.0,19.25,770.0,423.5,False,False,3,False
