data/sample_grocery_data.csv
date,store,store_id,category,sku,units_sold,price,unit_cost,revenue,cost,promotion,stockout,day_of_week,is_weekend
2025-10-10,Deira Depot,DEI,Pharmacy,Multivitamins 30pk,23,35.0,19.25,805.0,442.75,False,False,4,False
2025-10-11,Deira Depot,DEI,Pharmacy,Multivitamins 30pk,25,35.0,19.25,875.0,481.25,False,False,5,True
2025-10-12,Deira Depot,DEI,Pharmacy,Multivitamins 30pk,24,35.0,19.25,840.0,462.0,False,False,6,True
2025-10-13,Deira Depot,DEI,Pharmacy,Multivitamins 30pk,18,35.0,19.25,630.0,346.5,False,False,0,False
2025-10-14,Deira Depot,DEI,Pharmacy,Multivitamins 30pk,20,35.0,19.25,700.0,385.0,False,False,1,False
2025-10-15,Deira Depot,DEI,Pharmacy,Multivitamins 30pk,22,35.0,19.25,770.0,423.5,False,False,2,False
2025-10-16,Deira Depot,DEI,Pharmacy,Multivitamins 30pk,21,35.0,19.25,735.0,404.25,False,False,3,False
2025-10-17,Deira Depot,DEI,Pharmacy,Multivitamins 30pk,23,35.0,19.25,805.0,442.75,False,False,4,False
2025-10-18,Deira Depot,DEI,Pharmacy,Multivitamins 30pk,27,35.0,19.25,945.0,519.75,False,False,5,True
2025-10-19,Deira Depot,DEI,Pharmacy,Multivitamins 30pk,27,35.0,19.25,945.0,519.75,False,False,6,True
2025-10-20,Deira Depot,DEI,Pharmacy,Multivitamins 30pk,18,35.0,19.25,630.0,346.5,False,False,0,False
2025-10-21,Deira Depot,DEI,Pharmacy,Multivitamins 30pk,19,35.0,19.25,665.0,365.75,False,False,1,False
2025-10-22,Deira Depot,DEI,Pharmacy,Multivitamins 30pk,19,35.0,19.25,665.0,365.75,False,False,2,False
2025-10-23,Deira Depot,DEI,Pharmacy,Multivitamins 30pk,23,35.0,19.25,805.0,442.75,False,False,3,False
2025-10-24,Deira Depot,DEI,Pharmacy,Multivitamins 30pk,24,35.0,19.25,840.0,462.0,False,False,4,False
2025-10-25,Deira Depot,DEI,Pharmacy,Multivitamins 30pk,29,35.0,19.25,1015.0,558.25,False,False,5,True
2025-10-26,Deira Depot,DEI,Pharmacy,Multivitamins 30pk,25,35.0,19.25,875.0,481.25,False,False,6,True
2025-10-27,Deira Depot,DEI,Pharmacy,Multivitamins 30pk,36,28.0,19.25,1008.0,693.0,True,False,0,False
2025-10-28,Deira Depot,DEI,Pharmacy,Multivitamins 30pk,20,35.0,19.25,700.0,385.0,False,False,1,False
2025-10-29,Deira Depot,DEI,Pharmacy,Multivitamins 30pk,20,35.0,19.25,700.0,385.0,False,False,2,False
2025-10-30,Deira Depot,DEI,Pharmacy,Multivitamins 30pk,24,35.0,19.25,840.0,462.0,False,False,3,False
2025-10-31,Deira Depot,DEI,Pharmacy,Multivitamins 30pk,20,35.0,19.25,700.0,385.0,False,False,4,False
2025-11-01,Deira Depot,DEI,Pharmacy,Multivitamins 30pk,26,35.0,19.25,910.0,500.5,False,False,5,True
2025-11-02,Deira Depot,DEI,Pharmacy,Multivitamins 30pk,25,35.0,19.25,875.0,481.25,False,False,6,True
2025-11-03,Deira Depot,DEI,Pharmacy,Multivitamins 30pk,21,35.0,19.25,735.0,404.25,False,False,0,False
2025-11-04,Deira Depot,DEI,Pharmacy,Multivitamins 30pk,18,35.0,19.25,630.0,346.5,False,False,1,False
2025-11-05,Deira Depot,DEI,Pharmacy,Multivitamins 30pk,20,35.0,19.25,700.0,385.0,False,False,2,False
2025-11-06,Deira Depot,DEI,Pharmacy,Multivitamins 30pk,22,35.0,19.25,770.0,423.5,False,False,3,False
2025-11-07,Deira Depot,DEI,Pharmacy,Multivitamins 30pk,24,35.0,19.25,840.0,462.0,False,False,4,False
2025-11-08,Deira Depot,DEI,Pharmacy,Multivitamins 30pk,38,28.0,19.25,1064.0,731.5,True,False,5,True
2025-11-09,Deira Depot,DEI,Pharmacy,Multivitamins 30pk,25,35.0,19.25,875.0,481.25,False,False,6,True
2025-11-10,Deira Depot,DEI,Pharmacy,Multivitamins 30pk,20,35.0,19.25,700.0,385.0,False,False,0,False
2025-11-11,Deira Depot,DEI,Pharmacy,Multivitamins 30pk,19,35.0,19.25,665.0,365.75,False,False,1,False
2025-11-12,Deira Depot,DEI,Pharmacy,Multivitamins 30pk,19,35.0,19.25,665.0,365.75,False,False,2,False
2025-11-13,Deira Depot,DEI,Pharmacy,Multivitamins 30pk,25,35.0,19.25,875.0,481.25,False,False,3,False
2025-11-14,Deira Depot,DEI,Pharmacy,Multivitamins 30pk,36,28.0,19.25,1008.0,693.0,True,False,4,False
2025-11-15,Deira Depot,DEI,Pharmacy,Multivitamins 30pk,26,35.0,19.25,910.0,500.5,False,False,5,True
2025-11-16,Deira Depot,DEI,Pharmacy,Multivitamins 30pk,26,35.0,19.25,910.0,500.5,False,False,6,True
2025-11-17,Deira Depot,DEI,Pharmacy,Multivitamins 30pk,19,35.0,19.25,665.0,365.75,False,False,0,False
2025-11-18,Deira Depot,DEI,Pharmacy,Multivitamins 30pk,24,35.0,19.25,840.0,462.0,False,True,1,False
2025-11-19,Deira Depot,DEI,Pharmacy,Multivitamins 30pk,22,35.0,19.25,770.0,423.5,False,False,2,False
2025-11-20,Deira Depot,DEI,Pharmacy,Multivitamins 30pk,25,35.0,19.25,875.0,481.25,False,False,3,False
2025-11-21,Deira Depot,DEI,Pharmacy,Multivitamins 30pk,21,35.0,19.25,735.0,404.25,False,False,4,False
2025-11-22,Deira Depot,DEI,Pharmacy,Multivitamins 30pk,27,35.0,19.25,945.0,519.75,False,False,5,True
2025-11-23,Deira Depot,DEI,Pharmacy,Multivitamins 30pk,27,35.0,19.25,945.0,519.75,False,False,6,True
2025-11-24,Deira Depot,DEI,Pharmacy,Multivitamins 30pk,20,35.0,19.25,700.0,385.0,False,False,0,False
2025-11-25,Deira Depot,DEI,Pharmacy,Multivitamins 30pk,19,35.0,19.25,665.0,365.75,False,False,1,False
2025-11-26,Deira Depot,DEI,Pharmacy,Multivitamins 30pk,20,35.0,19.25,700.0,385.0,False,False,2,False
2025-11-27,Deira Depot,DEI,Pharmacy,Multivitamins 30pk,23,35.0,19.25,805.0,442.75,False,False,3,False
2025-11-28,Deira Depot,DEI,Pharmacy,Multivitamins 30pk,33,28.0,19.25,924.0,635.25,True,False,4,False
2025-11-29,Deira Depot,DEI,Pharmacy,Multivitamins 30pk,34,28.0,19.25,952.0,654.5,True,False,5,True
2025-11-30,Deira Depot,DEI,Pharmacy,Multivitamins 30pk,25,35.0,19.25,875.0,481.25,False,False,6,True
2025-12-01,Deira Depot,DEI,Pharmacy,Multivitamins 30pk,32,28.0,19.25,896.0,616.0,True,False,0,False
2025-12-02,Deira Depot,DEI,Pharmacy,Multivitamins 30pk,20,35.0,19.25,700.0,385.0,False,False,1,False
2025-12-03,Deira Depot,DEI,Pharmacy,Multivitamins 30pk,21,35.0,19.25,735.0,404.25,False,False,2,False
2025-12-04,Deira Depot,DEI,Pharmacy,Multivitamins 30pk,22,35.0,19.25,770.0,423.5,False,False,3,False
2025-12-05,Deira Depot,DEI,Pharmacy,Multivitamins 30pk,22,35.0,19.25,770.0,423.5,False,False,4,False
2025-12-06,Deira Depot,DEI,Pharmacy,Multivitamins 30pk,30,35.0,19.25,1050.0,577.5,False,False,5,True
2025-12-07,Deira Depot,DEI,Pharmacy,Multivitamins 30pk,26,35.0,19.25,910.0,500.5,False,False,6,True
2025-12-08,Deira Depot,DEI,Pharmacy,Multivitamins 30pk,20,35.0,19.25,700.0,385.0,False,False,0,False
2025-12-09,Deira Depot,DEI,Pharmacy,Multivitamins 30pk,21,35.0,19.25,735.0,404.25,False,False,1,False
2025-12-10,Deira Depot,DEI,Pharmacy,Multivitamins 30pk,18,35.0,19.25,630.0,346.5,False,False,2,False
2025-12-11,Deira Depot,DEI,Pharmacy,Multivitamins 30pk,21,35.0,19.25,735.0,404.25,False,False,3,False
2025-12-12,Deira Depot,DEI,Pharmacy,Multivitamins 30pk,27,35.0,19.25,945.0,519.75,False,False,4,False
2025-12-13,Deira Depot,DEI,Pharmacy,Multivitamins 30pk,25,35.0,19.25,875.0,481.25,False,False,5,True
2025-12-14,Deira Depot,DEI,Pharmacy,Multivitamins 30pk,28,35.0,19.25,980.0,539.0,False,False,6,True
2025-12-15,Deira Depot,DEI,Pharmacy,Multivitamins 30pk,20,35.0,19.25,700.0,385.0,False,False,0,False
2025-12-16,Deira Depot,DEI,Pharmacy,Multivitamins 30pk,22,35.0,19.25,770.0,423.5,False,False,1,False
2025-12-17,Deira Depot,DEI,Pharmacy,Multivitamins 30pk,22,35.0,19.25,770.0,423.5,False,False,2,False
2025-12-18,Deira Depot,DEI,Pharmacy,Multivitamins 30pk,21,35.0,19.25,735.0,404.25,False,False,3,False
2025-12-19,Deira Depot,DEI,Pharmacy,Multivitamins 30pk,36,28.0,19.25,1008.0,693.0,True,False,4,False
2025-12-20,Deira Depot,DEI,Pharmacy,Multivitamins 30pk,28,35.0,19.25,980.0,539.0,False,False,5,True
2025-12-21,Deira Depot,DEI,Pharmacy,Multivitamins 30pk,24,35.0,19.25,840.0,462.0,False,False,6,True
2025-12-22,Deira Depot,DEI,Pharmacy,Multivitamins 30pk,18,35.0,19.25,630.0,346.5,False,False,0,False
2025-12-23,Deira Depot,DEI,Pharmacy,Multivitamins 30pk,20,35.0,19.25,700.0,385.0,False,False,1,False
2025-12-24,Deira Depot,DEI,Pharmacy,Multivitamins 30pk,19,35.0,19.25,665.0,365.75,False,False,2,False
2025-12-25,Deira Depot,DEI,Pharmacy,Multivitamins 30pk,22,35.0,19.25,770.0,423.5,False,False,3,False
2025-12-26,Deira Depot,DEI,Pharmacy,Multivitamins 30pk,41,28.0,19.25,1148.0,789.25,True,False,4,False
2025-12-27,Deira Depot,DEI,Pharmacy,Multivitamins 30pk,28,35.0,19.25,980.0,539.0,False,False,5,True
2025-12-28,Deira Depot,DEI,Pharmacy,Multivitamins 30pk,27,35.0,19.25,945.0,519.75,False,False,6,True
2025-12-29,Deira Depot,DEI,Pharmacy,Multivitamins 30pk,20,35.0,19.25,700.0,385.0,False,False,0,False
2025-12-30,Deira Depot,DEI,Pharmacy,Multivitamins 30pk,22,35.0,19.25,770.0,423.5,False,False,1,False
2025-12-31,Deira Depot,DEI,Pharmacy,Multivitamins 30pk,22,35.0,19.25,770.0,423.5,False,False,2,False
2026-01-01,Deira Depot,DEI,Pharmacy,Multivitamins 30pk,19,35.0,19.25,665.0,365.75,False,False,3,False
2026-01-02,Deira Depot,DEI,Pharmacy,Multivitamins 30pk,24,35.0,19.25,840.0,462.0,False,False,4,False
2026-01-03,Deira Depot,DEI,Pharmacy,Multivitamins 30pk,31,35.0,19.25,1085.0,596.75,False,False,5,True
2026-01-04,Deira Depot,DEI,Pharmacy,Multivitamins 30pk,41,28.0,19.25,1148.0,789.25,True,False,6,True
2026-01-05,Deira Depot,DEI,Pharmacy,Multivitamins 30pk,22,35.0,19.25,770.0,423.5,False,False,0,False
2026-01-06,Deira Depot,DEI,Pharmacy,Multivitamins 30pk,23,35.0,19.25,805.0,442.75,False,False,1,False
2026-01-07,Deira Depot,DEI,Pharmacy,Multivitamins 30pk,23,35.0,19.25,805.0,442.75,False,False,2,False
2026-01-08,Deira Depot,DEI,Pharmacy,Multivitamins 30pk,18,35.0,19.25,630.0,346.5,False,False,3,False
2026-01-09,Deira Depot,DEI,Pharmacy,Multivitamins 30pk,22,35.0,19.25,770.0,423.5,False,False,4,False
2026-01-10,Deira Depot,DEI,Pharmacy,Multivitamins 30pk,24,35.0,19.25,840.0,462.0,False,False,5,True
2026-01-11,Deira Depot,DEI,Pharmacy,Multivitamins 30pk,26,35.0,19.25,910.0,500.5,False,False,6,True
2026-01-12,Deira Depot,DEI,Pharmacy,Multivitamins 30pk,21,35.0,19.25,735.0,404.25,False,False,0,False
2026-01-13,Deira Depot,DEI,Pharmacy,Multivitamins 30pk,18,35.0,19.25,630.0,346.5,False,False,1,False
2026-01-14,Deira Depot,DEI,Pharmacy,Multivitamins 30pk,23,35.0,19.25,805.0,442.75,False,False,2,False
2026-01-15,Deira Depot,DEI,Pharmacy,Multivitamins 30pk,30,28.0,19.25,840.0,577.5,True,False,3,False
2026-01-16,Deira Depot,DEI,Pharmacy,Multivitamins 30pk,25,35.0,19.25,875.0,481.25,False,False,4,False
2026-01-17,Deira Depot,DEI,Pharmacy,Multivitamins 30pk,30,35.0,19.25,1050.0,577.5,False,False,5,True
2026-01-18,Deira Depot,DEI,Pharmacy,Multivitamins 30pk,26,35.0,19.25,910.0,500.5,False,False,6,True
2026-01-19,Deira Depot,DEI,Pharmacy,Multivitamins 30pk,21,35.0,19.25,735.0,404.25,False,False,0,False
2026-01-20,Deira Depot,DEI,Pharmacy,Multivitamins 30pk,18,35.0,19.25,630.0,346.5,False,False,1,False
2026-01-21,Deira Depot,DEI,Pharmacy,Multivitamins 30pk,22,35.0,19.25,770.0,423.5,False,False,2,False
2026-01-22,Deira Depot,DEI,Pharmacy,Multivitamins 30pk,24,35.0,19.25,840.0,462.0,False,False,3,False
2026-01-23,Deira Depot,DEI,Pharmacy,Multivitamins 30pk,23,35.0,19.25,805.0,442.75,False,False,4,False
2026-01-24,Deira Depot,DEI,Pharmacy,Multivitamins 30pk,27,35.0,19.25,945.0,519.75,False,False,5,True
2026-01-25,Deira Depot,DEI,Pharmacy,Multivitamins 30pk,28,35.0,19.25,980.0,539.0,False,False,6,True
2026-01-26,Deira Depot,DEI,Pharmacy,Multivitamins 30pk,20,35.0,19.25,700.0,385.0,False,False,0,False
2026-01-27,Deira Depot,DEI,Pharmacy,Multivitamins 30pk,19,35.0,19.25,665.0,365.75,False,False,1,False
2026-01-28,Deira Depot,DEI,Pharmacy,Multivitamins 30pk,19,35.0,19.25,665.0,365.75,False,False,2,False
2026-01-29,Deira Depot,DEI,Pharmacy,Multivitamins 30pk,22,35.0,19.25,770.0,423.5,False,False,3,False
2026-01-30,Deira Depot,DEI,Pharmacy,Multivitamins 30pk,21,35.0,19.25,735.0,404.25,False,False,4,False
2026-01-31,Deira Depot,DEI,Pharmacy,Multivitamins 30pk,27,35.0,19.25,945.0,519.75,False,False,5,True
2026-02-01,Deira Depot,DEI,Pharmacy,Multivitamins 30pk,29,35.0,19.25,1015.0,558.25,False,False,6,True
2026-02-02,Deira Depot,DEI,Pharmacy,Multivitamins 30pk,17,35.0,19.25,595.0,327.25,False,True,0,False
2026-02-03,Deira Depot,DEI,Pharmacy,Multivitamins 30pk,19,35.0,19.25,665.0,365.75,False,False,1,False
2026-02-04,Deira Depot,DEI,Pharmacy,Multivitamins 30pk,22,35.0,19.25,770.0,423.5,False,False,2,False
2026-02-05,Deira Depot,DEI,Pharmacy,Multivitamins 30pk,23,35.0,19.25,805.0,442.75,False,False,3,False
2026-02-06,Deira Depot,DEI,Pharmacy,Multivitamins 30pk,26,35.0,19.25,910.0,500.5,False,False,4,False
2026-02-07,Deira Depot,DEI,Pharmacy,Multivitamins 30pk,30,35.0,19.25,1050.0,577.5,False,False,5,True
2026-02-08,Deira Depot,DEI,Pharmacy,Multivitamins 30pk,23,35.0,19.25,805.0,442.75,False,True,6,True
2026-02-09,Deira Depot,DEI,Pharmacy,Multivitamins 30pk,22,35.0,19.25,770.0,423.5,False,False,0,False
2026-02-10,Deira Depot,DEI,Pharmacy,Multivitamins 30pk,21,35.0,19.25,735.0,404.25,False,False,1,False
2026-02-11,Deira Depot,DEI,Pharmacy,Multivitamins 30pk,25,35.0,19.25,875.0,481.25,False,True,2,False
2026-02-12,Deira Depot,DEI,Pharmacy,Multivitamins 30pk,24,35.0,19.25,840.0,462.0,False,False,3,False
2026-02-13,Deira Depot,DEI,Pharmacy,Multivitamins 30pk,24,35.0,19.25,840.0,462.0,False,False,4,False
2026-02-14,Deira Depot,DEI,Pharmacy,Multivitamins 30pk,32,35.0,19.25,1120.0,616.0,False,False,5,True
2026-02-15,Deira Depot,DEI,Pharmacy,Multivitamins 30pk,22,35.0,19.25,770.0,423.5,False,False,6,True
2026-02-16,Deira Depot,DEI,Pharmacy,Multivitamins 30pk,20,35.0,19.25,700.0,385.0,False,False,0,False
2026-02-17,Deira Depot,DEI,Pharmacy,Multivitamins 30pk,23,35.0,19.25,805.0,442.75,False,False,1,False
2026-02-18,Deira Depot,DEI,Pharmacy,Multivitamins 30pk,22,35.0,19.25,770.0,423.5,False,False,2,False
2026-02-19,Deira Depot,DEI,Pharmacy,Multivitamins 30pk,23,35.0,19.25,805.0,442.75,False,False,3,False
2026-02-20,Deira Depot,DEI,Pharmacy,Multivitamins 30pk,38,28.0,19.25,1064.0,731.5,True,False,4,False
2026-02-21,Deira Depot,DEI,Pharmacy,Multivitamins 30pk,24,35.0,19.25,840.0,462.0,False,False,5,True
2026-02-22,Deira Depot,DEI,Pharmacy,Multivitamins 30pk,27,35.0,19.25,945.0,519.75,False,False,6,True
2026-02-23,Deira Depot,DEI,Pharmacy,Multivitamins 30pk,22,35.0,19.25,770.0,423.5,False,False,0,False
2026-02-24,Deira Depot,DEI,Pharmacy,Multivitamins 30pk,34,28.0,19.25,952.0,654.5,True,False,1,False
2026-02-25,Deira Depot,DEI,Pharmacy,Multivitamins 30pk,22,35.0,19.25,770.0,423.5,False,False,2,False
2026-02-26,Deira Depot,DEI,Pharmacy,Multivitamins 30pk,21,35.0,19.25,735.0,404.25,False,False,3,False
2026-02-27,Deira Depot,DEI,Pharmacy,Multivitamins 30pk,23,35.0,19.25,805.0,442.75,False,False,4,False
2026-02-28,Deira Depot,DEI,Pharmacy,Multivitamins 30pk,27,35.0,19.25,945.0,519.75,False,False,5,True
2026-03-01,Deira Depot,DEI,Pharmacy,Multivitamins 30pk,29,28.0,19.25,812.0,558.25,True,False,6,True
2026-03-02,Deira Depot,DEI,Pharmacy,Multivitamins 30pk,18,35.0,19.25,630.0,346.5,False,False,0,False
2026-03-03,Deira Depot,DEI,Pharmacy,Multivitamins 30pk,20,35.0,19.25,700.0,385.0,False,True,1,False
2026-03-04,Deira Depot,DEI,Pharmacy,Multivitamins 30pk,26,35.0,19.25,910.0,500.5,False,False,2,False
2026-03-05,Deira Depot,DEI,Pharmacy,Multivitamins 30pk,20,35.0,19.25,700.0,385.0,False,False,3,False
2026-03-06,Deira Depot,DEI,Pharmacy,Multivitamins 30pk,26,35.0,19.25,910.0,500.5,False,False,4,False
2026-03-07,Deira Depot,DEI,Pharmacy,Multivitamins 30pk,29,35.0,19.25,1015.0,558.25,False,False,5,True
2026-03-08,Deira Depot,DEI,Pharmacy,Multivitamins 30pk,25,35.0,19.25,875.0,481.25,False,False,6,True
2026-03-09,Deira Depot,DEI,Pharmacy,Multivitamins 30pk,22,35.0,19.25,770.0,423.5,False,False,0,False
2026-03-10,Deira Depot,DEI,Pharmacy,Multivitamins 30pk,20,35.0,19.25,700.0,385.0,False,False,1,False
2026-03-11,Deira Depot,DEI,Pharmacy,Multivitamins 30pk,19,35.0,19.25,665.0,365.75,False,False,2,False
2026-03-12,Deira Depot,DEI,Pharmacy,Multivitamins 30pk,24,35.0,19.25,840.0,462.0,False,False,3,False
2026-03-13,Deira Depot,DEI,Pharmacy,Multivitamins 30pk,19,35.0,19.25,665.0,365.75,False,False,4,False
2026-03-14,Deira Depot,DEI,Pharmacy,Multivitamins 30pk,27,35.0,19.25,945.0,519.75,False,False,5,True
2026-03-15,Deira Depot,DEI,Pharmacy,Multivitamins 30pk,26,35.0,19.25,910.0,500.5,False,False,6,True
2026-03-16,Deira Depot,DEI,Pharmacy,Multivitamins 30pk,26,28.0,19.25,728.0,500.5,True,False,0,False
2026-03-17,Deira Depot,DEI,Pharmacy,Multivitamins 30pk,19,35.0,19.25,665.0,365.75,False,False,1,False
2026-03-18,Deira Depot,DEI,Pharmacy,Multivitamins 30pk,23,35.0,19.25,805.0,442.75,False,False,2,False
2026-03-19,Deira Depot,DEI,Pharmacy,Multivitamins 30pk,24,35.0,19.25,840.0,462.0,False,False,3,False
2026-03-20,Deira Depot,DEI,Pharmacy,Multivitamins 30pk,21,35.0,19.25,735.0,404.25,False,False,4,False
2026-03-21,Deira Depot,DEI,Pharmacy,Multivitamins 30pk,30,35.0,19.25,1050.0,577.5,False,False,5,True
2026-03-22,Deira Depot,DEI,Pharmacy,Multivitamins 30pk,21,35.0,19.25,735.0,404.25,False,False,6,True
2026-03-23,Deira Depot,DEI,Pharmacy,Multivitamins 30pk,19,35.0,19.25,665.0,365.75,False,False,0,False
2026-03-24,Deira Depot,DEI,Pharmacy,Multivitamins 30pk,20,35.0,19.25,700.0,385.0,False,False,1,False
2026-03-25,Deira Depot,DEI,Pharmacy,Multivitamins 30pk,19,35.0,19.25,665.0,365.75,False,False,2,False
2026-03-26,Deira Depot,DEI,Pharmacy,Multivitamins 30pk,21,35.0,19.25,735.0,404.25,False,False,3,False
2026-03-27,Deira Depot,DEI,Pharmacy,Multivitamins 30pk,23,35.0,19.25,805.0,442.75,False,False,4,False
2026-03-28,Deira Depot,DEI,Pharmacy,Multivitamins 30pk,24,35.0,19.25,840.0,462.0,False,False,5,True
2026-03-29,Deira Depot,DEI,Pharmacy,Multivitamins 30pk,26,35.0,19.25,910.0,500.5,False,False,6,True
