data/sample_grocery_data.csv
date,store,store_id,category,sku,units_sold,price,unit_cost,revenue,cost,promotion,stockout,day_of_week,is_weekend
2025-10-01,Deira Depot,DEI,Beverages,Orange Juice 1L,112,4.8,3.3,537.6,369.6,True,False,2,False
2025-10-02,Deira Depot,DEI,Beverages,Orange Juice 1L,81,6.0,3.3,486.0,267.3,False,False,3,False
2025-10-03,Deira Depot,DEI,Beverages,Orange Juice 1L,84,6.0,3.3,504.0,277.2,False,False,4,False
2025-10-04,Deira Depot,DEI,Beverages,Orange Juice 1L,74,6.0,3.3,444.0,244.2,False,True,5,True
2025-10-05,Deira Depot,DEI,Beverages,Orange Juice 1L,89,6.0,3.3,534.0,293.7,False,False,6,True
2025-10-06,Deira Depot,DEI,Beverages,Orange Juice 1L,72,6.0,3.3,432.0,237.6,False,False,0,False
2025-10-07,Deira Depot,DEI,Beverages,Orange Juice 1L,65,6.0,3.3,390.0,214.5,False,False,1,False
2025-10-08,Deira Depot,DEI,Beverages,Orange Juice 1L,92,6.0,3.3,552.0,303.6,False,False,2,False
2025-10-09,Deira Depot,DEI,Beverages,Orange Juice 1L,92,6.0,3.3,552.0,303.6,False,False,3,False
2025-10-10,Deira Depot,DEI,Beverages,Orange Juice 1L,80,6.0,3.3,480.0,264.0,False,False,4,False
2025-10-11,Deira Depot,DEI,Beverages,Orange Juice 1L,61,6.0,3.3,366.0,201.3,False,False,5,True
2025-10-12,Deira Depot,DEI,Beverages,Orange Juice 1L,73,6.0,3.3,438.0,240.9,False,False,6,True
2025-10-13,Deira Depot,DEI,Beverages,Orange Juice 1L,53,6.0,3.3,318.0,174.9,False,False,0,False
2025-10-14,Deira Depot,DEI,Beverages,Orange Juice 1L,52,6.0,3.3,312.0,171.6,False,False,1,False
2025-10-15,Deira Depot,DEI,Beverages,Orange Juice 1L,80,6.0,3.3,480.0,264.0,False,False,2,False
2025-10-16,Deira Depot,DEI,Beverages,Orange Juice 1L,103,6.0,3.3,618.0,339.9,False,False,3,False
2025-10-17,Deira Depot,DEI,Beverages,Orange Juice 1L,76,6.0,3.3,456.0,250.8,False,False,4,False
2025-10-18,Deira Depot,DEI,Beverages,Orange Juice 1L,76,6.0,3.3,456.0,250.8,False,False,5,True
2025-10-19,Deira Depot,DEI,Beverages,Orange Juice 1L,81,6.0,3.3,486.0,267.3,False,False,6,True
2025-10-20,Deira Depot,DEI,Beverages,Orange Juice 1L,54,6.0,3.3,324.0,178.2,False,False,0,False
2025-10-21,Deira Depot,DEI,Beverages,Orange Juice 1L,69,6.0,3.3,414.0,227.7,False,False,1,False
2025-10-22,Deira Depot,DEI,Beverages,Orange Juice 1L,38,6.0,3.3,228.0,125.4,False,False,2,False
2025-10-23,Deira Depot,DEI,Beverages,Orange Juice 1L,76,6.0,3.3,456.0,250.8,False,False,3,False
2025-10-24,Deira Depot,DEI,Beverages,Orange Juice 1L,77,6.0,3.3,462.0,254.1,False,False,4,False
2025-10-25,Deira Depot,DEI,Beverages,Orange Juice 1L,73,6.0,3.3,438.0,240.9,False,False,5,True
2025-10-26,Deira Depot,DEI,Beverages,Orange Juice 1L,99,6.0,3.3,594.0,326.7,False,False,6,True
2025-10-27,Deira Depot,DEI,Beverages,Orange Juice 1L,74,6.0,3.3,444.0,244.2,False,False,0,False
2025-10-28,Deira Depot,DEI,Beverages,Orange Juice 1L,73,6.0,3.3,438.0,240.9,False,False,1,False
2025-10-29,Deira Depot,DEI,Beverages,Orange Juice 1L,79,6.0,3.3,474.0,260.7,False,False,2,False
2025-10-30,Deira Depot,DEI,Beverages,Orange Juice 1L,51,6.0,3.3,306.0,168.3,False,False,3,False
2025-10-31,Deira Depot,DEI,Beverages,Orange Juice 1L,100,6.0,3.3,600.0,330.0,False,False,4,False
2025-11-01,Deira Depot,DEI,Beverages,Orange Juice 1L,99,6.0,3.3,594.0,326.7,False,False,5,True
2025-11-02,Deira Depot,DEI,Beverages,Orange Juice 1L,69,6.0,3.3,414.0,227.7,False,False,6,True
2025-11-03,Deira Depot,DEI,Beverages,Orange Juice 1L,57,6.0,3.3,342.0,188.1,False,False,0,False
2025-11-04,Deira Depot,DEI,Beverages,Orange Juice 1L,70,6.0,3.3,420.0,231.0,False,False,1,False
2025-11-05,Deira Depot,DEI,Beverages,Orange Juice 1L,63,6.0,3.3,378.0,207.9,False,True,2,False
2025-11-06,Deira Depot,DEI,Beverages,Orange Juice 1L,64,6.0,3.3,384.0,211.2,False,False,3,False
2025-11-07,Deira Depot,DEI,Beverages,Orange Juice 1L,57,6.0,3.3,342.0,188.1,False,False,4,False
2025-11-08,Deira Depot,DEI,Beverages,Orange Juice 1L,111,6.0,3.3,666.0,366.3,False,False,5,True
2025-11-09,Deira Depot,DEI,Beverages,Orange Juice 1L,54,6.0,3.3,324.0,178.2,False,False,6,True
2025-11-10,Deira Depot,DEI,Beverages,Orange Juice 1L,84,4.8,3.3,403.2,277.2,True,False,0,False
2025-11-11,Deira Depot,DEI,Beverages,Orange Juice 1L,62,6.0,3.3,372.0,204.6,False,False,1,False
2025-11-12,Deira Depot,DEI,Beverages,Orange Juice 1L,66,6.0,3.3,396.0,217.8,False,False,2,False
2025-11-13,Deira Depot,DEI,Beverages,Orange Juice 1L,79,6.0,3.3,474.0,260.7,False,False,3,False
2025-11-14,Deira Depot,DEI,Beverages,Orange Juice 1L,75,6.0,3.3,450.0,247.5,False,False,4,False
2025-11-15,Deira Depot,DEI,Beverages,Orange Juice 1L,54,6.0,3.3,324.0,178.2,False,False,5,True
2025-11-16,Deira Depot,DEI,Beverages,Orange Juice 1L,68,6.0,3.3,408.0,224.4,False,False,6,True
2025-11-17,Deira Depot,DEI,Beverages,Orange Juice 1L,83,6.0,3.3,498.0,273.9,False,False,0,False
2025-11-18,Deira Depot,DEI,Beverages,Orange Juice 1L,66,6.0,3.3,396.0,217.8,False,False,1,False
2025-11-19,Deira Depot,DEI,Beverages,Orange Juice 1L,78,6.0,3.3,468.0,257.4,False,False,2,False
2025-11-20,Deira Depot,DEI,Beverages,Orange Juice 1L,73,6.0,3.3,438.0,240.9,False,False,3,False
2025-11-21,Deira Depot,DEI,Beverages,Orange Juice 1L,83,6.0,3.3,498.0,273.9,False,False,4,False
2025-11-22,Deira Depot,DEI,Beverages,Orange Juice 1L,134,6.0,3.3,804.0,442.2,False,False,5,True
2025-11-23,Deira Depot,DEI,Beverages,Orange Juice 1L,66,6.0,3.3,396.0,217.8,False,False,6,True
2025-11-24,Deira Depot,DEI,Beverages,Orange Juice 1L,82,6.0,3.3,492.0,270.6,False,False,0,False
2025-11-25,Deira Depot,DEI,Beverages,Orange Juice 1L,50,6.0,3.3,300.0,165.0,False,False,1,False
2025-11-26,Deira Depot,DEI,Beverages,Orange Juice 1L,44,6.0,3.3,264.0,145.2,False,False,2,False
2025-11-27,Deira Depot,DEI,Beverages,Orange Juice 1L,61,6.0,3.3,366.0,201.3,False,False,3,False
2025-11-28,Deira Depot,DEI,Beverages,Orange Juice 1L,88,6.0,3.3,528.0,290.4,False,False,4,False
2025-11-29,Deira Depot,DEI,Beverages,Orange Juice 1L,103,6.0,3.3,618.0,339.9,False,False,5,True
2025-11-30,Deira Depot,DEI,Beverages,Orange Juice 1L,91,6.0,3.3,546.0,300.3,False,False,6,True
2025-12-01,Deira Depot,DEI,Beverages,Orange Juice 1L,66,6.0,3.3,396.0,217.8,False,False,0,False
2025-12-02,Deira Depot,DEI,Beverages,Orange Juice 1L,59,6.0,3.3,354.0,194.7,False,False,1,False
2025-12-03,Deira Depot,DEI,Beverages,Orange Juice 1L,76,6.0,3.3,456.0,250.8,False,False,2,False
2025-12-04,Deira Depot,DEI,Beverages,Orange Juice 1L,57,6.0,3.3,342.0,188.1,False,False,3,False
2025-12-05,Deira Depot,DEI,Beverages,Orange Juice 1L,63,6.0,3.3,378.0,207.9,False,False,4,False
2025-12-06,Deira Depot,DEI,Beverages,Orange Juice 1L,104,6.0,3.3,624.0,343.2,False,False,5,True
2025-12-07,Deira Depot,DEI,Beverages,Orange Juice 1L,91,6.0,3.3,546.0,300.3,False,True,6,True
2025-12-08,Deira Depot,DEI,Beverages,Orange Juice 1L,72,6.0,3.3,432.0,237.6,False,False,0,False
2025-12-09,Deira Depot,DEI,Beverages,Orange Juice 1L,72,6.0,3.3,432.0,237.6,False,False,1,False
2025-12-10,Deira Depot,DEI,Beverages,Orange Juice 1L,83,6.0,3.3,498.0,273.9,False,False,2,False
2025-12-11,Deira Depot,DEI,Beverages,Orange Juice 1L,73,6.0,3.3,438.0,240.9,False,False,3,False
2025-12-12,Deira Depot,DEI,Beverages,Orange Juice 1L,67,6.0,3.3,402.0,221.1,False,False,4,False
2025-12-13,Deira Depot,DEI,Beverages,Orange Juice 1L,101,6.0,3.3,606.0,333.3,False,False,5,True
2025-12-14,Deira Depot,DEI,Beverages,Orange Juice 1L,97,6.0,3.3,582.0,320.1,False,False,6,True
2025-12-15,Deira Depot,DEI,Beverages,Orange Juice 1L,55,6.0,3.3,330.0,181.5,False,False,0,False
2025-12-16,Deira Depot,DEI,Beverages,Orange Juice 1L,69,6.0,3.3,414.0,227.7,False,False,1,False
2025-12-17,Deira Depot,DEI,Beverages,Orange Juice 1L,58,6.0,3.3,348.0,191.4,False,False,2,False
2025-12-18,Deira Depot,DEI,Beverages,Orange Juice 1L,86,6.0,3.3,516.0,283.8,False,False,3,False
2025-12-19,Deira Depot,DEI,Beverages,Orange Juice 1L,86,6.0,3.3,516.0,283.8,False,False,4,False
2025-12-20,Deira Depot,DEI,Beverages,Orange Juice 1L,43,6.0,3.3,258.0,141.9,False,False,5,True
2025-12-21,Deira Depot,DEI,Beverages,Orange Juice 1L,65,6.0,3.3,390.0,214.5,False,False,6,True
2025-12-22,Deira Depot,DEI,Beverages,Orange Juice 1L,76,6.0,3.3,456.0,250.8,False,False,0,False
2025-12-23,Deira Depot,DEI,Beverages,Orange Juice 1L,159,4.8,3.3,763.2,524.7,True,False,1,False
2025-12-24,Deira Depot,DEI,Beverages,Orange Juice 1L,87,6.0,3.3,522.0,287.1,False,False,2,False
2025-12-25,Deira Depot,DEI,Beverages,Orange Juice 1L,79,4.8,3.3,379.2,260.7,True,False,3,False
2025-12-26,Deira Depot,DEI,Beverages,Orange Juice 1L,59,6.0,3.3,354.0,194.7,False,False,4,False
2025-12-27,Deira Depot,DEI,Beverages,Orange Juice 1L,82,6.0,3.3,492.0,270.6,False,False,5,True
2025-12-28,Deira Depot,DEI,Beverages,Orange Juice 1L,105,6.0,3.3,630.0,346.5,False,False,6,True
2025-12-29,Deira Depot,DEI,Beverages,Orange Juice 1L,61,6.0,3.3,366.0,201.3,False,False,0,False
2025-12-30,Deira Depot,DEI,Beverages,Orange Juice 1L,48,6.0,3.3,288.0,158.4,False,False,1,False
2025-12-31,Deira Depot,DEI,Beverages,Orange Juice 1L,68,6.0,3.3,408.0,224.4,False,False,2,False
2026-01-01,Deira Depot,DEI,Beverages,Orange Juice 1L,72,6.0,3.3,432.0,237.6,False,False,3,False
2026-01-02,Deira Depot,DEI,Beverages,Orange Juice 1L,84,6.0,3.3,504.0,277.2,False,False,4,False
2026-01-03,Deira Depot,DEI,Beverages,Orange Juice 1L,54,6.0,3.3,324.0,178.2,False,False,5,True
2026-01-04,Deira Depot,DEI,Beverages,Orange Juice 1L,76,6.0,3.3,456.0,250.8,False,False,6,True
2026-01-05,Deira Depot,DEI,Beverages,Orange Juice 1L,49,6.0,3.3,294.0,161.7,False,False,0,False
2026-01-06,Deira Depot,DEI,Beverages,Orange Juice 1L,48,6.0,3.3,288.0,158.4,False,False,1,False
2026-01-07,Deira Depot,DEI,Beverages,Orange Juice 1L,87,6.0,3.3,522.0,287.1,False,False,2,False
2026-01-08,Deira Depot,DEI,Beverages,Orange Juice 1L,81,6.0,3.3,486.0,267.3,False,False,3,False
2026-01-09,Deira Depot,DEI,Beverages,Orange Juice 1L,68,6.0,3.3,408.0,224.4,False,False,4,False
2026-01-10,Deira Depot,DEI,Beverages,Orange Juice 1L,77,6.0,3.3,462.0,254.1,False,False,5,True
2026-01-11,Deira Depot,DEI,Beverages,Orange Juice 1L,104,6.0,3.3,624.0,343.2,False,False,6,True
2026-01-12,Deira Depot,DEI,Beverages,Orange Juice 1L,57,6.0,3.3,342.0,188.1,False,False,0,False
2026-01-13,Deira Depot,DEI,Beverages,Orange Juice 1L,58,6.0,3.3,348.0,191.4,False,False,1,False
2026-01-14,Deira Depot,DEI,Beverages,Orange Juice 1L,83,6.0,3.3,498.0,273.9,False,False,2,False
2026-01-15,Deira Depot,DEI,Beverages,Orange Juice 1L,85,6.0,3.3,510.0,280.5,False,False,3,False
2026-01-16,Deira Depot,DEI,Beverages,Orange Juice 1L,91,6.0,3.3,546.0,300.3,False,False,4,False
2026-01-17,Deira Depot,DEI,Beverages,Orange Juice 1L,78,6.0,3.3,468.0,257.4,False,False,5,True
2026-01-18,Deira Depot,DEI,Beverages,Orange Juice 1L,79,6.0,3.3,474.0,260.7,False,False,6,True
2026-01-19,Deira Depot,DEI,Beverages,Orange Juice 1L,54,6.0,3.3,324.0,178.2,False,False,0,False
2026-01-20,Deira Depot,DEI,Beverages,Orange Juice 1L,58,6.0,3.3,348.0,191.4,False,False,1,False
2026-01-21,Deira Depot,DEI,Beverages,Orange Juice 1L,88,6.0,3.3,528.0,290.4,False,False,2,False
2026-01-22,Deira Depot,DEI,Beverages,Orange Juice 1L,46,6.0,3.3,276.0,151.8,False,False,3,False
2026-01-23,Deira Depot,DEI,Beverages,Orange Juice 1L,94,6.0,3.3,564.0,310.2,False,False,4,False
2026-01-24,Deira Depot,DEI,Beverages,Orange Juice 1L,92,6.0,3.3,552.0,303.6,False,False,5,True
2026-01-25,Deira Depot,DEI,Beverages,Orange Juice 1L,74,6.0,3.3,444.0,244.2,False,False,6,True
2026-01-26,Deira Depot,DEI,Beverages,Orange Juice 1L,59,6.0,3.3,354.0,194.7,False,False,0,False
2026-01-27,Deira Depot,DEI,Beverages,Orange Juice 1L,83,6.0,3.3,498.0,273.9,False,False,1,False
2026-01-28,Deira Depot,DEI,Beverages,Orange Juice 1L,54,6.0,3.3,324.0,178.2,False,False,2,False
2026-01-29,Deira Depot,DEI,Beverages,Orange Juice 1L,69,6.0,3.3,414.0,227.7,False,False,3,False
2026-01-30,Deira Depot,DEI,Beverages,Orange Juice 1L,67,6.0,3.3,402.0,221.1,False,False,4,False
2026-01-31,Deira Depot,DEI,Beverages,Orange Juice 1L,65,6.0,3.3,390.0,214.5,False,False,5,True
2026-02-01,Deira Depot,DEI,Beverages,Orange Juice 1L,87,6.0,3.3,522.0,287.1,False,False,6,True
2026-02-02,Deira Depot,DEI,Beverages,Orange Juice 1L,55,6.0,3.3,330.0,181.5,False,False,0,False
2026-02-03,Deira Depot,DEI,Beverages,Orange Juice 1L,66,6.0,3.3,396.0,217.8,False,True,1,False
2026-02-04,Deira Depot,DEI,Beverages,Orange Juice 1L,100,4.8,3.3,480.0,330.0,True,False,2,False
2026-02-05,Deira Depot,DEI,Beverages,Orange Juice 1L,79,6.0,3.3,474.0,260.7,False,False,3,False
2026-02-06,Deira Depot,DEI,Beverages,Orange Juice 1L,78,6.0,3.3,468.0,257.4,False,False,4,False
2026-02-07,Deira Depot,DEI,Beverages,Orange Juice 1L,89,6.0,3.3,534.0,293.7,False,False,5,True
2026-02-08,Deira Depot,DEI,Beverages,Orange Juice 1L,82,6.0,3.3,492.0,270.6,False,False,6,True
2026-02-09,Deira Depot,DEI,Beverages,Orange Juice 1L,64,6.0,3.3,384.0,211.2,False,False,0,False
2026-02-10,Deira Depot,DEI,Beverages,Orange Juice 1L,66,6.0,3.3,396.0,217.8,False,False,1,False
2026-02-11,Deira Depot,DEI,Beverages,Orange Juice 1L,69,6.0,3.3,414.0,227.7,False,False,2,False
2026-02-12,Deira Depot,DEI,Beverages,Orange Juice 1L,42,6.0,3.3,252.0,138.6,False,False,3,False
2026-02-13,Deira Depot,DEI,Beverages,Orange Juice 1L,132,4.8,3.3,633.6,435.6,True,False,4,False
2026-02-14,Deira Depot,DEI,Beverages,Orange Juice 1L,135,4.8,3.3,648.0,445.5,True,False,5,True
2026-02-15,Deira Depot,DEI,Beverages,Orange Juice 1L,74,6.0,3.3,444.0,244.2,False,False,6,True
2026-02-16,Deira Depot,DEI,Beverages,Orange Juice 1L,83,6.0,3.3,498.0,273.9,False,False,0,False
2026-02-17,Deira Depot,DEI,Beverages,Orange Juice 1L,94,6.0,3.3,564.0,310.2,False,False,1,False
2026-02-18,Deira Depot,DEI,Beverages,Orange Juice 1L,70,6.0,3.3,420.0,231.0,False,False,2,False
2026-02-19,Deira Depot,DEI,Beverages,Orange Juice 1L,81,6.0,3.3,486.0,267.3,False,False,3,False
2026-02-20,Deira Depot,DEI,Beverages,Orange Juice 1L,74,6.0,3.3,444.0,244.2,False,False,4,False
2026-02-21,Deira Depot,DEI,Beverages,Orange Juice 1L,72,6.0,3.3,432.0,237.6,False,False,5,True
2026-02-22,Deira Depot,DEI,Beverages,Orange Juice 1L,80,6.0,3.3,480.0,264.0,False,False,6,True
2026-02-23,Deira Depot,DEI,Beverages,Orange Juice 1L,42,6.0,3.3,252.0,138.6,False,False,0,False
2026-02-24,Deira Depot,DEI,Beverages,Orange Juice 1L,74,6.0,3.3,444.0,244.2,False,False,1,False
2026-02-25,Deira Depot,DEI,Beverages,Orange Juice 1L,65,6.0,3.3,390.0,214.5,False,False,2,False
2026-02-26,Deira Depot,DEI,Beverages,Orange Juice 1L,75,6.0,3.3,450.0,247.5,False,True,3,False
2026-02-27,Deira Depot,DEI,Beverages,Orange Juice 1L,82,6.0,3.3,492.0,270.6,False,False,4,False
2026-02-28,Deira Depot,DEI,Beverages,Orange Juice 1L,78,6.0,3.3,468.0,257.4,False,False,5,True
2026-03-01,Deira Depot,DEI,Beverages,Orange Juice 1L,84,6.0,3.3,504.0,277.2,False,False,6,True
2026-03-02,Deira Depot,DEI,Beverages,Orange Juice 1L,76,6.0,3.3,456.0,250.8,False,False,0,False
2026-03-03,Deira Depot,DEI,Beverages,Orange Juice 1L,76,6.0,3.3,456.0,250.8,False,False,1,False
2026-03-04,Deira Depot,DEI,Beverages,Orange Juice 1L,74,6.0,3.3,444.0,244.2,False,False,2,False
2026-03-05,Deira Depot,DEI,Beverages,Orange Juice 1L,83,6.0,3.3,498.0,273.9,False,False,3,False
2026-03-06,Deira Depot,DEI,Beverages,Orange Juice 1L,85,6.0,3.3,510.0,280.5,False,False,4,False
2026-03-07,Deira Depot,DEI,Beverages,Orange Juice 1L,120,6.0,3.3,720.0,396.0,False,False,5,True
2026-03-08,Deira Depot,DEI,Beverages,Orange Juice 1L,90,6.0,3.3,540.0,297.0,False,False,6,True
2026-03-09,Deira Depot,DEI,Beverages,Orange Juice 1L,69,6.0,3.3,414.0,227.7,False,False,0,False
2026-03-10,Deira Depot,DEI,Beverages,Orange Juice 1L,47,6.0,3.3,282.0,155.1,False,False,1,False
2026-03-11,Deira Depot,DEI,Beverages,Orange Juice 1L,78,6.0,3.3,468.0,257.4,False,False,2,False
2026-03-12,Deira Depot,DEI,Beverages,Orange Juice 1L,98,6.0,3.3,588.0,323.4,False,False,3,False
2026-03-13,Deira Depot,DEI,Beverages,Orange Juice 1L,76,6.0,3.3,456.0,250.8,False,False,4,False
2026-03-14,Deira Depot,DEI,Beverages,Orange Juice 1L,60,6.0,3.3,360.0,198.0,False,False,5,True
2026-03-15,Deira Depot,DEI,Beverages,Orange Juice 1L,76,6.0,3.3,456.0,250.8,False,False,6,True
2026-03-16,Deira Depot,DEI,Beverages,Orange Juice 1L,105,4.8,3.3,504.0,346.5,True,False,0,False
2026-03-17,Deira Depot,DEI,Beverages,Orange Juice 1L,80,6.0,3.3,480.0,264.0,False,False,1,False
2026-03-18,Deira Depot,DEI,Beverages,Orange Juice 1L,87,6.0,3.3,522.0,287.1,False,False,2,False
2026-03-19,Deira Depot,DEI,Beverages,Orange Juice 1L,66,6.0,3.3,396.0,217.8,False,False,3,False
2026-03-20,Deira Depot,DEI,Beverages,Orange Juice 1L,62,6.0,3.3,372.0,204.6,False,False,4,False
2026-03-21,Deira Depot,DEI,Beverages,Orange Juice 1L,145,4.8,3.3,696.0,478.5,True,False,5,True
2026-03-22,Deira Depot,DEI,Beverages,Orange Juice 1L,83,6.0,3.3,498.0,273.9,False,False,6,True
2026-03-23,Deira Depot,DEI,Beverages,Orange Juice 1L,55,6.0,3.3,330.0,181.5,False,False,0,False
2026-03-24,Deira Depot,DEI,Beverages,Orange Juice 1L,57,6.0,3.3,342.0,188.1,False,False,1,False
2026-03-25,Deira Depot,DEI,Beverages,Orange Juice 1L,92,6.0,3.3,552.0,303.6,False,False,2,False
2026-03-26,Deira Depot,DEI,Beverages,Orange Juice 1L,77,6.0,3.3,462.0,254.1,False,False,3,False
2026-03-27,Deira Depot,DEI,Beverages,Orange Juice 1L,83,6.0,3.3,498.0,273.9,False,False,4,False
2026-03-28,Deira Depot,DEI,Beverages,Orange Juice 1L,97,6.0,3.3,582.0,320.1,False,False,5,True
2026-03-29,Deira Depot,DEI,Beverages,Orange Juice 1L,76,6.0,3.3,456.0,250.8,False,False,6,True
