data/sample_grocery_data.csv
date,store,store_id,category,sku,units_sold,price,unit_cost,revenue,cost,promotion,stockout,day_of_week,is_weekend
2025-10-01,Deira Depot,DEI,Household,Paper Towels 2pk,26,12.0,6.6,312.0,171.6,False,False,2,False
2025-10-02,Deira Depot,DEI,Household,Paper Towels 2pk,27,12.0,6.6,324.0,178.2,False,False,3,False
2025-10-03,Deira Depot,DEI,Household,Paper Towels 2pk,29,12.0,6.6,348.0,191.4,False,False,4,False
2025-10-04,Deira Depot,DEI,Household,Paper Towels 2pk,31,12.0,6.6,372.0,204.6,False,False,5,True
2025-10-05,Deira Depot,DEI,Household,Paper Towels 2pk,27,12.0,6.6,324.0,178.2,False,False,6,True
2025-10-06,Deira Depot,DEI,Household,Paper Towels 2pk,23,12.0,6.6,276.0,151.8,False,False,0,False
2025-10-07,Deira Depot,DEI,Household,Paper Towels 2pk,25,12.0,6.6,300.0,165.0,False,False,1,False
2025-10-08,Deira Depot,DEI,Household,Paper Towels 2pk,24,12.0,6.6,288.0,158.4,False,False,2,False
2025-10-09,Deira Depot,DEI,Household,Paper Towels 2pk,23,12.0,6.6,276.0,151.8,False,False,3,False
2025-10-10,Deira Depot,DEI,Household,Paper Towels 2pk,28,12.0,6.6,336.0,184.8,False,False,4,False
2025-10-11,Deira Depot,DEI,Household,Paper Towels 2pk,63,9.6,6.6,604.8,415.8,True,False,5,True
2025-10-12,Deira Depot,DEI,Household,Paper Towels 2pk,50,9.6,6.6,480.0,330.0,True,False,6,True
2025-10-13,Deira Depot,DEI,Household,Paper Towels 2pk,22,12.0,6.6,264.0,145.2,False,False,0,False
2025-10-14,Deira Depot,DEI,Household,Paper Towels 2pk,22,12.0,6.6,264.0,145.2,False,False,1,False
2025-10-15,Deira Depot,DEI,Household,Paper Towels 2pk,27,12.0,6.6,324.0,178.2,False,False,2,False
2025-10-16,Deira Depot,DEI,Household,Paper Towels 2pk,26,12.0,6.6,312.0,171.6,False,False,3,False
2025-10-17,Deira Depot,DEI,Household,Paper Towels 2pk,26,12.0,6.6,312.0,171.6,False,False,4,False
2025-10-18,Deira Depot,DEI,Household,Paper Towels 2pk,36,12.0,6.6,432.0,237.6,False,False,5,True
2025-10-19,Deira Depot,DEI,Household,Paper Towels 2pk,30,12.0,6.6,360.0,198.0,False,False,6,True
2025-10-20,Deira Depot,DEI,Household,Paper Towels 2pk,24,12.0,6.6,288.0,158.4,False,False,0,False
2025-10-21,Deira Depot,DEI,Household,Paper Towels 2pk,26,12.0,6.6,312.0,171.6,False,False,1,False
2025-10-22,Deira Depot,DEI,Household,Paper Towels 2pk,29,12.0,6.6,348.0,191.4,False,False,2,False
2025-10-23,Deira Depot,DEI,Household,Paper Towels 2pk,31,12.0,6.6,372.0,204.6,False,False,3,False
2025-10-24,Deira Depot,DEI,Household,Paper Towels 2pk,45,9.6,6.6,432.0,297.0,True,False,4,False
2025-10-25,Deira Depot,DEI,Household,Paper Towels 2pk,30,12.0,6.6,360.0,198.0,False,False,5,True
2025-10-26,Deira Depot,DEI,Household,Paper Towels 2pk,34,12.0,6.6,408.0,224.4,False,False,6,True
2025-10-27,Deira Depot,DEI,Household,Paper Towels 2pk,21,12.0,6.6,252.0,138.6,False,False,0,False
2025-10-28,Deira Depot,DEI,Household,Paper Towels 2pk,24,12.0,6.6,288.0,158.4,False,False,1,False
2025-10-29,Deira Depot,DEI,Household,Paper Towels 2pk,24,12.0,6.6,288.0,158.4,False,False,2,False
2025-10-30,Deira Depot,DEI,Household,Paper Towels 2pk,20,12.0,6.6,240.0,132.0,False,True,3,False
2025-10-31,Deira Depot,DEI,Household,Paper Towels 2pk,31,12.0,6.6,372.0,204.6,False,False,4,False
2025-11-01,Deira Depot,DEI,Household,Paper Towels 2pk,35,12.0,6.6,420.0,231.0,False,False,5,True
2025-11-02,Deira Depot,DEI,Household,Paper Towels 2pk,30,12.0,6.6,360.0,198.0,False,False,6,True
2025-11-03,Deira Depot,DEI,Household,Paper Towels 2pk,20,12.0,6.6,240.0,132.0,False,False,0,False
2025-11-04,Deira Depot,DEI,Household,Paper Towels 2pk,33,9.6,6.6,316.8,217.8,True,False,1,False
2025-11-05,Deira Depot,DEI,Household,Paper Towels 2pk,24,12.0,6.6,288.0,158.4,False,False,2,False
2025-11-06,Deira Depot,DEI,Household,Paper Towels 2pk,30,12.0,6.6,360.0,198.0,False,False,3,False
2025-11-07,Deira Depot,DEI,Household,Paper Towels 2pk,32,12.0,6.6,384.0,211.2,False,False,4,False
2025-11-08,Deira Depot,DEI,Household,Paper Towels 2pk,27,12.0,6.6,324.0,178.2,False,False,5,True
2025-11-09,Deira Depot,DEI,Household,Paper Towels 2pk,30,12.0,6.6,360.0,198.0,False,False,6,True
2025-11-10,Deira Depot,DEI,Household,Paper Towels 2pk,17,12.0,6.6,204.0,112.2,False,False,0,False
2025-11-11,Deira Depot,DEI,Household,Paper Towels 2pk,22,12.0,6.6,264.0,145.2,False,False,1,False
2025-11-12,Deira Depot,DEI,Household,Paper Towels 2pk,24,12.0,6.6,288.0,158.4,False,False,2,False
2025-11-13,Deira Depot,DEI,Household,Paper Towels 2pk,25,12.0,6.6,300.0,165.0,False,True,3,False
2025-11-14,Deira Depot,DEI,Household,Paper Towels 2pk,30,12.0,6.6,360.0,198.0,False,True,4,False
2025-11-15,Deira Depot,DEI,Household,Paper Towels 2pk,39,12.0,6.6,468.0,257.4,False,False,5,True
2025-11-16,Deira Depot,DEI,Household,Paper Towels 2pk,54,9.6,6.6,518.4,356.4,True,True,6,True
2025-11-17,Deira Depot,DEI,Household,Paper Towels 2pk,24,12.0,6.6,288.0,158.4,False,True,0,False
2025-11-18,Deira Depot,DEI,Household,Paper Towels 2pk,31,12.0,6.6,372.0,204.6,False,False,1,False
2025-11-19,Deira Depot,DEI,Household,Paper Towels 2pk,23,12.0,6.6,276.0,151.8,False,False,2,False
2025-11-20,Deira Depot,DEI,Household,Paper Towels 2pk,26,12.0,6.6,312.0,171.6,False,False,3,False
2025-11-21,Deira Depot,DEI,Household,Paper Towels 2pk,30,12.0,6.6,360.0,198.0,False,False,4,False
2025-11-22,Deira Depot,DEI,Household,Paper Towels 2pk,37,12.0,6.6,444.0,244.2,False,False,5,True
2025-11-23,Deira Depot,DEI,Household,Paper Towels 2pk,34,12.0,6.6,408.0,224.4,False,False,6,True
2025-11-24,Deira Depot,DEI,Household,Paper Towels 2pk,22,12.0,6.6,264.0,145.2,False,False,0,False
2025-11-25,Deira Depot,DEI,Household,Paper Towels 2pk,37,9.6,6.6,355.2,244.2,True,False,1,False
2025-11-26,Deira Depot,DEI,Household,Paper Towels 2pk,28,12.0,6.6,336.0,184.8,False,False,2,False
2025-11-27,Deira Depot,DEI,Household,Paper Towels 2pk,27,12.0,6.6,324.0,178.2,False,False,3,False
2025-11-28,Deira Depot,DEI,Household,Paper Towels 2pk,27,12.0,6.6,324.0,178.2,False,False,4,False
2025-11-29,Deira Depot,DEI,Household,Paper Towels 2pk,31,12.0,6.6,372.0,204.6,False,False,5,True
2025-11-30,Deira Depot,DEI,Household,Paper Towels 2pk,33,12.0,6.6,396.0,217.8,False,False,6,True
2025-12-01,Deira Depot,DEI,Household,Paper Towels 2pk,21,12.0,6.6,252.0,138.6,False,False,0,False
2025-12-02,Deira Depot,DEI,Household,Paper Towels 2pk,23,12.0,6.6,276.0,151.8,False,True,1,False
2025-12-03,Deira Depot,DEI,Household,Paper Towels 2pk,49,9.6,6.6,470.4,323.4,True,False,2,False
2025-12-04,Deira Depot,DEI,Household,Paper Towels 2pk,27,12.0,6.6,324.0,178.2,False,False,3,False
2025-12-05,Deira Depot,DEI,Household,Paper Towels 2pk,30,12.0,6.6,360.0,198.0,False,False,4,False
2025-12-06,Deira Depot,DEI,Household,Paper Towels 2pk,40,12.0,6.6,480.0,264.0,False,False,5,True
2025-12-07,Deira Depot,DEI,Household,Paper Towels 2pk,28,12.0,6.6,336.0,184.8,False,False,6,True
2025-12-08,Deira Depot,DEI,Household,Paper Towels 2pk,26,12.0,6.6,312.0,171.6,False,False,0,False
2025-12-09,Deira Depot,DEI,Household,Paper Towels 2pk,23,12.0,6.6,276.0,151.8,False,False,1,False
2025-12-10,Deira Depot,DEI,Household,Paper Towels 2pk,29,12.0,6.6,348.0,191.4,False,False,2,False
2025-12-11,Deira Depot,DEI,Household,Paper Towels 2pk,28,12.0,6.6,336.0,184.8,False,False,3,False
2025-12-12,Deira Depot,DEI,Household,Paper Towels 2pk,24,12.0,6.6,288.0,158.4,False,False,4,False
2025-12-13,Deira Depot,DEI,Household,Paper Towels 2pk,35,12.0,6.6,420.0,231.0,False,False,5,True
2025-12-14,Deira Depot,DEI,Household,Paper Towels 2pk,51,9.6,6.6,489.6,336.6,True,False,6,True
2025-12-15,Deira Depot,DEI,Household,Paper Towels 2pk,24,12.0,6.6,288.0,158.4,False,False,0,False
2025-12-16,Deira Depot,DEI,Household,Paper Towels 2pk,24,12.0,6.6,288.0,158.4,False,False,1,False
2025-12-17,Deira Depot,DEI,Household,Paper Towels 2pk,22,12.0,6.6,264.0,145.2,False,False,2,False
2025-12-18,Deira Depot,DEI,Household,Paper Towels 2pk,27,12.0,6.6,324.0,178.2,False,False,3,False
2025-12-19,Deira Depot,DEI,Household,Paper Towels 2pk,27,12.0,6.6,324.0,178.2,False,False,4,False
2025-12-20,Deira Depot,DEI,Household,Paper Towels 2pk,35,12.0,6.6,420.0,231.0,False,False,5,True
2025-12-21,Deira Depot,DEI,Household,Paper Towels 2pk,25,12.0,6.6,300.0,165.0,False,False,6,True
2025-12-22,Deira Depot,DEI,Household,Paper Towels 2pk,21,12.0,6.6,252.0,138.6,False,False,0,False
2025-12-23,Deira Depot,DEI,Household,Paper Towels 2pk,25,12.0,6.6,300.0,165.0,False,False,1,False
2025-12-24,Deira Depot,DEI,Household,Paper Towels 2pk,26,12.0,6.6,312.0,171.6,False,False,2,False
2025-12-25,Deira Depot,DEI,Household,Paper Towels 2pk,24,12.0,6.6,288.0,158.4,False,False,3,False
2025-12-26,Deira Depot,DEI,Household,Paper Towels 2pk,31,12.0,6.6,372.0,204.6,False,False,4,False
2025-12-27,Deira Depot,DEI,Household,Paper Towels 2pk,34,12.0,6.6,408.0,224.4,False,False,5,True
2025-12-28,Deira Depot,DEI,Household,Paper Towels 2pk,30,12.0,6.6,360.0,198.0,False,False,6,True
2025-12-29,Deira Depot,DEI,Household,Paper Towels 2pk,26,12.0,6.6,312.0,171.6,False,False,0,False
2025-12-30,Deira Depot,DEI,Household,Paper Towels 2pk,28,9.6,6.6,268.8,184.8,True,False,1,False
2025-12-31,Deira Depot,DEI,Household,Paper Towels 2pk,29,12.0,6.6,348.0,191.4,False,False,2,False
2026-01-01,Deira Depot,DEI,Household,Paper Towels 2pk,32,12.0,6.6,384.0,211.2,False,False,3,False
2026-01-02,Deira Depot,DEI,Household,Paper Towels 2pk,44,9.6,6.6,422.4,290.4,True,False,4,False
2026-01-03,Deira Depot,DEI,Household,Paper Towels 2pk,39,12.0,6.6,468.0,257.4,False,False,5,True
2026-01-04,Deira Depot,DEI,Household,Paper Towels 2pk,33,12.0,6.6,396.0,217.8,False,False,6,True
2026-01-05,Deira Depot,DEI,Household,Paper Towels 2pk,22,12.0,6.6,264.0,145.2,False,False,0,False
2026-01-06,Deira Depot,DEI,Household,Paper Towels 2pk,23,12.0,6.6,276.0,151.8,False,False,1,False
2026-01-07,Deira Depot,DEI,Household,Paper Towels 2pk,23,12.0,6.6,276.0,151.8,False,False,2,False
2026-01-08,Deira Depot,DEI,Household,Paper Towels 2pk,31,12.0,6.6,372.0,204.6,False,False,3,False
2026-01-09,Deira Depot,DEI,Household,Paper Towels 2pk,30,12.0,6.6,360.0,198.0,False,False,4,False
2026-01-10,Deira Depot,DEI,Household,Paper Towels 2pk,31,12.0,6.6,372.0,204.6,False,False,5,True
2026-01-11,Deira Depot,DEI,Household,Paper Towels 2pk,29,12.0,6.6,348.0,191.4,False,False,6,True
2026-01-12,Deira Depot,DEI,Household,Paper Towels 2pk,37,9.6,6.6,355.2,244.2,True,False,0,False
2026-01-13,Deira Depot,DEI,Household,Paper Towels 2pk,25,12.0,6.6,300.0,165.0,False,False,1,False
2026-01-14,Deira Depot,DEI,Household,Paper Towels 2pk,27,12.0,6.6,324.0,178.2,False,False,2,False
2026-01-15,Deira Depot,DEI,Household,Paper Towels 2pk,26,12.0,6.6,312.0,171.6,False,True,3,False
2026-01-16,Deira Depot,DEI,Household,Paper Towels 2pk,37,9.6,6.6,355.2,244.2,True,False,4,False
2026-01-17,Deira Depot,DEI,Household,Paper Towels 2pk,36,12.0,6.6,432.0,237.6,False,False,5,True
2026-01-18,Deira Depot,DEI,Household,Paper Towels 2pk,33,12.0,6.6,396.0,217.8,False,False,6,True
2026-01-19,Deira Depot,DEI,Household,Paper Towels 2pk,24,12.0,6.6,288.0,158.4,False,False,0,False
2026-01-20,Deira Depot,DEI,Household,Paper Towels 2pk,20,12.0,6.6,240.0,132.0,False,False,1,False
2026-01-21,Deira Depot,DEI,Household,Paper Towels 2pk,27,12.0,6.6,324.0,178.2,False,False,2,False
2026-01-22,Deira Depot,DEI,Household,Paper Towels 2pk,29,12.0,6.6,348.0,191.4,False,False,3,False
2026-01-23,Deira Depot,DEI,Household,Paper Towels 2pk,25,12.0,6.6,300.0,165.0,False,False,4,False
2026-01-24,Deira Depot,DEI,Household,Paper Towels 2pk,35,12.0,6.6,420.0,231.0,False,False,5,True
2026-01-25,Deira Depot,DEI,Household,Paper Towels 2pk,28,12.0,6.6,336.0,184.8,False,False,6,True
2026-01-26,Deira Depot,DEI,Household,Paper Towels 2pk,23,12.0,6.6,276.0,151.8,False,False,0,False
2026-01-27,Deira Depot,DEI,Household,Paper Towels 2pk,20,12.0,6.6,240.0,132.0,False,False,1,False
2026-01-28,Deira Depot,DEI,Household,Paper Towels 2pk,25,12.0,6.6,300.0,165.0,False,False,2,False
2026-01-29,Deira Depot,DEI,Household,Paper Towels 2pk,26,12.0,6.6,312.0,171.6,False,False,3,False
2026-01-30,Deira Depot,DEI,Household,Paper Towels 2pk,28,12.0,6.6,336.0,184.8,False,False,4,False
2026-01-31,Deira Depot,DEI,Household,Paper Towels 2pk,28,12.0,6.6,336.0,184.8,False,False,5,True
2026-02-01,Deira Depot,DEI,Household,Paper Towels 2pk,25,12.0,6.6,300.0,165.0,False,True,6,True
2026-02-02,Deira Depot,DEI,Household,Paper Towels 2pk,23,12.0,6.6,276.0,151.8,False,False,0,False
2026-02-03,Deira Depot,DEI,Household,Paper Towels 2pk,30,12.0,6.6,360.0,198.0,False,False,1,False
2026-02-04,Deira Depot,DEI,Household,Paper Towels 2pk,24,12.0,6.6,288.0,158.4,False,False,2,False
2026-02-05,Deira Depot,DEI,Household,Paper Towels 2pk,33,12.0,6.6,396.0,217.8,False,False,3,False
2026-02-06,Deira Depot,DEI,Household,Paper Towels 2pk,28,12.0,6.6,336.0,184.8,False,False,4,False
2026-02-07,Deira Depot,DEI,Household,Paper Towels 2pk,33,12.0,6.6,396.0,217.8,False,False,5,True
2026-02-08,Deira Depot,DEI,Household,Paper Towels 2pk,30,12.0,6.6,360.0,198.0,False,False,6,True
2026-02-09,Deira Depot,DEI,Household,Paper Towels 2pk,25,12.0,6.6,300.0,165.0,False,False,0,False
2026-02-10,Deira Depot,DEI,Household,Paper Towels 2pk,23,12.0,6.6,276.0,151.8,False,False,1,False
2026-02-11,Deira Depot,DEI,Household,Paper Towels 2pk,23,12.0,6.6,276.0,151.8,False,False,2,False
2026-02-12,Deira Depot,DEI,Household,Paper Towels 2pk,28,12.0,6.6,336.0,184.8,False,False,3,False
2026-02-13,Deira Depot,DEI,Household,Paper Towels 2pk,28,12.0,6.6,336.0,184.8,False,False,4,False
2026-02-14,Deira Depot,DEI,Household,Paper Towels 2pk,35,12.0,6.6,420.0,231.0,False,True,5,True
2026-02-15,Deira Depot,DEI,Household,Paper Towels 2pk,29,12.0,6.6,348.0,191.4,False,False,6,True
2026-02-16,Deira Depot,DEI,Household,Paper Towels 2pk,22,12.0,6.6,264.0,145.2,False,False,0,False
2026-02-17,Deira Depot,DEI,Household,Paper Towels 2pk,22,12.0,6.6,264.0,145.2,False,False,1,False
2026-02-18,Deira Depot,DEI,Household,Paper Towels 2pk,26,12.0,6.6,312.0,171.6,False,False,2,False
2026-02-19,Deira Depot,DEI,Household,Paper Towels 2pk,30,12.0,6.6,360.0,198.0,False,False,3,False
2026-02-20,Deira Depot,DEI,Household,Paper Towels 2pk,31,12.0,6.6,372.0,204.6,False,False,4,False
2026-02-21,Deira Depot,DEI,Household,Paper Towels 2pk,31,12.0,6.6,372.0,204.6,False,False,5,True
2026-02-22,Deira Depot,DEI,Household,Paper Towels 2pk,36,12.0,6.6,432.0,237.6,False,False,6,True
2026-02-23,Deira Depot,DEI,Household,Paper Towels 2pk,24,12.0,6.6,288.0,158.4,False,False,0,False
2026-02-24,Deira Depot,DEI,Household,Paper Towels 2pk,31,12.0,6.6,372.0,204.6,False,False,1,False
2026-02-25,Deira Depot,DEI,Household,Paper Towels 2pk,25,12.0,6.6,300.0,165.0,False,False,2,False
2026-02-26,Deira Depot,DEI,Household,Paper Towels 2pk,27,12.0,6.6,324.0,178.2,False,False,3,False
2026-02-27,Deira Depot,DEI,Household,Paper Towels 2pk,29,12.0,6.6,348.0,191.4,False,False,4,False
2026-02-28,Deira Depot,DEI,Household,Paper Towels 2pk,37,12.0,6.6,444.0,244.2,False,False,5,True
2026-03-01,Deira Depot,DEI,Household,Paper Towels 2pk,58,9.6,6.6,556.8,382.8,True,False,6,True
2026-03-02,Deira Depot,DEI,Household,Paper Towels 2pk,27,12.0,6.6,324.0,178.2,False,False,0,False
2026-03-03,Deira Depot,DEI,Household,Paper Towels 2pk,25,12.0,6.6,300.0,165.0,False,False,1,False
2026-03-04,Deira Depot,DEI,Household,Paper Towels 2pk,26,12.0,6.6,312.0,171.6,False,False,2,False
2026-03-05,Deira Depot,DEI,Household,Paper Towels 2pk,30,12.0,6.6,360.0,198.0,False,False,3,False
2026-03-06,Deira Depot,DEI,Household,Paper Towels 2pk,31,12.0,6.6,372.0,204.6,False,False,4,False
2026-03-07,Deira Depot,DEI,Household,Paper Towels 2pk,33,12.0,6.6,396.0,217.8,False,False,5,True
2026-03-08,Deira Depot,DEI,Household,Paper Towels 2pk,36,12.0,6.6,432.0,237.6,False,False,6,True
2026-03-09,Deira Depot,DEI,Household,Paper Towels 2pk,23,12.0,6.6,276.0,151.8,False,False,0,False
2026-03-10,Deira Depot,DEI,Household,Paper Towels 2pk,29,12.0,6.6,348.0,191.4,False,False,1,False
2026-03-11,Deira Depot,DEI,Household,Paper Towels 2pk,30,12.0,6.6,360.0,198.0,False,False,2,False
2026-03-12,Deira Depot,DEI,Household,Paper Towels 2pk,31,12.0,6.6,372.0,204.6,False,False,3,False
2026-03-13,Deira Depot,DEI,Household,Paper Towels 2pk,26,12.0,6.6,312.0,171.6,False,False,4,False
2026-03-14,Deira Depot,DEI,Household,Paper Towels 2pk,50,9.6,6.6,480.0,330.0,True,False,5,True
2026-03-15,Deira Depot,DEI,Household,Paper Towels 2pk,35,12.0,6.6,420.0,231.0,False,False,6,True
2026-03-16,Deira Depot,DEI,Household,Paper Towels 2pk,29,12.0,6.6,348.0,191.4,False,False,0,False
2026-03-17,Deira Depot,DEI,Household,Paper Towels 2pk,23,12.0,6.6,276.0,151.8,False,False,1,False
2026-03-18,Deira Depot,DEI,Household,Paper Towels 2pk,30,12.0,6.6,360.0,198.0,False,False,2,False
2026-03-19,Deira Depot,DEI,Household,Paper Towels 2pk,28,12.0,6.6,336.0,184.8,False,False,3,False
2026-03-20,Deira Depot,DEI,Household,Paper Towels 2pk,35,12.0,6.6,420.0,231.0,False,False,4,False
2026-03-21,Deira Depot,DEI,Household,Paper Towels 2pk,35,12.0,6.6,420.0,231.0,False,False,5,True
2026-03-22,Deira Depot,DEI,Household,Paper Towels 2pk,33,12.0,6.6,396.0,217.8,False,False,6,True
2026-03-23,Deira Depot,DEI,Household,Paper Towels 2pk,26,12.0,6.6,312.0,171.6,False,False,0,False
2026-03-24,Deira Depot,DEI,Household,Paper Towels 2pk,29,12.0,6.6,348.0,191.4,False,False,1,False
2026-03-25,Deira Depot,DEI,Household,Paper Towels 2pk,26,12.0,6.6,312.0,171.6,False,True,2,False
2026-03-26,Deira Depot,DEI,Household,Paper Towels 2pk,51,9.6,6.6,489.6,336.6,True,False,3,False
2026-03-27,Deira Depot,DEI,Household,Paper Towels 2pk,34,12.0,6.6,408.0,224.4,False,False,4,False
2026-03-28,Deira Depot,DEI,Household,Paper Towels 2pk,37,12.0,6.6,444.0,244.2,False,False,5,True
2026-03-29,Deira Depot,DEI,Household,Paper Towels 2pk,32,12.0,6.6,384.0,211.2,False,False,6,True
