data/sample_grocery_data.csv
date,store,store_id,category,sku,units_sold,price,unit_cost,revenue,cost,promotion,stockout,day_of_week,is_weekend
2025-10-01,Deira Depot,DEI,Snacks,Popcorn 100g,99,3.2,2.2,316.8,217.8,True,False,2,False
2025-10-02,Deira Depot,DEI,Snacks,Popcorn 100g,95,4.0,2.2,380.0,209.0,False,False,3,False
2025-10-03,Deira Depot,DEI,Snacks,Popcorn 100g,69,4.0,2.2,276.0,151.8,False,False,4,False
2025-10-04,Deira Depot,DEI,Snacks,Popcorn 100g,67,4.0,2.2,268.0,147.4,False,False,5,True
2025-10-05,Deira Depot,DEI,Snacks,Popcorn 100g,58,4.0,2.2,232.0,127.6,False,False,6,True
2025-10-06,Deira Depot,DEI,Snacks,Popcorn 100g,71,4.0,2.2,284.0,156.2,False,False,0,False
2025-10-07,Deira Depot,DEI,Snacks,Popcorn 100g,56,4.0,2.2,224.0,123.2,False,False,1,False
2025-10-08,Deira Depot,DEI,Snacks,Popcorn 100g,72,4.0,2.2,288.0,158.4,False,False,2,False
2025-10-09,Deira Depot,DEI,Snacks,Popcorn 100g,84,4.0,2.2,336.0,184.8,False,False,3,False
2025-10-10,Deira Depot,DEI,Snacks,Popcorn 100g,46,4.0,2.2,184.0,101.2,False,False,4,False
2025-10-11,Deira Depot,DEI,Snacks,Popcorn 100g,99,4.0,2.2,396.0,217.8,False,False,5,True
2025-10-12,Deira Depot,DEI,Snacks,Popcorn 100g,76,4.0,2.2,304.0,167.2,False,False,6,True
2025-10-13,Deira Depot,DEI,Snacks,Popcorn 100g,42,4.0,2.2,168.0,92.4,False,False,0,False
2025-10-14,Deira Depot,DEI,Snacks,Popcorn 100g,95,3.2,2.2,304.0,209.0,True,True,1,False
2025-10-15,Deira Depot,DEI,Snacks,Popcorn 100g,61,4.0,2.2,244.0,134.2,False,False,2,False
2025-10-16,Deira Depot,DEI,Snacks,Popcorn 100g,65,4.0,2.2,260.0,143.0,False,False,3,False
2025-10-17,Deira Depot,DEI,Snacks,Popcorn 100g,49,4.0,2.2,196.0,107.8,False,False,4,False
2025-10-18,Deira Depot,DEI,Snacks,Popcorn 100g,92,3.2,2.2,294.4,202.4,True,False,5,True
2025-10-19,Deira Depot,DEI,Snacks,Popcorn 100g,122,3.2,2.2,390.4,268.4,True,False,6,True
2025-10-20,Deira Depot,DEI,Snacks,Popcorn 100g,79,4.0,2.2,316.0,173.8,False,False,0,False
2025-10-21,Deira Depot,DEI,Snacks,Popcorn 100g,53,4.0,2.2,212.0,116.6,False,False,1,False
2025-10-22,Deira Depot,DEI,Snacks,Popcorn 100g,50,4.0,2.2,200.0,110.0,False,False,2,False
2025-10-23,Deira Depot,DEI,Snacks,Popcorn 100g,85,4.0,2.2,340.0,187.0,False,True,3,False
2025-10-24,Deira Depot,DEI,Snacks,Popcorn 100g,73,4.0,2.2,292.0,160.6,False,False,4,False
2025-10-25,Deira Depot,DEI,Snacks,Popcorn 100g,72,4.0,2.2,288.0,158.4,False,False,5,True
2025-10-26,Deira Depot,DEI,Snacks,Popcorn 100g,79,4.0,2.2,316.0,173.8,False,False,6,True
2025-10-27,Deira Depot,DEI,Snacks,Popcorn 100g,37,4.0,2.2,148.0,81.4,False,False,0,False
2025-10-28,Deira Depot,DEI,Snacks,Popcorn 100g,58,4.0,2.2,232.0,127.6,False,False,1,False
2025-10-29,Deira Depot,DEI,Snacks,Popcorn 100g,56,4.0,2.2,224.0,123.2,False,False,2,False
2025-10-30,Deira Depot,DEI,Snacks,Popcorn 100g,63,4.0,2.2,252.0,138.6,False,False,3,False
2025-10-31,Deira Depot,DEI,Snacks,Popcorn 100g,58,4.0,2.2,232.0,127.6,False,False,4,False
2025-11-01,Deira Depot,DEI,Snacks,Popcorn 100g,91,4.0,2.2,364.0,200.2,False,False,5,True
2025-11-02,Deira Depot,DEI,Snacks,Popcorn 100g,81,4.0,2.2,324.0,178.2,False,False,6,True
2025-11-03,Deira Depot,DEI,Snacks,Popcorn 100g,56,4.0,2.2,224.0,123.2,False,False,0,False
2025-11-04,Deira Depot,DEI,Snacks,Popcorn 100g,54,4.0,2.2,216.0,118.8,False,False,1,False
2025-11-05,Deira Depot,DEI,Snacks,Popcorn 100g,45,4.0,2.2,180.0,99.0,False,False,2,False
2025-11-06,Deira Depot,DEI,Snacks,Popcorn 100g,96,4.0,2.2,384.0,211.2,False,False,3,False
2025-11-07,Deira Depot,DEI,Snacks,Popcorn 100g,40,4.0,2.2,160.0,88.0,False,False,4,False
2025-11-08,Deira Depot,DEI,Snacks,Popcorn 100g,108,3.2,2.2,345.6,237.6,True,False,5,True
2025-11-09,Deira Depot,DEI,Snacks,Popcorn 100g,76,4.0,2.2,304.0,167.2,False,False,6,True
2025-11-10,Deira Depot,DEI,Snacks,Popcorn 100g,77,4.0,2.2,308.0,169.4,False,False,0,False
2025-11-11,Deira Depot,DEI,Snacks,Popcorn 100g,73,4.0,2.2,292.0,160.6,False,False,1,False
2025-11-12,Deira Depot,DEI,Snacks,Popcorn 100g,93,4.0,2.2,372.0,204.6,False,False,2,False
2025-11-13,Deira Depot,DEI,Snacks,Popcorn 100g,87,4.0,2.2,348.0,191.4,False,False,3,False
2025-11-14,Deira Depot,DEI,Snacks,Popcorn 100g,76,4.0,2.2,304.0,167.2,False,False,4,False
2025-11-15,Deira Depot,DEI,Snacks,Popcorn 100g,103,4.0,2.2,412.0,226.6,False,False,5,True
2025-11-16,Deira Depot,DEI,Snacks,Popcorn 100g,77,4.0,2.2,308.0,169.4,False,False,6,True
2025-11-17,Deira Depot,DEI,Snacks,Popcorn 100g,26,4.0,2.2,104.0,57.2,False,False,0,False
2025-11-18,Deira Depot,DEI,Snacks,Popcorn 100g,49,4.0,2.2,196.0,107.8,False,False,1,False
2025-11-19,Deira Depot,DEI,Snacks,Popcorn 100g,121,3.2,2.2,387.2,266.2,True,False,2,False
2025-11-20,Deira Depot,DEI,Snacks,Popcorn 100g,78,4.0,2.2,312.0,171.6,False,False,3,False
2025-11-21,Deira Depot,DEI,Snacks,Popcorn 100g,84,4.0,2.2,336.0,184.8,False,False,4,False
2025-11-22,Deira Depot,DEI,Snacks,Popcorn 100g,67,4.0,2.2,268.0,147.4,False,False,5,True
2025-11-23,Deira Depot,DEI,Snacks,Popcorn 100g,61,4.0,2.2,244.0,134.2,False,False,6,True
2025-11-24,Deira Depot,DEI,Snacks,Popcorn 100g,48,4.0,2.2,192.0,105.6,False,False,0,False
2025-11-25,Deira Depot,DEI,Snacks,Popcorn 100g,70,4.0,2.2,280.0,154.0,False,False,1,False
2025-11-26,Deira Depot,DEI,Snacks,Popcorn 100g,84,4.0,2.2,336.0,184.8,False,False,2,False
2025-11-27,Deira Depot,DEI,Snacks,Popcorn 100g,63,4.0,2.2,252.0,138.6,False,False,3,False
2025-11-28,Deira Depot,DEI,Snacks,Popcorn 100g,76,4.0,2.2,304.0,167.2,False,False,4,False
2025-11-29,Deira Depot,DEI,Snacks,Popcorn 100g,95,4.0,2.2,380.0,209.0,False,False,5,True
2025-11-30,Deira Depot,DEI,Snacks,Popcorn 100g,46,4.0,2.2,184.0,101.2,False,False,6,True
2025-12-01,Deira Depot,DEI,Snacks,Popcorn 100g,58,4.0,2.2,232.0,127.6,False,False,0,False
2025-12-02,Deira Depot,DEI,Snacks,Popcorn 100g,70,4.0,2.2,280.0,154.0,False,False,1,False
2025-12-03,Deira Depot,DEI,Snacks,Popcorn 100g,43,4.0,2.2,172.0,94.6,False,False,2,False
2025-12-04,Deira Depot,DEI,Snacks,Popcorn 100g,69,4.0,2.2,276.0,151.8,False,True,3,False
2025-12-05,Deira Depot,DEI,Snacks,Popcorn 100g,96,3.2,2.2,307.2,211.2,True,False,4,False
2025-12-06,Deira Depot,DEI,Snacks,Popcorn 100g,116,3.2,2.2,371.2,255.2,True,False,5,True
2025-12-07,Deira Depot,DEI,Snacks,Popcorn 100g,63,4.0,2.2,252.0,138.6,False,False,6,True
2025-12-08,Deira Depot,DEI,Snacks,Popcorn 100g,56,4.0,2.2,224.0,123.2,False,False,0,False
2025-12-09,Deira Depot,DEI,Snacks,Popcorn 100g,42,4.0,2.2,168.0,92.4,False,False,1,False
2025-12-10,Deira Depot,DEI,Snacks,Popcorn 100g,33,4.0,2.2,132.0,72.6,False,False,2,False
2025-12-11,Deira Depot,DEI,Snacks,Popcorn 100g,61,4.0,2.2,244.0,134.2,False,False,3,False
2025-12-12,Deira Depot,DEI,Snacks,Popcorn 100g,75,4.0,2.2,300.0,165.0,False,False,4,False
2025-12-13,Deira Depot,DEI,Snacks,Popcorn 100g,84,4.0,2.2,336.0,184.8,False,False,5,True
2025-12-14,Deira Depot,DEI,Snacks,Popcorn 100g,92,4.0,2.2,368.0,202.4,False,True,6,True
2025-12-15,Deira Depot,DEI,Snacks,Popcorn 100g,70,4.0,2.2,280.0,154.0,False,False,0,False
2025-12-16,Deira Depot,DEI,Snacks,Popcorn 100g,57,4.0,2.2,228.0,125.4,False,False,1,False
2025-12-17,Deira Depot,DEI,Snacks,Popcorn 100g,75,3.2,2.2,240.0,165.0,True,False,2,False
2025-12-18,Deira Depot,DEI,Snacks,Popcorn 100g,67,4.0,2.2,268.0,147.4,False,False,3,False
2025-12-19,Deira Depot,DEI,Snacks,Popcorn 100g,58,4.0,2.2,232.0,127.6,False,False,4,False
2025-12-20,Deira Depot,DEI,Snacks,Popcorn 100g,80,4.0,2.2,320.0,176.0,False,False,5,True
2025-12-21,Deira Depot,DEI,Snacks,Popcorn 100g,64,4.0,2.2,256.0,140.8,False,False,6,True
2025-12-22,Deira Depot,DEI,Snacks,Popcorn 100g,60,4.0,2.2,240.0,132.0,False,False,0,False
2025-12-23,Deira Depot,DEI,Snacks,Popcorn 100g,57,4.0,2.2,228.0,125.4,False,False,1,False
2025-12-24,Deira Depot,DEI,Snacks,Popcorn 100g,35,4.0,2.2,140.0,77.0,False,False,2,False
2025-12-25,Deira Depot,DEI,Snacks,Popcorn 100g,74,4.0,2.2,296.0,162.8,False,False,3,False
2025-12-26,Deira Depot,DEI,Snacks,Popcorn 100g,70,4.0,2.2,280.0,154.0,False,False,4,False
2025-12-27,Deira Depot,DEI,Snacks,Popcorn 100g,107,4.0,2.2,428.0,235.4,False,False,5,True
2025-12-28,Deira Depot,DEI,Snacks,Popcorn 100g,205,3.2,2.2,656.0,451.0,True,False,6,True
2025-12-29,Deira Depot,DEI,Snacks,Popcorn 100g,81,3.2,2.2,259.2,178.2,True,False,0,False
2025-12-30,Deira Depot,DEI,Snacks,Popcorn 100g,43,4.0,2.2,172.0,94.6,False,False,1,False
2025-12-31,Deira Depot,DEI,Snacks,Popcorn 100g,31,4.0,2.2,124.0,68.2,False,False,2,False
2026-01-01,Deira Depot,DEI,Snacks,Popcorn 100g,39,4.0,2.2,156.0,85.8,False,False,3,False
2026-01-02,Deira Depot,DEI,Snacks,Popcorn 100g,49,4.0,2.2,196.0,107.8,False,False,4,False
2026-01-03,Deira Depot,DEI,Snacks,Popcorn 100g,88,4.0,2.2,352.0,193.6,False,False,5,True
2026-01-04,Deira Depot,DEI,Snacks,Popcorn 100g,94,3.2,2.2,300.8,206.8,True,False,6,True
2026-01-05,Deira Depot,DEI,Snacks,Popcorn 100g,55,4.0,2.2,220.0,121.0,False,False,0,False
2026-01-06,Deira Depot,DEI,Snacks,Popcorn 100g,61,4.0,2.2,244.0,134.2,False,False,1,False
2026-01-07,Deira Depot,DEI,Snacks,Popcorn 100g,67,4.0,2.2,268.0,147.4,False,False,2,False
2026-01-08,Deira Depot,DEI,Snacks,Popcorn 100g,104,3.2,2.2,332.8,228.8,True,False,3,False
2026-01-09,Deira Depot,DEI,Snacks,Popcorn 100g,100,4.0,2.2,400.0,220.0,False,False,4,False
2026-01-10,Deira Depot,DEI,Snacks,Popcorn 100g,52,4.0,2.2,208.0,114.4,False,False,5,True
2026-01-11,Deira Depot,DEI,Snacks,Popcorn 100g,39,4.0,2.2,156.0,85.8,False,False,6,True
2026-01-12,Deira Depot,DEI,Snacks,Popcorn 100g,30,4.0,2.2,120.0,66.0,False,True,0,False
2026-01-13,Deira Depot,DEI,Snacks,Popcorn 100g,84,4.0,2.2,336.0,184.8,False,False,1,False
2026-01-14,Deira Depot,DEI,Snacks,Popcorn 100g,58,4.0,2.2,232.0,127.6,False,False,2,False
2026-01-15,Deira Depot,DEI,Snacks,Popcorn 100g,28,4.0,2.2,112.0,61.6,False,False,3,False
2026-01-16,Deira Depot,DEI,Snacks,Popcorn 100g,81,4.0,2.2,324.0,178.2,False,False,4,False
2026-01-17,Deira Depot,DEI,Snacks,Popcorn 100g,164,3.2,2.2,524.8,360.8,True,False,5,True
2026-01-18,Deira Depot,DEI,Snacks,Popcorn 100g,79,4.0,2.2,316.0,173.8,False,False,6,True
2026-01-19,Deira Depot,DEI,Snacks,Popcorn 100g,60,4.0,2.2,240.0,132.0,False,False,0,False
2026-01-20,Deira Depot,DEI,Snacks,Popcorn 100g,74,4.0,2.2,296.0,162.8,False,False,1,False
2026-01-21,Deira Depot,DEI,Snacks,Popcorn 100g,30,4.0,2.2,120.0,66.0,False,False,2,False
2026-01-22,Deira Depot,DEI,Snacks,Popcorn 100g,60,4.0,2.2,240.0,132.0,False,False,3,False
2026-01-23,Deira Depot,DEI,Snacks,Popcorn 100g,72,4.0,2.2,288.0,158.4,False,False,4,False
2026-01-24,Deira Depot,DEI,Snacks,Popcorn 100g,74,4.0,2.2,296.0,162.8,False,False,5,True
2026-01-25,Deira Depot,DEI,Snacks,Popcorn 100g,91,4.0,2.2,364.0,200.2,False,False,6,True
2026-01-26,Deira Depot,DEI,Snacks,Popcorn 100g,57,4.0,2.2,228.0,125.4,False,False,0,False
2026-01-27,Deira Depot,DEI,Snacks,Popcorn 100g,67,4.0,2.2,268.0,147.4,False,False,1,False
2026-01-28,Deira Depot,DEI,Snacks,Popcorn 100g,76,4.0,2.2,304.0,167.2,False,False,2,False
2026-01-29,Deira Depot,DEI,Snacks,Popcorn 100g,63,4.0,2.2,252.0,138.6,False,False,3,False
2026-01-30,Deira Depot,DEI,Snacks,Popcorn 100g,54,4.0,2.2,216.0,118.8,False,False,4,False
2026-01-31,Deira Depot,DEI,Snacks,Popcorn 100g,88,4.0,2.2,352.0,193.6,False,False,5,True
2026-02-01,Deira Depot,DEI,Snacks,Popcorn 100g,53,4.0,2.2,212.0,116.6,False,False,6,True
2026-02-02,Deira Depot,DEI,Snacks,Popcorn 100g,63,4.0,2.2,252.0,138.6,False,False,0,False
2026-02-03,Deira Depot,DEI,Snacks,Popcorn 100g,50,4.0,2.2,200.0,110.0,False,False,1,False
2026-02-04,Deira Depot,DEI,Snacks,Popcorn 100g,60,4.0,2.2,240.0,132.0,False,False,2,False
2026-02-05,Deira Depot,DEI,Snacks,Popcorn 100g,62,4.0,2.2,248.0,136.4,False,False,3,False
2026-02-06,Deira Depot,DEI,Snacks,Popcorn 100g,69,4.0,2.2,276.0,151.8,False,False,4,False
2026-02-07,Deira Depot,DEI,Snacks,Popcorn 100g,93,4.0,2.2,372.0,204.6,False,False,5,True
2026-02-08,Deira Depot,DEI,Snacks,Popcorn 100g,50,4.0,2.2,200.0,110.0,False,False,6,True
2026-02-09,Deira Depot,DEI,Snacks,Popcorn 100g,30,4.0,2.2,120.0,66.0,False,False,0,False
2026-02-10,Deira Depot,DEI,Snacks,Popcorn 100g,52,4.0,2.2,208.0,114.4,False,False,1,False
2026-02-11,Deira Depot,DEI,Snacks,Popcorn 100g,105,3.2,2.2,336.0,231.0,True,False,2,False
2026-02-12,Deira Depot,DEI,Snacks,Popcorn 100g,80,4.0,2.2,320.0,176.0,False,False,3,False
2026-02-13,Deira Depot,DEI,Snacks,Popcorn 100g,78,4.0,2.2,312.0,171.6,False,False,4,False
2026-02-14,Deira Depot,DEI,Snacks,Popcorn 100g,81,4.0,2.2,324.0,178.2,False,False,5,True
2026-02-15,Deira Depot,DEI,Snacks,Popcorn 100g,64,4.0,2.2,256.0,140.8,False,False,6,True
2026-02-16,Deira Depot,DEI,Snacks,Popcorn 100g,73,4.0,2.2,292.0,160.6,False,False,0,False
2026-02-17,Deira Depot,DEI,Snacks,Popcorn 100g,58,4.0,2.2,232.0,127.6,False,False,1,False
2026-02-18,Deira Depot,DEI,Snacks,Popcorn 100g,90,4.0,2.2,360.0,198.0,False,False,2,False
2026-02-19,Deira Depot,DEI,Snacks,Popcorn 100g,76,4.0,2.2,304.0,167.2,False,False,3,False
2026-02-20,Deira Depot,DEI,Snacks,Popcorn 100g,64,4.0,2.2,256.0,140.8,False,False,4,False
2026-02-21,Deira Depot,DEI,Snacks,Popcorn 100g,85,4.0,2.2,340.0,187.0,False,False,5,True
2026-02-22,Deira Depot,DEI,Snacks,Popcorn 100g,76,4.0,2.2,304.0,167.2,False,False,6,True
2026-02-23,Deira Depot,DEI,Snacks,Popcorn 100g,67,4.0,2.2,268.0,147.4,False,False,0,False
2026-02-24,Deira Depot,DEI,Snacks,Popcorn 100g,85,4.0,2.2,340.0,187.0,False,False,1,False
2026-02-25,Deira Depot,DEI,Snacks,Popcorn 100g,66,4.0,2.2,264.0,145.2,False,False,2,False
2026-02-26,Deira Depot,DEI,Snacks,Popcorn 100g,46,4.0,2.2,184.0,101.2,False,False,3,False
2026-02-27,Deira Depot,DEI,Snacks,Popcorn 100g,44,4.0,2.2,176.0,96.8,False,False,4,False
2026-02-28,Deira Depot,DEI,Snacks,Popcorn 100g,91,4.0,2.2,364.0,200.2,False,False,5,True
2026-03-01,Deira Depot,DEI,Snacks,Popcorn 100g,87,4.0,2.2,348.0,191.4,False,False,6,True
2026-03-02,Deira Depot,DEI,Snacks,Popcorn 100g,43,4.0,2.2,172.0,94.6,False,True,0,False
2026-03-03,Deira Depot,DEI,Snacks,Popcorn 100g,55,4.0,2.2,220.0,121.0,False,False,1,False
2026-03-04,Deira Depot,DEI,Snacks,Popcorn 100g,66,4.0,2.2,264.0,145.2,False,False,2,False
2026-03-05,Deira Depot,DEI,Snacks,Popcorn 100g,62,4.0,2.2,248.0,136.4,False,False,3,False
2026-03-06,Deira Depot,DEI,Snacks,Popcorn 100g,80,4.0,2.2,320.0,176.0,False,False,4,False
2026-03-07,Deira Depot,DEI,Snacks,Popcorn 100g,73,4.0,2.2,292.0,160.6,False,False,5,True
2026-03-08,Deira Depot,DEI,Snacks,Popcorn 100g,65,4.0,2.2,260.0,143.0,False,False,6,True
2026-03-09,Deira Depot,DEI,Snacks,Popcorn 100g,42,4.0,2.2,168.0,92.4,False,False,0,False
2026-03-10,Deira Depot,DEI,Snacks,Popcorn 100g,47,4.0,2.2,188.0,103.4,False,False,1,False
2026-03-11,Deira Depot,DEI,Snacks,Popcorn 100g,69,4.0,2.2,276.0,151.8,False,False,2,False
2026-03-12,Deira Depot,DEI,Snacks,Popcorn 100g,89,4.0,2.2,356.0,195.8,False,False,3,False
2026-03-13,Deira Depot,DEI,Snacks,Popcorn 100g,86,4.0,2.2,344.0,189.2,False,False,4,False
2026-03-14,Deira Depot,DEI,Snacks,Popcorn 100g,74,4.0,2.2,296.0,162.8,False,False,5,True
2026-03-15,Deira Depot,DEI,Snacks,Popcorn 100g,41,4.0,2.2,164.0,90.2,False,False,6,True
2026-03-16,Deira Depot,DEI,Snacks,Popcorn 100g,75,4.0,2.2,300.0,165.0,False,True,0,False
2026-03-17,Deira Depot,DEI,Snacks,Popcorn 100g,33,4.0,2.2,132.0,72.6,False,False,1,False
2026-03-18,Deira Depot,DEI,Snacks,Popcorn 100g,52,4.0,2.2,208.0,114.4,False,False,2,False
2026-03-19,Deira Depot,DEI,Snacks,Popcorn 100g,57,4.0,2.2,228.0,125.4,False,False,3,False
2026-03-20,Deira Depot,DEI,Snacks,Popcorn 100g,67,4.0,2.2,268.0,147.4,False,False,4,False
2026-03-21,Deira Depot,DEI,Snacks,Popcorn 100g,62,4.0,2.2,248.0,136.4,False,False,5,True
2026-03-22,Deira Depot,DEI,Snacks,Popcorn 100g,61,4.0,2.2,244.0,134.2,False,False,6,True
2026-03-23,Deira Depot,DEI,Snacks,Popcorn 100g,52,4.0,2.2,208.0,114.4,False,False,0,False
2026-03-24,Deira Depot,DEI,Snacks,Popcorn 100g,21,4.0,2.2,84.0,46.2,False,False,1,False
2026-03-25,Deira Depot,DEI,Snacks,Popcorn 100g,79,4.0,2.2,316.0,173.8,False,False,2,False
2026-03-26,Deira Depot,DEI,Snacks,Popcorn 100g,53,4.0,2.2,212.0,116.6,False,False,3,False
2026-03-27,Deira Depot,DEI,Snacks,Popcorn 100g,59,4.0,2.2,236.0,129.8,False,False,4,False
2026-03-28,Deira Depot,DEI,Snacks,Popcorn 100g,67,4.0,2.2,268.0,147.4,False,False,5,True
2026-03-29,Deira Depot,DEI,Snacks,Popcorn 100g,110,4.0,2.2,440.0,242.0,False,False,6,True
2025-10-01,Deira Depot,DEI,Beverages,Sparkling Water 1L,34,3.0,1.65,102.0,56.1,False,False,2,False
2025-10-02,Deira Depot,DEI,Beverages,Sparkling Water 1L,58,3.0,1.65,174.0,95.7,False,True,3,False
2025-10-03,Deira Depot,DEI,Beverages,Sparkling Water 1L,79,3.0,1.65,237.0,130.35,False,False,4,False
2025-10-04,Deira Depot,DEI,Beverages,Sparkling Water 1L,116,3.0,1.65,348.0,191.4,False,False,5,True
2025-10-05,Deira Depot,DEI,Beverages,Sparkling Water 1L,88,3.0,1.65,264.0,145.2,False,False,6,True
2025-10-06,Deira Depot,DEI,Beverages,Sparkling Water 1L,57,3.0,1.65,171.0,94.05,False,False,0,False
2025-10-07,Deira Depot,DEI,Beverages,Sparkling Water 1L,83,3.0,1.65,249.0,136.95,False,False,1,False
2025-10-08,Deira Depot,DEI,Beverages,Sparkling Water 1L,113,3.0,1.65,339.0,186.45,False,False,2,False
2025-10-09,Deira Depot,DEI,Beverages,Sparkling Water 1L,113,2.4,1.65,271.2,186.45,True,False,3,False
2025-10-10,Deira Depot,DEI,Beverages,Sparkling Water 1L,49,3.0,1.65,147.0,80.85,False,False,4,False
2025-10-11,Deira Depot,DEI,Beverages,Sparkling Water 1L,123,3.0,1.65,369.0,202.95,False,False,5,True
2025-10-12,Deira Depot,DEI,Beverages,Sparkling Water 1L,118,2.4,1.65,283.2,194.7,True,False,6,True
2025-10-13,Deira Depot,DEI,Beverages,Sparkling Water 1L,69,3.0,1.65,207.0,113.85,False,False,0,False
2025-10-14,Deira Depot,DEI,Beverages,Sparkling Water 1L,66,3.0,1.65,198.0,108.9,False,False,1,False
2025-10-15,Deira Depot,DEI,Beverages,Sparkling Water 1L,97,3.0,1.65,291.0,160.05,False,False,2,False
2025-10-16,Deira Depot,DEI,Beverages,Sparkling Water 1L,102,3.0,1.65,306.0,168.3,False,False,3,False
2025-10-17,Deira Depot,DEI,Beverages,Sparkling Water 1L,205,2.4,1.65,492.0,338.25,True,False,4,False
