data/sample_grocery_data.csv
date,store,store_id,category,sku,units_sold,price,unit_cost,revenue,cost,promotion,stockout,day_of_week,is_weekend
2025-10-18,Deira Depot,DEI,Beverages,Sparkling Water 1L,106,3.0,1.65,318.0,174.9,False,False,5,True
2025-10-19,Deira Depot,DEI,Beverages,Sparkling Water 1L,108,3.0,1.65,324.0,178.2,False,False,6,True
2025-10-20,Deira Depot,DEI,Beverages,Sparkling Water 1L,85,3.0,1.65,255.0,140.25,False,False,0,False
2025-10-21,Deira Depot,DEI,Beverages,Sparkling Water 1L,102,3.0,1.65,306.0,168.3,False,False,1,False
2025-10-22,Deira Depot,DEI,Beverages,Sparkling Water 1L,67,3.0,1.65,201.0,110.55,False,False,2,False
2025-10-23,Deira Depot,DEI,Beverages,Sparkling Water 1L,83,3.0,1.65,249.0,136.95,False,False,3,False
2025-10-24,Deira Depot,DEI,Beverages,Sparkling Water 1L,117,3.0,1.65,351.0,193.05,False,False,4,False
2025-10-25,Deira Depot,DEI,Beverages,Sparkling Water 1L,122,3.0,1.65,366.0,201.3,False,False,5,True
2025-10-26,Deira Depot,DEI,Beverages,Sparkling Water 1L,101,3.0,1.65,303.0,166.65,False,False,6,True
2025-10-27,Deira Depot,DEI,Beverages,Sparkling Water 1L,83,3.0,1.65,249.0,136.95,False,False,0,False
2025-10-28,Deira Depot,DEI,Beverages,Sparkling Water 1L,72,3.0,1.65,216.0,118.8,False,False,1,False
2025-10-29,Deira Depot,DEI,Beverages,Sparkling Water 1L,90,3.0,1.65,270.0,148.5,False,False,2,False
2025-10-30,Deira Depot,DEI,Beverages,Sparkling Water 1L,87,3.0,1.65,261.0,143.55,False,False,3,False
2025-10-31,Deira Depot,DEI,Beverages,Sparkling Water 1L,96,3.0,1.65,288.0,158.4,False,False,4,False
2025-11-01,Deira Depot,DEI,Beverages,Sparkling Water 1L,70,3.0,1.65,210.0,115.5,False,False,5,True
2025-11-02,Deira Depot,DEI,Beverages,Sparkling Water 1L,87,3.0,1.65,261.0,143.55,False,False,6,True
2025-11-03,Deira Depot,DEI,Beverages,Sparkling Water 1L,90,3.0,1.65,270.0,148.5,False,False,0,False
2025-11-04,Deira Depot,DEI,Beverages,Sparkling Water 1L,124,2.4,1.65,297.6,204.6,True,False,1,False
2025-11-05,Deira Depot,DEI,Beverages,Sparkling Water 1L,122,2.4,1.65,292.8,201.3,True,False,2,False
2025-11-06,Deira Depot,DEI,Beverages,Sparkling Water 1L,96,3.0,1.65,288.0,158.4,False,False,3,False
2025-11-07,Deira Depot,DEI,Beverages,Sparkling Water 1L,68,3.0,1.65,204.0,112.2,False,False,4,False
2025-11-08,Deira Depot,DEI,Beverages,Sparkling Water 1L,122,3.0,1.65,366.0,201.3,False,False,5,True
2025-11-09,Deira Depot,DEI,Beverages,Sparkling Water 1L,110,3.0,1.65,330.0,181.5,False,False,6,True
2025-11-10,Deira Depot,DEI,Beverages,Sparkling Water 1L,57,3.0,1.65,171.0,94.05,False,False,0,False
2025-11-11,Deira Depot,DEI,Beverages,Sparkling Water 1L,80,3.0,1.65,240.0,132.0,False,False,1,False
2025-11-12,Deira Depot,DEI,Beverages,Sparkling Water 1L,83,3.0,1.65,249.0,136.95,False,False,2,False
2025-11-13,Deira Depot,DEI,Beverages,Sparkling Water 1L,79,3.0,1.65,237.0,130.35,False,False,3,False
2025-11-14,Deira Depot,DEI,Beverages,Sparkling Water 1L,124,3.0,1.65,372.0,204.6,False,False,4,False
2025-11-15,Deira Depot,DEI,Beverages,Sparkling Water 1L,81,3.0,1.65,243.0,133.65,False,False,5,True
2025-11-16,Deira Depot,DEI,Beverages,Sparkling Water 1L,119,3.0,1.65,357.0,196.35,False,False,6,True
2025-11-17,Deira Depot,DEI,Beverages,Sparkling Water 1L,140,2.4,1.65,336.0,231.0,True,False,0,False
2025-11-18,Deira Depot,DEI,Beverages,Sparkling Water 1L,85,3.0,1.65,255.0,140.25,False,False,1,False
2025-11-19,Deira Depot,DEI,Beverages,Sparkling Water 1L,76,3.0,1.65,228.0,125.4,False,False,2,False
2025-11-20,Deira Depot,DEI,Beverages,Sparkling Water 1L,61,3.0,1.65,183.0,100.65,False,False,3,False
2025-11-21,Deira Depot,DEI,Beverages,Sparkling Water 1L,113,3.0,1.65,339.0,186.45,False,False,4,False
2025-11-22,Deira Depot,DEI,Beverages,Sparkling Water 1L,103,3.0,1.65,309.0,169.95,False,False,5,True
2025-11-23,Deira Depot,DEI,Beverages,Sparkling Water 1L,126,3.0,1.65,378.0,207.9,False,False,6,True
2025-11-24,Deira Depot,DEI,Beverages,Sparkling Water 1L,59,3.0,1.65,177.0,97.35,False,False,0,False
2025-11-25,Deira Depot,DEI,Beverages,Sparkling Water 1L,93,3.0,1.65,279.0,153.45,False,False,1,False
2025-11-26,Deira Depot,DEI,Beverages,Sparkling Water 1L,110,3.0,1.65,330.0,181.5,False,False,2,False
2025-11-27,Deira Depot,DEI,Beverages,Sparkling Water 1L,81,3.0,1.65,243.0,133.65,False,False,3,False
2025-11-28,Deira Depot,DEI,Beverages,Sparkling Water 1L,98,3.0,1.65,294.0,161.7,False,True,4,False
2025-11-29,Deira Depot,DEI,Beverages,Sparkling Water 1L,112,3.0,1.65,336.0,184.8,False,False,5,True
2025-11-30,Deira Depot,DEI,Beverages,Sparkling Water 1L,93,3.0,1.65,279.0,153.45,False,False,6,True
2025-12-01,Deira Depot,DEI,Beverages,Sparkling Water 1L,94,3.0,1.65,282.0,155.1,False,False,0,False
2025-12-02,Deira Depot,DEI,Beverages,Sparkling Water 1L,82,3.0,1.65,246.0,135.3,False,False,1,False
2025-12-03,Deira Depot,DEI,Beverages,Sparkling Water 1L,61,3.0,1.65,183.0,100.65,False,False,2,False
2025-12-04,Deira Depot,DEI,Beverages,Sparkling Water 1L,77,3.0,1.65,231.0,127.05,False,False,3,False
2025-12-05,Deira Depot,DEI,Beverages,Sparkling Water 1L,86,3.0,1.65,258.0,141.9,False,False,4,False
2025-12-06,Deira Depot,DEI,Beverages,Sparkling Water 1L,100,3.0,1.65,300.0,165.0,False,False,5,True
2025-12-07,Deira Depot,DEI,Beverages,Sparkling Water 1L,106,3.0,1.65,318.0,174.9,False,False,6,True
2025-12-08,Deira Depot,DEI,Beverages,Sparkling Water 1L,49,3.0,1.65,147.0,80.85,False,False,0,False
2025-12-09,Deira Depot,DEI,Beverages,Sparkling Water 1L,85,3.0,1.65,255.0,140.25,False,False,1,False
2025-12-10,Deira Depot,DEI,Beverages,Sparkling Water 1L,68,3.0,1.65,204.0,112.2,False,False,2,False
2025-12-11,Deira Depot,DEI,Beverages,Sparkling Water 1L,78,3.0,1.65,234.0,128.7,False,False,3,False
2025-12-12,Deira Depot,DEI,Beverages,Sparkling Water 1L,117,3.0,1.65,351.0,193.05,False,False,4,False
2025-12-13,Deira Depot,DEI,Beverages,Sparkling Water 1L,138,3.0,1.65,414.0,227.7,False,False,5,True
2025-12-14,Deira Depot,DEI,Beverages,Sparkling Water 1L,75,3.0,1.65,225.0,123.75,False,False,6,True
2025-12-15,Deira Depot,DEI,Beverages,Sparkling Water 1L,62,3.0,1.65,186.0,102.3,False,False,0,False
2025-12-16,Deira Depot,DEI,Beverages,Sparkling Water 1L,90,3.0,1.65,270.0,148.5,False,False,1,False
2025-12-17,Deira Depot,DEI,Beverages,Sparkling Water 1L,88,3.0,1.65,264.0,145.2,False,False,2,False
2025-12-18,Deira Depot,DEI,Beverages,Sparkling Water 1L,67,3.0,1.65,201.0,110.55,False,False,3,False
2025-12-19,Deira Depot,DEI,Beverages,Sparkling Water 1L,89,3.0,1.65,267.0,146.85,False,False,4,False
2025-12-20,Deira Depot,DEI,Beverages,Sparkling Water 1L,80,3.0,1.65,240.0,132.0,False,False,5,True
2025-12-21,Deira Depot,DEI,Beverages,Sparkling Water 1L,87,3.0,1.65,261.0,143.55,False,False,6,True
2025-12-22,Deira Depot,DEI,Beverages,Sparkling Water 1L,46,3.0,1.65,138.0,75.9,False,False,0,False
2025-12-23,Deira Depot,DEI,Beverages,Sparkling Water 1L,48,3.0,1.65,144.0,79.2,False,False,1,False
2025-12-24,Deira Depot,DEI,Beverages,Sparkling Water 1L,91,3.0,1.65,273.0,150.15,False,False,2,False
2025-12-25,Deira Depot,DEI,Beverages,Sparkling Water 1L,82,3.0,1.65,246.0,135.3,False,False,3,False
2025-12-26,Deira Depot,DEI,Beverages,Sparkling Water 1L,137,3.0,1.65,411.0,226.05,False,False,4,False
2025-12-27,Deira Depot,DEI,Beverages,Sparkling Water 1L,115,3.0,1.65,345.0,189.75,False,False,5,True
2025-12-28,Deira Depot,DEI,Beverages,Sparkling Water 1L,109,3.0,1.65,327.0,179.85,False,False,6,True
2025-12-29,Deira Depot,DEI,Beverages,Sparkling Water 1L,101,3.0,1.65,303.0,166.65,False,False,0,False
2025-12-30,Deira Depot,DEI,Beverages,Sparkling Water 1L,139,2.4,1.65,333.6,229.35,True,False,1,False
2025-12-31,Deira Depot,DEI,Beverages,Sparkling Water 1L,76,3.0,1.65,228.0,125.4,False,False,2,False
2026-01-01,Deira Depot,DEI,Beverages,Sparkling Water 1L,91,3.0,1.65,273.0,150.15,False,False,3,False
2026-01-02,Deira Depot,DEI,Beverages,Sparkling Water 1L,185,2.4,1.65,444.0,305.25,True,False,4,False
2026-01-03,Deira Depot,DEI,Beverages,Sparkling Water 1L,146,2.4,1.65,350.4,240.9,True,False,5,True
2026-01-04,Deira Depot,DEI,Beverages,Sparkling Water 1L,89,3.0,1.65,267.0,146.85,False,False,6,True
2026-01-05,Deira Depot,DEI,Beverages,Sparkling Water 1L,70,3.0,1.65,210.0,115.5,False,False,0,False
2026-01-06,Deira Depot,DEI,Beverages,Sparkling Water 1L,75,3.0,1.65,225.0,123.75,False,False,1,False
2026-01-07,Deira Depot,DEI,Beverages,Sparkling Water 1L,69,3.0,1.65,207.0,113.85,False,False,2,False
2026-01-08,Deira Depot,DEI,Beverages,Sparkling Water 1L,140,2.4,1.65,336.0,231.0,True,False,3,False
2026-01-09,Deira Depot,DEI,Beverages,Sparkling Water 1L,71,3.0,1.65,213.0,117.15,False,True,4,False
2026-01-10,Deira Depot,DEI,Beverages,Sparkling Water 1L,115,3.0,1.65,345.0,189.75,False,False,5,True
2026-01-11,Deira Depot,DEI,Beverages,Sparkling Water 1L,133,3.0,1.65,399.0,219.45,False,False,6,True
2026-01-12,Deira Depot,DEI,Beverages,Sparkling Water 1L,84,3.0,1.65,252.0,138.6,False,False,0,False
2026-01-13,Deira Depot,DEI,Beverages,Sparkling Water 1L,79,3.0,1.65,237.0,130.35,False,False,1,False
2026-01-14,Deira Depot,DEI,Beverages,Sparkling Water 1L,64,3.0,1.65,192.0,105.6,False,False,2,False
2026-01-15,Deira Depot,DEI,Beverages,Sparkling Water 1L,69,3.0,1.65,207.0,113.85,False,False,3,False
2026-01-16,Deira Depot,DEI,Beverages,Sparkling Water 1L,100,3.0,1.65,300.0,165.0,False,False,4,False
2026-01-17,Deira Depot,DEI,Beverages,Sparkling Water 1L,121,3.0,1.65,363.0,199.65,False,False,5,True
2026-01-18,Deira Depot,DEI,Beverages,Sparkling Water 1L,90,3.0,1.65,270.0,148.5,False,False,6,True
2026-01-19,Deira Depot,DEI,Beverages,Sparkling Water 1L,73,3.0,1.65,219.0,120.45,False,False,0,False
2026-01-20,Deira Depot,DEI,Beverages,Sparkling Water 1L,53,3.0,1.65,159.0,87.45,False,False,1,False
2026-01-21,Deira Depot,DEI,Beverages,Sparkling Water 1L,87,3.0,1.65,261.0,143.55,False,False,2,False
2026-01-22,Deira Depot,DEI,Beverages,Sparkling Water 1L,100,3.0,1.65,300.0,165.0,False,False,3,False
2026-01-23,Deira Depot,DEI,Beverages,Sparkling Water 1L,45,3.0,1.65,135.0,74.25,False,False,4,False
2026-01-24,Deira Depot,DEI,Beverages,Sparkling Water 1L,115,3.0,1.65,345.0,189.75,False,False,5,True
2026-01-25,Deira Depot,DEI,Beverages,Sparkling Water 1L,112,3.0,1.65,336.0,184.8,False,False,6,True
2026-01-26,Deira Depot,DEI,Beverages,Sparkling Water 1L,94,3.0,1.65,282.0,155.1,False,False,0,False
2026-01-27,Deira Depot,DEI,Beverages,Sparkling Water 1L,64,3.0,1.65,192.0,105.6,False,False,1,False
2026-01-28,Deira Depot,DEI,Beverages,Sparkling Water 1L,70,3.0,1.65,210.0,115.5,False,False,2,False
2026-01-29,Deira Depot,DEI,Beverages,Sparkling Water 1L,64,3.0,1.65,192.0,105.6,False,False,3,False
2026-01-30,Deira Depot,DEI,Beverages,Sparkling Water 1L,99,3.0,1.65,297.0,163.35,False,False,4,False
2026-01-31,Deira Depot,DEI,Beverages,Sparkling Water 1L,102,3.0,1.65,306.0,168.3,False,False,5,True
2026-02-01,Deira Depot,DEI,Beverages,Sparkling Water 1L,102,3.0,1.65,306.0,168.3,False,False,6,True
2026-02-02,Deira Depot,DEI,Beverages,Sparkling Water 1L,78,3.0,1.65,234.0,128.7,False,False,0,False
2026-02-03,Deira Depot,DEI,Beverages,Sparkling Water 1L,91,3.0,1.65,273.0,150.15,False,False,1,False
2026-02-04,Deira Depot,DEI,Beverages,Sparkling Water 1L,81,3.0,1.65,243.0,133.65,False,False,2,False
2026-02-05,Deira Depot,DEI,Beverages,Sparkling Water 1L,101,3.0,1.65,303.0,166.65,False,False,3,False
2026-02-06,Deira Depot,DEI,Beverages,Sparkling Water 1L,118,3.0,1.65,354.0,194.7,False,False,4,False
2026-02-07,Deira Depot,DEI,Beverages,Sparkling Water 1L,117,3.0,1.65,351.0,193.05,False,False,5,True
2026-02-08,Deira Depot,DEI,Beverages,Sparkling Water 1L,87,3.0,1.65,261.0,143.55,False,False,6,True
2026-02-09,Deira Depot,DEI,Beverages,Sparkling Water 1L,91,3.0,1.65,273.0,150.15,False,False,0,False
2026-02-10,Deira Depot,DEI,Beverages,Sparkling Water 1L,87,3.0,1.65,261.0,143.55,False,False,1,False
2026-02-11,Deira Depot,DEI,Beverages,Sparkling Water 1L,95,2.4,1.65,228.0,156.75,True,False,2,False
2026-02-12,Deira Depot,DEI,Beverages,Sparkling Water 1L,68,3.0,1.65,204.0,112.2,False,False,3,False
2026-02-13,Deira Depot,DEI,Beverages,Sparkling Water 1L,105,3.0,1.65,315.0,173.25,False,False,4,False
2026-02-14,Deira Depot,DEI,Beverages,Sparkling Water 1L,112,3.0,1.65,336.0,184.8,False,False,5,True
2026-02-15,Deira Depot,DEI,Beverages,Sparkling Water 1L,86,3.0,1.65,258.0,141.9,False,False,6,True
2026-02-16,Deira Depot,DEI,Beverages,Sparkling Water 1L,70,3.0,1.65,210.0,115.5,False,False,0,False
2026-02-17,Deira Depot,DEI,Beverages,Sparkling Water 1L,68,3.0,1.65,204.0,112.2,False,False,1,False
2026-02-18,Deira Depot,DEI,Beverages,Sparkling Water 1L,106,3.0,1.65,318.0,174.9,False,False,2,False
2026-02-19,Deira Depot,DEI,Beverages,Sparkling Water 1L,98,3.0,1.65,294.0,161.7,False,False,3,False
2026-02-20,Deira Depot,DEI,Beverages,Sparkling Water 1L,103,3.0,1.65,309.0,169.95,False,False,4,False
2026-02-21,Deira Depot,DEI,Beverages,Sparkling Water 1L,122,3.0,1.65,366.0,201.3,False,False,5,True
2026-02-22,Deira Depot,DEI,Beverages,Sparkling Water 1L,78,3.0,1.65,234.0,128.7,False,False,6,True
2026-02-23,Deira Depot,DEI,Beverages,Sparkling Water 1L,81,3.0,1.65,243.0,133.65,False,False,0,False
2026-02-24,Deira Depot,DEI,Beverages,Sparkling Water 1L,86,3.0,1.65,258.0,141.9,False,False,1,False
2026-02-25,Deira Depot,DEI,Beverages,Sparkling Water 1L,86,3.0,1.65,258.0,141.9,False,False,2,False
2026-02-26,Deira Depot,DEI,Beverages,Sparkling Water 1L,147,2.4,1.65,352.8,242.55,True,False,3,False
2026-02-27,Deira Depot,DEI,Beverages,Sparkling Water 1L,88,3.0,1.65,264.0,145.2,False,False,4,False
2026-02-28,Deira Depot,DEI,Beverages,Sparkling Water 1L,103,3.0,1.65,309.0,169.95,False,False,5,True
2026-03-01,Deira Depot,DEI,Beverages,Sparkling Water 1L,105,3.0,1.65,315.0,173.25,False,False,6,True
2026-03-02,Deira Depot,DEI,Beverages,Sparkling Water 1L,83,3.0,1.65,249.0,136.95,False,False,0,False
2026-03-03,Deira Depot,DEI,Beverages,Sparkling Water 1L,99,3.0,1.65,297.0,163.35,False,False,1,False
2026-03-04,Deira Depot,DEI,Beverages,Sparkling Water 1L,73,3.0,1.65,219.0,120.45,False,False,2,False
2026-03-05,Deira Depot,DEI,Beverages,Sparkling Water 1L,99,3.0,1.65,297.0,163.35,False,False,3,False
2026-03-06,Deira Depot,DEI,Beverages,Sparkling Water 1L,101,3.0,1.65,303.0,166.65,False,False,4,False
2026-03-07,Deira Depot,DEI,Beverages,Sparkling Water 1L,78,3.0,1.65,234.0,128.7,False,False,5,True
2026-03-08,Deira Depot,DEI,Beverages,Sparkling Water 1L,131,3.0,1.65,393.0,216.15,False,False,6,True
2026-03-09,Deira Depot,DEI,Beverages,Sparkling Water 1L,49,3.0,1.65,147.0,80.85,False,False,0,False
2026-03-10,Deira Depot,DEI,Beverages,Sparkling Water 1L,57,3.0,1.65,171.0,94.05,False,False,1,False
2026-03-11,Deira Depot,DEI,Beverages,Sparkling Water 1L,104,3.0,1.65,312.0,171.6,False,False,2,False
2026-03-12,Deira Depot,DEI,Beverages,Sparkling Water 1L,109,3.0,1.65,327.0,179.85,False,False,3,False
2026-03-13,Deira Depot,DEI,Beverages,Sparkling Water 1L,86,3.0,1.65,258.0,141.9,False,False,4,False
2026-03-14,Deira Depot,DEI,Beverages,Sparkling Water 1L,123,3.0,1.65,369.0,202.95,False,False,5,True
2026-03-15,Deira Depot,DEI,Beverages,Sparkling Water 1L,107,3.0,1.65,321.0,176.55,False,False,6,True
2026-03-16,Deira Depot,DEI,Beverages,Sparkling Water 1L,110,2.4,1.65,264.0,181.5,True,False,0,False
2026-03-17,Deira Depot,DEI,Beverages,Sparkling Water 1L,90,3.0,1.65,270.0,148.5,False,False,1,False
2026-03-18,Deira Depot,DEI,Beverages,Sparkling Water 1L,88,3.0,1.65,264.0,145.2,False,False,2,False
2026-03-19,Deira Depot,DEI,Beverages,Sparkling Water 1L,79,3.0,1.65,237.0,130.35,False,False,3,False
2026-03-20,Deira Depot,DEI,Beverages,Sparkling Water 1L,136,3.0,1.65,408.0,224.4,False,False,4,False
2026-03-21,Deira Depot,DEI,Beverages,Sparkling Water 1L,169,3.0,1.65,507.0,278.85,False,False,5,True
2026-03-22,Deira Depot,DEI,Beverages,Sparkling Water 1L,87,3.0,1.65,261.0,143.55,False,False,6,True
2026-03-23,Deira Depot,DEI,Beverages,Sparkling Water 1L,80,3.0,1.65,240.0,132.0,False,False,0,False
2026-03-24,Deira Depot,DEI,Beverages,Sparkling Water 1L,97,2.4,1.65,232.8,160.05,True,False,1,False
2026-03-25,Deira Depot,DEI,Beverages,Sparkling Water 1L,87,3.0,1.65,261.0,143.55,False,False,2,False
2026-03-26,Deira Depot,DEI,Beverages,Sparkling Water 1L,115,3.0,1.65,345.0,189.75,False,False,3,False
2026-03-27,Deira Depot,DEI,Beverages,Sparkling Water 1L,152,2.4,1.65,364.8,250.8,True,False,4,False
2026-03-28,Deira Depot,DEI,Beverages,Sparkling Water 1L,122,3.0,1.65,366.0,201.3,False,False,5,True
2026-03-29,Deira Depot,DEI,Beverages,Sparkling Water 1L,86,3.0,1.65,258.0,141.9,False,False,6,True
