data/sample_grocery_data.csv
date,store,store_id,category,sku,units_sold,price,unit_cost,revenue,cost,promotion,stockout,day_of_week,is_weekend
2025-10-01,Deira Depot,DEI,Household,Toilet Paper 4pk,36,15.0,8.25,540.0,297.0,False,False,2,False
2025-10-02,Deira Depot,DEI,Household,Toilet Paper 4pk,31,15.0,8.25,465.0,255.75,False,False,3,False
2025-10-03,Deira Depot,DEI,Household,Toilet Paper 4pk,35,15.0,8.25,525.0,288.75,False,False,4,False
2025-10-04,Deira Depot,DEI,Household,Toilet Paper 4pk,44,15.0,8.25,660.0,363.0,False,False,5,True
2025-10-05,Deira Depot,DEI,Household,Toilet Paper 4pk,42,15.0,8.25,630.0,346.5,False,False,6,True
2025-10-06,Deira Depot,DEI,Household,Toilet Paper 4pk,24,15.0,8.25,360.0,198.0,False,False,0,False
2025-10-07,Deira Depot,DEI,Household,Toilet Paper 4pk,32,15.0,8.25,480.0,264.0,False,False,1,False
2025-10-08,Deira Depot,DEI,Household,Toilet Paper 4pk,34,15.0,8.25,510.0,280.5,False,False,2,False
2025-10-09,Deira Depot,DEI,Household,Toilet Paper 4pk,35,15.0,8.25,525.0,288.75,False,False,3,False
2025-10-10,Deira Depot,DEI,Household,Toilet Paper 4pk,33,15.0,8.25,495.0,272.25,False,False,4,False
2025-10-11,Deira Depot,DEI,Household,Toilet Paper 4pk,37,15.0,8.25,555.0,305.25,False,False,5,True
2025-10-12,Deira Depot,DEI,Household,Toilet Paper 4pk,36,15.0,8.25,540.0,297.0,False,False,6,True
2025-10-13,Deira Depot,DEI,Household,Toilet Paper 4pk,31,15.0,8.25,465.0,255.75,False,False,0,False
2025-10-14,Deira Depot,DEI,Household,Toilet Paper 4pk,28,15.0,8.25,420.0,231.0,False,False,1,False
2025-10-15,Deira Depot,DEI,Household,Toilet Paper 4pk,50,12.0,8.25,600.0,412.5,True,False,2,False
2025-10-16,Deira Depot,DEI,Household,Toilet Paper 4pk,30,15.0,8.25,450.0,247.5,False,False,3,False
2025-10-17,Deira Depot,DEI,Household,Toilet Paper 4pk,32,15.0,8.25,480.0,264.0,False,False,4,False
2025-10-18,Deira Depot,DEI,Household,Toilet Paper 4pk,51,15.0,8.25,765.0,420.75,False,False,5,True
2025-10-19,Deira Depot,DEI,Household,Toilet Paper 4pk,38,15.0,8.25,570.0,313.5,False,False,6,True
2025-10-20,Deira Depot,DEI,Household,Toilet Paper 4pk,30,15.0,8.25,450.0,247.5,False,False,0,False
2025-10-21,Deira Depot,DEI,Household,Toilet Paper 4pk,31,15.0,8.25,465.0,255.75,False,False,1,False
2025-10-22,Deira Depot,DEI,Household,Toilet Paper 4pk,30,15.0,8.25,450.0,247.5,False,False,2,False
2025-10-23,Deira Depot,DEI,Household,Toilet Paper 4pk,32,15.0,8.25,480.0,264.0,False,False,3,False
2025-10-24,Deira Depot,DEI,Household,Toilet Paper 4pk,33,15.0,8.25,495.0,272.25,False,False,4,False
2025-10-25,Deira Depot,DEI,Household,Toilet Paper 4pk,69,12.0,8.25,828.0,569.25,True,False,5,True
2025-10-26,Deira Depot,DEI,Household,Toilet Paper 4pk,62,12.0,8.25,744.0,511.5,True,False,6,True
2025-10-27,Deira Depot,DEI,Household,Toilet Paper 4pk,27,15.0,8.25,405.0,222.75,False,False,0,False
2025-10-28,Deira Depot,DEI,Household,Toilet Paper 4pk,51,12.0,8.25,612.0,420.75,True,False,1,False
2025-10-29,Deira Depot,DEI,Household,Toilet Paper 4pk,32,15.0,8.25,480.0,264.0,False,False,2,False
2025-10-30,Deira Depot,DEI,Household,Toilet Paper 4pk,37,15.0,8.25,555.0,305.25,False,False,3,False
2025-10-31,Deira Depot,DEI,Household,Toilet Paper 4pk,37,15.0,8.25,555.0,305.25,False,False,4,False
2025-11-01,Deira Depot,DEI,Household,Toilet Paper 4pk,46,15.0,8.25,690.0,379.5,False,False,5,True
2025-11-02,Deira Depot,DEI,Household,Toilet Paper 4pk,34,15.0,8.25,510.0,280.5,False,False,6,True
2025-11-03,Deira Depot,DEI,Household,Toilet Paper 4pk,27,15.0,8.25,405.0,222.75,False,False,0,False
2025-11-04,Deira Depot,DEI,Household,Toilet Paper 4pk,32,15.0,8.25,480.0,264.0,False,False,1,False
2025-11-05,Deira Depot,DEI,Household,Toilet Paper 4pk,50,12.0,8.25,600.0,412.5,True,False,2,False
2025-11-06,Deira Depot,DEI,Household,Toilet Paper 4pk,36,15.0,8.25,540.0,297.0,False,False,3,False
2025-11-07,Deira Depot,DEI,Household,Toilet Paper 4pk,33,15.0,8.25,495.0,272.25,False,False,4,False
2025-11-08,Deira Depot,DEI,Household,Toilet Paper 4pk,46,15.0,8.25,690.0,379.5,False,False,5,True
2025-11-09,Deira Depot,DEI,Household,Toilet Paper 4pk,38,15.0,8.25,570.0,313.5,False,False,6,True
2025-11-10,Deira Depot,DEI,Household,Toilet Paper 4pk,31,15.0,8.25,465.0,255.75,False,False,0,False
2025-11-11,Deira Depot,DEI,Household,Toilet Paper 4pk,23,15.0,8.25,345.0,189.75,False,False,1,False
2025-11-12,Deira Depot,DEI,Household,Toilet Paper 4pk,28,15.0,8.25,420.0,231.0,False,False,2,False
2025-11-13,Deira Depot,DEI,Household,Toilet Paper 4pk,33,15.0,8.25,495.0,272.25,False,False,3,False
2025-11-14,Deira Depot,DEI,Household,Toilet Paper 4pk,39,15.0,8.25,585.0,321.75,False,False,4,False
